started=2026-09-04T15:07:46+02:00
cwd=C:\Users\mg8285\Documents\PythonTestGround\DA_Price_Forecasting_Pipeline_DE_LU-main
command=C:\Users\mg8285\Documents\PythonTestGround\DA_Price_Forecasting_Pipeline_DE_LU-main\forecast\Scripts\python.exe C:\Users\mg8285\Documents\PythonTestGround\DA_Price_Forecasting_Pipeline_DE_LU-main\visualization\plot_exaa_epex_correlation.py
EXAA/EPEX DE-LU descriptive price correlation analysis
Delivery period: 2025-12-01 through 2026-07-31
Expected delivery days: 243
Matched delivery days: 243
Expected MTUs: 23324
EPEX missing MTUs: 0
EXAA missing MTUs: 0
Matched MTUs: 23324

               group  delivery_days  matched_mtus pearson spearman
   All delivery days            243         23324  0.9346   0.9586
    Tuesday–Saturday            174         16704  0.9601   0.9710
              Sunday             34          3260  0.9130   0.9495
              Monday             35          3360  0.8316   0.9008
Negative EPEX prices             71          1484  0.6975   0.7172
Saved: C:\Users\mg8285\Documents\PythonTestGround\DA_Price_Forecasting_Pipeline_DE_LU-main\output_extended_2025-12-01_2026-07-31\exaa_epex_price_correlations.csv
Saved: C:\Users\mg8285\Documents\PythonTestGround\DA_Price_Forecasting_Pipeline_DE_LU-main\output_extended_2025-12-01_2026-07-31\exaa_epex_price_correlations.pdf
finished=2026-09-04T15:07:52+02:00
status=success
