started=2026-08-18T13:35:55+02:00
cwd=C:\Users\mg8285\Documents\DA_Price_Forecasting_Pipeline_DE_LU-main
command=C:\Users\mg8285\Documents\DA_Price_Forecasting_Pipeline_DE_LU-main\forecast\Scripts\python.exe -m pipeline.lear.run_lear operational --config dwd_d56_c1_fundamental
Number of dropped rows (days): 6
X shape    : (359, 609)
Y shape    : (359, 96)
Date range : 2025-08-01 -> 2026-07-31
  2025-10-01  LassoCV  99.5s
  2025-10-02  LassoCV  114.2s
  2025-10-03  LassoCV  122.3s
  2025-10-04  LassoCV  115.0s
  2025-10-05  LassoCV  113.8s
  2025-10-06  LassoCV  113.5s
  2025-10-07  LassoCV  109.3s
  2025-10-08  LassoCV  111.7s
  2025-10-09  LassoCV  107.6s
  2025-10-10  LassoCV  104.1s
  2025-10-11  LassoCV  109.4s
  2025-10-12  LassoCV  106.1s
  2025-10-13  LassoCV  107.5s
  2025-10-14  LassoCV  98.6s
  2025-10-15  LassoCV  92.7s
  2025-10-16  LassoCV  91.8s
  2025-10-17  LassoCV  92.5s
  2025-10-18  LassoCV  90.7s
  2025-10-19  LassoCV  90.8s
  2025-10-20  LassoCV  88.1s
  2025-10-21  LassoCV  89.8s
  2025-10-22  LassoCV  84.2s
  2025-10-23  LassoCV  85.1s
  2025-10-24  LassoCV  86.0s
  2025-10-25  LassoCV  83.8s
  2025-10-30  LassoCV  74.4s
  2025-10-31  LassoCV  77.7s
  2025-11-01  LassoCV  79.1s
  2025-11-02  LassoCV  78.6s
  2025-11-03  LassoCV  83.1s
  2025-11-04  LassoCV  77.6s
  2025-11-05  LassoCV  81.9s
  2025-11-06  LassoCV  81.0s
  2025-11-07  LassoCV  82.8s
  2025-11-08  LassoCV  77.1s
  2025-11-09  LassoCV  78.7s
  2025-11-10  LassoCV  78.4s
  2025-11-11  LassoCV  79.0s
  2025-11-12  LassoCV  79.7s
  2025-11-13  LassoCV  76.3s
  2025-11-14  LassoCV  75.2s
  2025-11-15  LassoCV  74.1s
  2025-11-16  LassoCV  72.9s
  2025-11-17  LassoCV  73.8s
  2025-11-18  LassoCV  71.4s
  2025-11-19  LassoCV  73.8s
  2025-11-20  LassoCV  71.9s
  2025-11-21  LassoCV  72.4s
  2025-11-22  LassoCV  70.5s
  2025-11-23  LassoCV  72.1s
  2025-11-24  LassoCV  72.2s
  2025-11-25  LassoCV  67.7s
  2025-11-26  LassoCV  65.3s
  2025-11-27  LassoCV  67.1s
  2025-11-28  LassoCV  68.9s
  2025-11-29  LassoCV  68.1s
  2025-11-30  LassoCV  69.9s
  2025-12-01  LARS  56.8s
  2025-12-02  LARS  57.7s
  2025-12-03  LARS  56.5s
  2025-12-04  LARS  56.1s
  2025-12-05  LARS  56.0s
  2025-12-06  LARS  55.3s
  2025-12-07  LARS  56.3s
  2025-12-08  LARS  55.2s
  2025-12-09  LARS  58.1s
  2025-12-10  LARS  57.3s
  2025-12-11  LARS  55.0s
  2025-12-12  LARS  55.7s
  2025-12-13  LARS  55.6s
  2025-12-14  LARS  55.7s
  2025-12-15  LARS  58.2s
  2025-12-16  LARS  56.9s
  2025-12-17  LARS  57.9s
  2025-12-18  LARS  58.4s
  2025-12-19  LARS  57.4s
  2025-12-20  LARS  57.7s
  2025-12-21  LARS  56.0s
  2025-12-22  LARS  57.2s
  2025-12-23  LARS  56.3s
  2025-12-24  LARS  57.0s
  2025-12-25  LARS  58.8s
  2025-12-26  LARS  59.0s
  2025-12-27  LARS  58.6s
  2025-12-28  LARS  58.8s
  2025-12-29  LARS  58.4s
  2025-12-30  LARS  60.4s
  2025-12-31  LARS  58.7s
  2026-01-01  LARS  59.2s
  2026-01-02  LARS  58.6s
  2026-01-03  LARS  60.4s
  2026-01-04  LARS  61.3s
  2026-01-05  LARS  60.0s
  2026-01-06  LARS  58.6s
  2026-01-07  LARS  59.0s
  2026-01-08  LARS  60.8s
  2026-01-09  LARS  60.9s
  2026-01-10  LARS  60.6s
  2026-01-11  LARS  62.6s
  2026-01-12  LARS  63.5s
  2026-01-13  LARS  61.8s
  2026-01-14  LARS  60.8s
  2026-01-15  LARS  60.6s
  2026-01-16  LARS  60.6s
  2026-01-17  LARS  61.7s
  2026-01-18  LARS  62.0s
  2026-01-19  LARS  62.1s
  2026-01-20  LARS  60.9s
  2026-01-21  LARS  61.4s
  2026-01-23  LARS  59.7s
  2026-01-24  LARS  61.6s
  2026-01-25  LARS  62.4s
  2026-01-26  LARS  61.3s
  2026-01-27  LARS  61.7s
  2026-01-28  LARS  61.4s
  2026-01-29  LARS  64.3s
  2026-01-30  LARS  61.2s
  2026-01-31  LARS  63.1s
  2026-02-01  LARS  64.8s
  2026-02-02  LARS  64.8s
  2026-02-03  LARS  63.9s
  2026-02-04  LARS  61.1s
  2026-02-05  LARS  63.4s
  2026-02-06  LARS  62.6s
  2026-02-07  LARS  64.1s
  2026-02-08  LARS  65.1s
  2026-02-09  LARS  67.3s
  2026-02-10  LARS  65.9s
  2026-02-11  LARS  64.7s
  2026-02-12  LARS  67.0s
  2026-02-13  LARS  65.6s
  2026-02-14  LARS  63.5s
  2026-02-15  LARS  63.1s
  2026-02-16  LARS  63.3s
  2026-02-17  LARS  65.0s
  2026-02-18  LARS  61.3s
  2026-02-19  LARS  63.8s
  2026-02-20  LARS  65.2s
  2026-02-21  LARS  64.0s
  2026-02-22  LARS  64.4s
  2026-02-23  LARS  62.7s
  2026-02-24  LARS  63.3s
  2026-02-25  LARS  63.8s
  2026-02-26  LARS  62.9s
  2026-02-27  LARS  63.5s
  2026-02-28  LARS  64.6s
  2026-03-01  LARS  64.6s
  2026-03-02  LARS  65.3s
  2026-03-03  LARS  64.3s
  2026-03-04  LARS  64.0s
  2026-03-05  LARS  63.6s
  2026-03-06  LARS  65.8s
  2026-03-07  LARS  63.7s
  2026-03-08  LARS  64.8s
  2026-03-09  LARS  64.6s
  2026-03-10  LARS  63.5s
  2026-03-11  LARS  65.0s
  2026-03-12  LARS  65.3s
  2026-03-13  LARS  65.9s
  2026-03-14  LARS  66.3s
  2026-03-15  LARS  66.1s
  2026-03-16  LARS  66.3s
  2026-03-17  LARS  66.6s
  2026-03-18  LARS  65.1s
  2026-03-19  LARS  66.4s
  2026-03-20  LARS  67.5s
  2026-03-21  LARS  68.4s
  2026-03-22  LARS  67.8s
  2026-03-23  LARS  67.4s
  2026-03-24  LARS  68.8s
  2026-03-25  LARS  69.7s
  2026-03-26  LARS  67.7s
  2026-03-27  LARS  69.7s
  2026-03-28  LARS  67.9s
  2026-03-29  LARS  69.5s
  2026-03-30  LARS  69.1s
  2026-03-31  LARS  68.9s
  2026-04-01  LARS  70.1s
  2026-04-02  LARS  69.6s
  2026-04-03  LARS  69.0s
  2026-04-04  LARS  69.3s
  2026-04-05  LARS  70.0s
  2026-04-06  LARS  70.6s
  2026-04-07  LARS  68.8s
  2026-04-08  LARS  70.0s
  2026-04-09  LARS  70.8s
  2026-04-10  LARS  70.2s
  2026-04-11  LARS  68.5s
  2026-04-12  LARS  69.1s
  2026-04-13  LARS  70.6s
  2026-04-14  LARS  71.5s
  2026-04-15  LARS  69.0s
  2026-04-16  LARS  70.1s
  2026-04-17  LARS  68.1s
  2026-04-18  LARS  69.2s
  2026-04-19  LARS  69.6s
  2026-04-20  LARS  67.6s
  2026-04-21  LARS  70.5s
  2026-04-22  LARS  68.9s
  2026-04-23  LARS  69.4s
  2026-04-24  LARS  67.8s
  2026-04-25  LARS  69.7s
  2026-04-26  LARS  69.4s
  2026-04-27  LARS  69.5s
  2026-04-28  LARS  71.3s
  2026-04-29  LARS  68.4s
  2026-04-30  LARS  69.6s
  2026-05-01  LARS  71.1s
  2026-05-02  LARS  70.1s
  2026-05-03  LARS  71.0s
  2026-05-04  LARS  70.6s
  2026-05-05  LARS  69.4s
  2026-05-06  LARS  71.0s
  2026-05-07  LARS  69.7s
  2026-05-08  LARS  68.7s
  2026-05-09  LARS  69.3s
  2026-05-10  LARS  69.2s
  2026-05-11  LARS  68.2s
  2026-05-12  LARS  71.1s
  2026-05-13  LARS  70.7s
  2026-05-14  LARS  71.1s
  2026-05-15  LARS  69.9s
  2026-05-16  LARS  67.6s
  2026-05-17  LARS  68.9s
  2026-05-18  LARS  71.5s
  2026-05-19  LARS  70.3s
  2026-05-20  LARS  72.6s
  2026-05-21  LARS  70.9s
  2026-05-22  LARS  68.8s
  2026-05-23  LARS  70.6s
  2026-05-24  LARS  65.8s
  2026-05-25  LARS  70.7s
  2026-05-26  LARS  68.0s
  2026-05-27  LARS  72.6s
  2026-05-28  LARS  67.4s
  2026-05-29  LARS  70.6s
  2026-05-30  LARS  67.3s
  2026-05-31  LARS  71.1s
  2026-06-01  LARS  72.7s
  2026-06-02  LARS  70.8s
  2026-06-03  LARS  71.2s
  2026-06-04  LARS  71.1s
  2026-06-05  LARS  70.7s
  2026-06-06  LARS  70.2s
  2026-06-07  LARS  71.1s
  2026-06-08  LARS  68.6s
  2026-06-09  LARS  69.2s
  2026-06-10  LARS  68.5s
  2026-06-11  LARS  68.7s
  2026-06-13  LARS  68.3s
  2026-06-14  LARS  70.1s
  2026-06-15  LARS  70.0s
  2026-06-16  LARS  68.0s
  2026-06-17  LARS  69.6s
  2026-06-18  LARS  71.9s
  2026-06-19  LARS  70.0s
  2026-06-20  LARS  74.1s
  2026-06-21  LARS  69.4s
  2026-06-22  LARS  71.5s
  2026-06-23  LARS  71.2s
  2026-06-24  LARS  69.9s
  2026-06-25  LARS  69.2s
  2026-06-26  LARS  67.5s
  2026-06-27  LARS  66.5s
  2026-06-28  LARS  67.6s
  2026-06-29  LARS  66.5s
  2026-06-30  LARS  66.3s
  2026-07-01  LARS  69.8s
  2026-07-02  LARS  67.7s
  2026-07-03  LARS  66.9s
  2026-07-04  LARS  67.6s
  2026-07-05  LARS  68.3s
  2026-07-06  LARS  66.0s
  2026-07-07  LARS  68.9s
  2026-07-08  LARS  69.0s
  2026-07-09  LARS  65.4s
  2026-07-10  LARS  67.3s
  2026-07-11  LARS  66.2s
  2026-07-12  LARS  67.4s
  2026-07-13  LARS  68.8s
  2026-07-14  LARS  67.4s
  2026-07-15  LARS  67.2s
  2026-07-16  LARS  66.9s
  2026-07-17  LARS  70.0s
  2026-07-18  LARS  68.9s
  2026-07-19  LARS  72.4s
  2026-07-20  LARS  69.6s
  2026-07-21  LARS  70.0s
  2026-07-22  LARS  69.1s
  2026-07-23  LARS  67.7s
  2026-07-24  LARS  68.1s
  2026-07-25  LARS  69.3s
  2026-07-26  LARS  68.0s
  2026-07-27  LARS  69.5s
  2026-07-28  LARS  68.3s
  2026-07-29  LARS  67.4s
  2026-07-30  LARS  69.8s
  2026-07-31  LARS  68.8s
Observations  : 28608
Invalid preds : 0
MAE           : 18.170
RMSE          : 31.972
Bias          : -1.051
Saved: forecast | runtime | metrics | config  ->  \\iipsrv-file1.iip.kit.edu\synergie\Group_EDM\Moritz\Data\Forecast\Forecast_results\lear_op_results\dwd\d56\c1\fundamental
finished=2026-08-18T19:23:14+02:00
status=success
