started=2026-08-18T13:36:25+02:00
cwd=C:\Users\mg8285\Documents\DA_Price_Forecasting_Pipeline_DE_LU-main
command=C:\Users\mg8285\Documents\DA_Price_Forecasting_Pipeline_DE_LU-main\forecast\Scripts\python.exe -m pipeline.lear.run_lear operational --config dwd_d56_c25_fundamental
Number of dropped rows (days): 8
X shape    : (357, 5793)
Y shape    : (357, 96)
Date range : 2025-08-01 -> 2026-07-31
  2025-10-01  LassoCV  672.1s
  2025-10-02  LassoCV  673.3s
  2025-10-03  LassoCV  668.1s
  2025-10-04  LassoCV  670.3s
  2025-10-05  LassoCV  676.2s
  2025-10-06  LassoCV  676.1s
  2025-10-07  LassoCV  676.3s
  2025-10-08  LassoCV  684.4s
  2025-10-09  LassoCV  686.0s
  2025-10-10  LassoCV  680.1s
  2025-10-11  LassoCV  686.4s
  2025-10-12  LassoCV  691.2s
  2025-10-13  LassoCV  692.3s
  2025-10-14  LassoCV  702.9s
  2025-10-15  LassoCV  709.0s
  2025-10-16  LassoCV  706.8s
  2025-10-17  LassoCV  717.1s
  2025-10-18  LassoCV  724.2s
  2025-10-19  LassoCV  724.9s
  2025-10-20  LassoCV  724.5s
  2025-10-21  LassoCV  747.3s
  2025-10-22  LassoCV  739.7s
  2025-10-23  LassoCV  737.0s
  2025-10-24  LassoCV  747.7s
  2025-10-25  LassoCV  758.2s
  2025-10-30  LassoCV  735.5s
  2025-10-31  LassoCV  751.8s
  2025-11-01  LassoCV  765.0s
  2025-11-02  LassoCV  763.0s
  2025-11-03  LassoCV  801.7s
  2025-11-04  LassoCV  807.8s
  2025-11-05  LassoCV  789.0s
  2025-11-06  LassoCV  798.0s
  2025-11-07  LassoCV  800.6s
  2025-11-08  LassoCV  807.0s
  2025-11-09  LassoCV  816.3s
  2025-11-10  LassoCV  819.9s
  2025-11-11  LassoCV  824.4s
  2025-11-12  LassoCV  834.4s
  2025-11-13  LassoCV  832.2s
  2025-11-14  LassoCV  844.5s
  2025-11-15  LassoCV  852.2s
  2025-11-16  LassoCV  860.7s
  2025-11-17  LassoCV  865.6s
  2025-11-18  LassoCV  854.0s
  2025-11-19  LassoCV  865.4s
  2025-11-20  LassoCV  863.7s
  2025-11-21  LassoCV  879.0s
  2025-11-22  LassoCV  877.7s
  2025-11-23  LassoCV  874.3s
  2025-11-24  LassoCV  881.5s
  2025-11-25  LassoCV  855.8s
  2025-11-26  LassoCV  866.2s
  2025-11-27  LassoCV  861.0s
  2025-11-28  LassoCV  866.8s
  2025-11-29  LassoCV  860.0s
  2025-11-30  LassoCV  880.7s
  2025-12-01  LARS  928.0s
  2025-12-02  LARS  936.7s
  2025-12-03  LARS  924.3s
  2025-12-04  LARS  922.9s
  2025-12-05  LARS  925.3s
  2025-12-06  LARS  921.1s
  2025-12-07  LARS  935.1s
  2025-12-08  LARS  932.8s
  2025-12-09  LARS  949.0s
  2025-12-10  LARS  940.2s
  2025-12-11  LARS  957.0s
  2025-12-12  LARS  884.9s
  2025-12-13  LARS  829.3s
  2025-12-14  LARS  694.9s
  2025-12-15  LARS  689.3s
  2025-12-16  LARS  694.7s
  2025-12-17  LARS  693.8s
  2025-12-18  LARS  698.6s
  2025-12-19  LARS  703.9s
  2025-12-20  LARS  713.5s
  2025-12-21  LARS  703.9s
  2025-12-22  LARS  718.7s
  2025-12-23  LARS  725.1s
  2025-12-24  LARS  747.6s
  2025-12-25  LARS  748.1s
  2025-12-26  LARS  748.6s
  2025-12-27  LARS  747.5s
  2025-12-28  LARS  768.8s
  2025-12-29  LARS  761.5s
  2025-12-30  LARS  762.7s
  2025-12-31  LARS  765.3s
  2026-01-01  LARS  816.7s
  2026-01-02  LARS  1028.7s
  2026-01-03  LARS  1070.1s
  2026-01-04  LARS  1078.8s
  2026-01-05  LARS  1081.9s
  2026-01-06  LARS  1064.1s
  2026-01-07  LARS  1063.0s
  2026-01-08  LARS  1076.7s
  2026-01-09  LARS  1099.9s
  2026-01-10  LARS  1120.5s
  2026-01-11  LARS  1145.4s
  2026-01-12  LARS  1146.4s
  2026-01-13  LARS  1179.3s
  2026-01-14  LARS  1197.3s
  2026-01-15  LARS  1214.0s
  2026-01-16  LARS  1244.3s
  2026-01-17  LARS  1233.7s
  2026-01-18  LARS  1228.6s
  2026-01-19  LARS  1276.4s
  2026-01-20  LARS  1256.1s
  2026-01-21  LARS  1271.0s
  2026-01-23  LARS  1263.5s
  2026-01-24  LARS  1277.0s
  2026-01-25  LARS  1270.5s
  2026-01-26  LARS  1289.6s
  2026-01-27  LARS  1340.7s
  2026-01-28  LARS  1336.6s
  2026-01-29  LARS  1272.3s
  2026-01-30  LARS  1303.8s
  2026-01-31  LARS  1314.3s
  2026-02-01  LARS  1334.1s
  2026-02-02  LARS  1356.5s
  2026-02-03  LARS  1355.0s
  2026-02-04  LARS  1403.4s
  2026-02-05  LARS  1384.5s
  2026-02-06  LARS  1406.2s
  2026-02-07  LARS  1405.1s
  2026-02-08  LARS  1403.1s
  2026-02-09  LARS  1410.9s
  2026-02-10  LARS  1394.2s
  2026-02-11  LARS  1404.1s
  2026-02-12  LARS  1424.8s
  2026-02-13  LARS  1419.5s
  2026-02-14  LARS  1201.1s
  2026-02-15  LARS  977.6s
  2026-02-16  LARS  979.7s
  2026-02-17  LARS  980.5s
  2026-02-18  LARS  979.7s
  2026-02-19  LARS  982.8s
  2026-02-20  LARS  984.1s
  2026-02-21  LARS  990.8s
  2026-02-22  LARS  999.8s
  2026-02-23  LARS  1000.8s
  2026-02-24  LARS  1006.1s
  2026-02-25  LARS  1006.6s
  2026-02-27  LARS  1000.7s
  2026-02-28  LARS  995.8s
  2026-03-01  LARS  1003.4s
  2026-03-02  LARS  989.3s
  2026-03-03  LARS  996.5s
  2026-03-04  LARS  1031.4s
  2026-03-05  LARS  1001.6s
  2026-03-06  LARS  993.1s
  2026-03-07  LARS  1032.5s
  2026-03-08  LARS  1003.6s
  2026-03-09  LARS  1016.6s
  2026-03-10  LARS  1021.8s
  2026-03-11  LARS  1014.6s
  2026-03-12  LARS  1032.9s
  2026-03-13  LARS  1026.2s
  2026-03-14  LARS  1034.9s
  2026-03-15  LARS  1028.6s
  2026-03-16  LARS  1057.5s
  2026-03-17  LARS  1028.7s
  2026-03-18  LARS  1032.1s
  2026-03-19  LARS  1038.7s
  2026-03-20  LARS  1034.4s
  2026-03-21  LARS  1048.5s
  2026-03-22  LARS  1059.0s
  2026-03-23  LARS  1061.6s
  2026-03-24  LARS  1076.6s
  2026-03-25  LARS  1068.7s
  2026-03-26  LARS  1163.8s
  2026-03-27  LARS  1290.1s
  2026-03-28  LARS  1249.2s
  2026-03-29  LARS  1387.9s
  2026-03-30  LARS  1306.6s
  2026-03-31  LARS  1057.1s
  2026-04-01  LARS  1069.5s
  2026-04-02  LARS  1074.5s
  2026-04-03  LARS  1066.3s
  2026-04-04  LARS  1082.0s
  2026-04-05  LARS  1083.7s
  2026-04-06  LARS  1099.4s
  2026-04-07  LARS  1094.3s
  2026-04-08  LARS  1139.2s
  2026-04-09  LARS  1096.0s
  2026-04-10  LARS  1173.5s
  2026-04-11  LARS  1147.4s
  2026-04-12  LARS  1134.6s
  2026-04-13  LARS  1097.7s
  2026-04-14  LARS  1105.5s
  2026-04-15  LARS  1065.5s
  2026-04-16  LARS  899.9s
  2026-04-17  LARS  888.7s
  2026-04-18  LARS  880.3s
  2026-04-19  LARS  889.1s
  2026-04-20  LARS  873.3s
  2026-04-21  LARS  880.2s
  2026-04-22  LARS  872.4s
  2026-04-23  LARS  855.5s
  2026-04-24  LARS  876.4s
  2026-04-25  LARS  873.5s
  2026-04-26  LARS  883.4s
  2026-04-27  LARS  873.3s
  2026-04-28  LARS  878.7s
  2026-04-29  LARS  878.7s
  2026-04-30  LARS  870.3s
  2026-05-01  LARS  869.4s
  2026-05-02  LARS  870.2s
  2026-05-03  LARS  871.3s
  2026-05-04  LARS  872.3s
  2026-05-05  LARS  871.8s
  2026-05-06  LARS  879.8s
  2026-05-07  LARS  887.7s
  2026-05-08  LARS  888.8s
  2026-05-09  LARS  881.5s
  2026-05-10  LARS  884.9s
  2026-05-11  LARS  880.4s
  2026-05-12  LARS  873.7s
  2026-05-13  LARS  877.7s
  2026-05-14  LARS  877.5s
  2026-05-15  LARS  886.6s
  2026-05-16  LARS  876.8s
  2026-05-17  LARS  887.1s
  2026-05-18  LARS  880.7s
  2026-05-19  LARS  874.6s
  2026-05-20  LARS  864.5s
  2026-05-21  LARS  863.7s
  2026-05-22  LARS  857.1s
  2026-05-23  LARS  870.0s
  2026-05-24  LARS  856.3s
  2026-05-25  LARS  857.1s
  2026-05-26  LARS  860.7s
  2026-05-27  LARS  869.3s
  2026-05-28  LARS  865.7s
  2026-05-29  LARS  869.5s
  2026-05-30  LARS  854.6s
  2026-05-31  LARS  900.9s
  2026-06-01  LARS  868.7s
  2026-06-02  LARS  864.9s
  2026-06-03  LARS  854.1s
  2026-06-04  LARS  864.7s
  2026-06-05  LARS  869.1s
  2026-06-06  LARS  856.3s
  2026-06-07  LARS  858.6s
  2026-06-08  LARS  862.2s
  2026-06-09  LARS  854.8s
  2026-06-10  LARS  848.2s
  2026-06-11  LARS  849.6s
  2026-06-13  LARS  876.6s
  2026-06-14  LARS  862.1s
  2026-06-15  LARS  877.9s
  2026-06-16  LARS  873.0s
  2026-06-17  LARS  854.7s
  2026-06-18  LARS  852.6s
  2026-06-19  LARS  863.5s
  2026-06-20  LARS  856.4s
  2026-06-21  LARS  810.0s
  2026-06-22  LARS  860.7s
  2026-06-23  LARS  859.3s
  2026-06-24  LARS  861.5s
  2026-06-25  LARS  854.8s
  2026-06-26  LARS  851.3s
  2026-06-28  LARS  843.8s
  2026-06-29  LARS  881.1s
  2026-06-30  LARS  1016.1s
  2026-07-01  LARS  976.8s
  2026-07-02  LARS  943.5s
  2026-07-03  LARS  949.7s
  2026-07-04  LARS  957.4s
  2026-07-05  LARS  954.6s
  2026-07-06  LARS  881.4s
  2026-07-07  LARS  865.6s
  2026-07-08  LARS  862.5s
  2026-07-09  LARS  850.6s
  2026-07-10  LARS  849.5s
  2026-07-11  LARS  853.3s
  2026-07-12  LARS  850.6s
  2026-07-13  LARS  844.1s
  2026-07-14  LARS  847.5s
  2026-07-15  LARS  852.6s
  2026-07-16  LARS  855.4s
  2026-07-17  LARS  859.3s
  2026-07-18  LARS  849.4s
  2026-07-19  LARS  857.9s
  2026-07-20  LARS  859.7s
  2026-07-21  LARS  777.0s
  2026-07-22  LARS  760.0s
  2026-07-23  LARS  756.9s
  2026-07-24  LARS  757.8s
  2026-07-25  LARS  758.1s
  2026-07-26  LARS  751.9s
  2026-07-27  LARS  753.8s
  2026-07-28  LARS  753.3s
  2026-07-29  LARS  760.1s
  2026-07-30  LARS  758.5s
  2026-07-31  LARS  760.2s
Observations  : 28416
Invalid preds : 0
MAE           : 19.308
RMSE          : 37.186
Bias          : -2.943
Saved: forecast | runtime | metrics | config  ->  \\iipsrv-file1.iip.kit.edu\synergie\Group_EDM\Moritz\Data\Forecast\Forecast_results\lear_op_results\dwd\d56\c25\fundamental
finished=2026-08-21T18:40:19+02:00
status=success
