started=2026-08-18T13:35:29+02:00
cwd=C:\Users\mg8285\Documents\DA_Price_Forecasting_Pipeline_DE_LU-main
command=C:\Users\mg8285\Documents\DA_Price_Forecasting_Pipeline_DE_LU-main\forecast\Scripts\python.exe -m pipeline.lear.run_lear operational --config dwd_d56_c1_exaa
Number of dropped rows (days): 6
X shape    : (359, 705)
Y shape    : (359, 96)
Date range : 2025-08-01 -> 2026-07-31
  2025-10-01  LassoCV  49.7s
  2025-10-02  LassoCV  63.9s
  2025-10-03  LassoCV  62.5s
  2025-10-04  LassoCV  72.1s
  2025-10-05  LassoCV  69.4s
  2025-10-06  LassoCV  69.8s
  2025-10-07  LassoCV  70.9s
  2025-10-08  LassoCV  71.1s
  2025-10-09  LassoCV  69.5s
  2025-10-10  LassoCV  68.4s
  2025-10-11  LassoCV  67.4s
  2025-10-12  LassoCV  70.3s
  2025-10-13  LassoCV  70.3s
  2025-10-14  LassoCV  71.0s
  2025-10-15  LassoCV  70.3s
  2025-10-16  LassoCV  69.6s
  2025-10-17  LassoCV  69.6s
  2025-10-18  LassoCV  71.9s
  2025-10-19  LassoCV  70.9s
  2025-10-20  LassoCV  70.3s
  2025-10-21  LassoCV  71.8s
  2025-10-22  LassoCV  69.2s
  2025-10-23  LassoCV  72.2s
  2025-10-24  LassoCV  69.1s
  2025-10-25  LassoCV  68.0s
  2025-10-30  LassoCV  66.9s
  2025-10-31  LassoCV  68.5s
  2025-11-01  LassoCV  67.0s
  2025-11-02  LassoCV  68.1s
  2025-11-03  LassoCV  66.8s
  2025-11-04  LassoCV  69.4s
  2025-11-05  LassoCV  70.4s
  2025-11-06  LassoCV  66.8s
  2025-11-07  LassoCV  68.7s
  2025-11-08  LassoCV  67.5s
  2025-11-09  LassoCV  70.8s
  2025-11-10  LassoCV  68.0s
  2025-11-11  LassoCV  69.9s
  2025-11-12  LassoCV  71.8s
  2025-11-13  LassoCV  69.7s
  2025-11-14  LassoCV  69.8s
  2025-11-15  LassoCV  69.3s
  2025-11-16  LassoCV  71.1s
  2025-11-17  LassoCV  68.3s
  2025-11-18  LassoCV  68.2s
  2025-11-19  LassoCV  69.3s
  2025-11-20  LassoCV  66.9s
  2025-11-21  LassoCV  70.2s
  2025-11-22  LassoCV  71.3s
  2025-11-23  LassoCV  69.4s
  2025-11-24  LassoCV  69.4s
  2025-11-25  LassoCV  68.9s
  2025-11-26  LassoCV  69.9s
  2025-11-27  LassoCV  69.2s
  2025-11-28  LassoCV  68.7s
  2025-11-29  LassoCV  68.1s
  2025-11-30  LassoCV  68.9s
  2025-12-01  LARS  64.7s
  2025-12-02  LARS  66.0s
  2025-12-03  LARS  64.3s
  2025-12-04  LARS  67.7s
  2025-12-05  LARS  66.1s
  2025-12-06  LARS  65.3s
  2025-12-07  LARS  67.0s
  2025-12-08  LARS  65.2s
  2025-12-09  LARS  65.4s
  2025-12-10  LARS  65.7s
  2025-12-11  LARS  66.7s
  2025-12-12  LARS  65.0s
  2025-12-13  LARS  65.9s
  2025-12-14  LARS  63.5s
  2025-12-15  LARS  65.5s
  2025-12-16  LARS  65.9s
  2025-12-17  LARS  65.2s
  2025-12-18  LARS  66.0s
  2025-12-19  LARS  65.5s
  2025-12-20  LARS  65.1s
  2025-12-21  LARS  65.1s
  2025-12-22  LARS  65.2s
  2025-12-23  LARS  65.9s
  2025-12-24  LARS  67.0s
  2025-12-25  LARS  69.3s
  2025-12-26  LARS  69.6s
  2025-12-27  LARS  70.3s
  2025-12-28  LARS  68.2s
  2025-12-29  LARS  67.9s
  2025-12-30  LARS  69.5s
  2025-12-31  LARS  69.0s
  2026-01-01  LARS  68.1s
  2026-01-02  LARS  69.5s
  2026-01-03  LARS  66.9s
  2026-01-04  LARS  70.2s
  2026-01-05  LARS  71.5s
  2026-01-06  LARS  69.4s
  2026-01-07  LARS  68.8s
  2026-01-08  LARS  69.1s
  2026-01-09  LARS  68.1s
  2026-01-10  LARS  70.1s
  2026-01-11  LARS  71.4s
  2026-01-12  LARS  70.6s
  2026-01-13  LARS  71.6s
  2026-01-14  LARS  69.2s
  2026-01-15  LARS  70.4s
  2026-01-16  LARS  71.7s
  2026-01-17  LARS  68.5s
  2026-01-18  LARS  72.1s
  2026-01-19  LARS  71.5s
  2026-01-20  LARS  71.0s
  2026-01-21  LARS  69.0s
  2026-01-23  LARS  68.8s
  2026-01-24  LARS  72.9s
  2026-01-25  LARS  69.9s
  2026-01-26  LARS  70.7s
  2026-01-27  LARS  69.5s
  2026-01-28  LARS  72.5s
  2026-01-29  LARS  72.1s
  2026-01-30  LARS  70.2s
  2026-01-31  LARS  71.1s
  2026-02-01  LARS  72.0s
  2026-02-02  LARS  73.0s
  2026-02-03  LARS  72.5s
  2026-02-04  LARS  71.0s
  2026-02-05  LARS  69.9s
  2026-02-06  LARS  72.0s
  2026-02-07  LARS  70.5s
  2026-02-08  LARS  69.9s
  2026-02-09  LARS  68.9s
  2026-02-10  LARS  73.6s
  2026-02-11  LARS  74.8s
  2026-02-12  LARS  72.7s
  2026-02-13  LARS  74.5s
  2026-02-14  LARS  76.6s
  2026-02-15  LARS  73.1s
  2026-02-16  LARS  76.6s
  2026-02-17  LARS  73.6s
  2026-02-18  LARS  72.6s
  2026-02-19  LARS  72.2s
  2026-02-20  LARS  74.5s
  2026-02-21  LARS  73.8s
  2026-02-22  LARS  75.2s
  2026-02-23  LARS  76.0s
  2026-02-24  LARS  73.5s
  2026-02-25  LARS  74.7s
  2026-02-26  LARS  73.8s
  2026-02-27  LARS  72.9s
  2026-02-28  LARS  71.9s
  2026-03-01  LARS  72.2s
  2026-03-02  LARS  77.0s
  2026-03-03  LARS  78.3s
  2026-03-04  LARS  78.1s
  2026-03-05  LARS  75.8s
  2026-03-06  LARS  74.7s
  2026-03-07  LARS  73.8s
  2026-03-08  LARS  76.5s
  2026-03-09  LARS  70.8s
  2026-03-10  LARS  73.1s
  2026-03-11  LARS  72.0s
  2026-03-12  LARS  76.1s
  2026-03-13  LARS  73.2s
  2026-03-14  LARS  75.6s
  2026-03-15  LARS  75.9s
  2026-03-16  LARS  74.9s
  2026-03-17  LARS  74.7s
  2026-03-18  LARS  75.4s
  2026-03-19  LARS  75.9s
  2026-03-20  LARS  77.3s
  2026-03-21  LARS  75.0s
  2026-03-22  LARS  76.8s
  2026-03-23  LARS  77.3s
  2026-03-24  LARS  77.8s
  2026-03-25  LARS  75.8s
  2026-03-26  LARS  76.7s
  2026-03-27  LARS  76.2s
  2026-03-28  LARS  77.8s
  2026-03-29  LARS  77.6s
  2026-03-30  LARS  78.8s
  2026-03-31  LARS  78.4s
  2026-04-01  LARS  78.0s
  2026-04-02  LARS  78.9s
  2026-04-03  LARS  82.0s
  2026-04-04  LARS  81.2s
  2026-04-05  LARS  82.0s
  2026-04-06  LARS  80.8s
  2026-04-07  LARS  82.0s
  2026-04-08  LARS  80.8s
  2026-04-09  LARS  80.9s
  2026-04-10  LARS  78.9s
  2026-04-11  LARS  83.0s
  2026-04-12  LARS  79.4s
  2026-04-13  LARS  81.3s
  2026-04-14  LARS  82.0s
  2026-04-15  LARS  82.4s
  2026-04-16  LARS  84.6s
  2026-04-17  LARS  80.7s
  2026-04-18  LARS  80.3s
  2026-04-19  LARS  80.7s
  2026-04-20  LARS  85.7s
  2026-04-21  LARS  88.2s
  2026-04-22  LARS  84.4s
  2026-04-23  LARS  83.5s
  2026-04-24  LARS  84.7s
  2026-04-25  LARS  84.1s
  2026-04-26  LARS  81.6s
  2026-04-27  LARS  87.1s
  2026-04-28  LARS  79.3s
  2026-04-29  LARS  81.2s
  2026-04-30  LARS  81.8s
  2026-05-01  LARS  80.6s
  2026-05-02  LARS  80.9s
  2026-05-03  LARS  83.9s
  2026-05-04  LARS  84.7s
  2026-05-05  LARS  83.2s
  2026-05-06  LARS  84.7s
  2026-05-07  LARS  82.4s
  2026-05-08  LARS  83.6s
  2026-05-09  LARS  82.3s
  2026-05-10  LARS  82.1s
  2026-05-11  LARS  79.3s
  2026-05-12  LARS  80.2s
  2026-05-13  LARS  77.1s
  2026-05-14  LARS  83.7s
  2026-05-15  LARS  78.7s
  2026-05-16  LARS  79.4s
  2026-05-17  LARS  81.9s
  2026-05-18  LARS  80.5s
  2026-05-19  LARS  80.3s
  2026-05-20  LARS  80.5s
  2026-05-21  LARS  81.9s
  2026-05-22  LARS  83.1s
  2026-05-23  LARS  78.6s
  2026-05-24  LARS  78.1s
  2026-05-25  LARS  80.4s
  2026-05-26  LARS  80.8s
  2026-05-27  LARS  81.0s
  2026-05-28  LARS  78.8s
  2026-05-29  LARS  78.6s
  2026-05-30  LARS  81.5s
  2026-05-31  LARS  80.0s
  2026-06-01  LARS  76.9s
  2026-06-02  LARS  81.6s
  2026-06-03  LARS  81.1s
  2026-06-04  LARS  82.4s
  2026-06-05  LARS  81.4s
  2026-06-06  LARS  82.0s
  2026-06-07  LARS  81.6s
  2026-06-08  LARS  80.5s
  2026-06-09  LARS  79.6s
  2026-06-10  LARS  80.6s
  2026-06-11  LARS  75.4s
  2026-06-13  LARS  77.9s
  2026-06-14  LARS  77.4s
  2026-06-15  LARS  79.6s
  2026-06-16  LARS  79.7s
  2026-06-17  LARS  78.4s
  2026-06-18  LARS  78.3s
  2026-06-19  LARS  79.7s
  2026-06-20  LARS  76.7s
  2026-06-21  LARS  80.6s
  2026-06-22  LARS  78.6s
  2026-06-23  LARS  80.2s
  2026-06-24  LARS  77.4s
  2026-06-25  LARS  79.4s
  2026-06-26  LARS  81.4s
  2026-06-27  LARS  78.9s
  2026-06-28  LARS  80.0s
  2026-06-29  LARS  79.4s
  2026-06-30  LARS  79.8s
  2026-07-01  LARS  76.8s
  2026-07-02  LARS  78.8s
  2026-07-03  LARS  80.0s
  2026-07-04  LARS  76.7s
  2026-07-05  LARS  79.8s
  2026-07-06  LARS  79.8s
  2026-07-07  LARS  80.7s
  2026-07-08  LARS  79.6s
  2026-07-09  LARS  80.5s
  2026-07-10  LARS  78.3s
  2026-07-11  LARS  81.1s
  2026-07-12  LARS  80.3s
  2026-07-13  LARS  82.4s
  2026-07-14  LARS  86.2s
  2026-07-15  LARS  88.4s
  2026-07-16  LARS  89.2s
  2026-07-17  LARS  87.9s
  2026-07-18  LARS  89.2s
  2026-07-19  LARS  90.7s
  2026-07-20  LARS  85.0s
  2026-07-21  LARS  87.3s
  2026-07-22  LARS  89.3s
  2026-07-23  LARS  87.0s
  2026-07-24  LARS  88.5s
  2026-07-25  LARS  88.2s
  2026-07-26  LARS  89.7s
  2026-07-27  LARS  90.1s
  2026-07-28  LARS  87.6s
  2026-07-29  LARS  91.4s
  2026-07-30  LARS  87.7s
  2026-07-31  LARS  91.0s
Observations  : 28608
Invalid preds : 0
MAE           : 11.605
RMSE          : 21.386
Bias          : -0.260
Saved: forecast | runtime | metrics | config  ->  \\iipsrv-file1.iip.kit.edu\synergie\Group_EDM\Moritz\Data\Forecast\Forecast_results\lear_op_results\dwd\d56\c1\exaa
finished=2026-08-18T19:50:35+02:00
status=success
