started=2026-08-18T13:36:33+02:00
cwd=C:\Users\mg8285\Documents\DA_Price_Forecasting_Pipeline_DE_LU-main
command=C:\Users\mg8285\Documents\DA_Price_Forecasting_Pipeline_DE_LU-main\forecast\Scripts\python.exe -m pipeline.lear.run_lear operational --config dwd_d56_c25_exaa
Number of dropped rows (days): 8
X shape    : (357, 5889)
Y shape    : (357, 96)
Date range : 2025-08-01 -> 2026-07-31
  2025-10-01  LassoCV  601.5s
  2025-10-02  LassoCV  609.5s
  2025-10-03  LassoCV  613.6s
  2025-10-04  LassoCV  615.7s
  2025-10-05  LassoCV  624.0s
  2025-10-06  LassoCV  623.7s
  2025-10-07  LassoCV  629.2s
  2025-10-08  LassoCV  637.1s
  2025-10-09  LassoCV  624.7s
  2025-10-10  LassoCV  625.3s
  2025-10-11  LassoCV  633.7s
  2025-10-12  LassoCV  639.5s
  2025-10-13  LassoCV  641.6s
  2025-10-14  LassoCV  642.0s
  2025-10-15  LassoCV  663.5s
  2025-10-16  LassoCV  695.4s
  2025-10-17  LassoCV  688.3s
  2025-10-18  LassoCV  697.6s
  2025-10-19  LassoCV  689.1s
  2025-10-20  LassoCV  692.4s
  2025-10-21  LassoCV  702.8s
  2025-10-22  LassoCV  712.6s
  2025-10-23  LassoCV  711.5s
  2025-10-24  LassoCV  716.5s
  2025-10-25  LassoCV  720.2s
  2025-10-30  LassoCV  719.7s
  2025-10-31  LassoCV  718.2s
  2025-11-01  LassoCV  717.1s
  2025-11-02  LassoCV  729.8s
  2025-11-03  LassoCV  725.3s
  2025-11-04  LassoCV  746.3s
  2025-11-05  LassoCV  771.1s
  2025-11-06  LassoCV  785.9s
  2025-11-07  LassoCV  762.9s
  2025-11-08  LassoCV  776.4s
  2025-11-09  LassoCV  762.7s
  2025-11-10  LassoCV  773.3s
  2025-11-11  LassoCV  786.1s
  2025-11-12  LassoCV  789.2s
  2025-11-13  LassoCV  783.7s
  2025-11-14  LassoCV  781.9s
  2025-11-15  LassoCV  795.5s
  2025-11-16  LassoCV  793.2s
  2025-11-17  LassoCV  807.6s
  2025-11-18  LassoCV  803.3s
  2025-11-19  LassoCV  818.7s
  2025-11-20  LassoCV  815.6s
  2025-11-21  LassoCV  824.0s
  2025-11-22  LassoCV  819.7s
  2025-11-23  LassoCV  826.5s
  2025-11-24  LassoCV  829.7s
  2025-11-25  LassoCV  834.2s
  2025-11-26  LassoCV  835.0s
  2025-11-27  LassoCV  822.6s
  2025-11-28  LassoCV  819.0s
  2025-11-29  LassoCV  841.0s
  2025-11-30  LassoCV  847.3s
  2025-12-01  LARS  894.3s
  2025-12-02  LARS  900.1s
  2025-12-03  LARS  902.4s
  2025-12-04  LARS  898.3s
  2025-12-05  LARS  903.8s
  2025-12-06  LARS  907.2s
  2025-12-07  LARS  887.9s
  2025-12-08  LARS  898.0s
  2025-12-09  LARS  902.3s
  2025-12-10  LARS  917.1s
  2025-12-11  LARS  910.6s
  2025-12-12  LARS  936.4s
  2025-12-13  LARS  913.6s
  2025-12-14  LARS  938.8s
  2025-12-15  LARS  889.4s
  2025-12-16  LARS  826.7s
  2025-12-17  LARS  716.7s
  2025-12-18  LARS  699.4s
  2025-12-19  LARS  701.3s
  2025-12-20  LARS  698.1s
  2025-12-21  LARS  706.7s
  2025-12-22  LARS  717.0s
  2025-12-23  LARS  724.6s
  2025-12-24  LARS  722.9s
  2025-12-25  LARS  737.5s
  2025-12-26  LARS  726.4s
  2025-12-27  LARS  756.1s
  2025-12-28  LARS  747.2s
  2025-12-29  LARS  758.2s
  2025-12-30  LARS  767.7s
  2025-12-31  LARS  770.6s
  2026-01-01  LARS  764.4s
  2026-01-02  LARS  761.1s
  2026-01-03  LARS  770.4s
  2026-01-04  LARS  852.2s
  2026-01-05  LARS  1030.2s
  2026-01-06  LARS  1048.7s
  2026-01-07  LARS  1057.2s
  2026-01-08  LARS  1058.4s
  2026-01-09  LARS  1060.8s
  2026-01-10  LARS  1059.8s
  2026-01-11  LARS  1073.0s
  2026-01-12  LARS  1079.2s
  2026-01-13  LARS  1104.6s
  2026-01-14  LARS  1146.7s
  2026-01-15  LARS  1133.3s
  2026-01-16  LARS  1144.0s
  2026-01-17  LARS  1179.1s
  2026-01-18  LARS  1186.7s
  2026-01-19  LARS  1191.7s
  2026-01-20  LARS  1216.2s
  2026-01-21  LARS  1195.2s
  2026-01-23  LARS  1212.0s
  2026-01-24  LARS  1219.5s
  2026-01-25  LARS  1220.1s
  2026-01-26  LARS  1241.1s
  2026-01-27  LARS  1228.1s
  2026-01-28  LARS  1249.4s
  2026-01-29  LARS  1255.9s
  2026-01-30  LARS  1270.2s
  2026-01-31  LARS  1287.9s
  2026-02-01  LARS  1245.9s
  2026-02-02  LARS  1259.7s
  2026-02-03  LARS  1256.7s
  2026-02-04  LARS  1275.9s
  2026-02-05  LARS  1288.8s
  2026-02-06  LARS  1291.5s
  2026-02-07  LARS  1294.8s
  2026-02-08  LARS  1329.9s
  2026-02-09  LARS  1328.2s
  2026-02-10  LARS  1342.2s
  2026-02-11  LARS  1333.5s
  2026-02-12  LARS  1336.6s
  2026-02-13  LARS  1354.2s
  2026-02-14  LARS  1352.6s
  2026-02-15  LARS  1343.5s
  2026-02-16  LARS  1370.4s
  2026-02-17  LARS  1366.3s
  2026-02-18  LARS  1230.1s
  2026-02-19  LARS  968.5s
  2026-02-20  LARS  983.3s
  2026-02-21  LARS  964.1s
  2026-02-22  LARS  971.8s
  2026-02-23  LARS  970.5s
  2026-02-24  LARS  975.7s
  2026-02-25  LARS  990.4s
  2026-02-27  LARS  973.6s
  2026-02-28  LARS  977.1s
  2026-03-01  LARS  976.3s
  2026-03-02  LARS  974.8s
  2026-03-03  LARS  989.1s
  2026-03-04  LARS  970.8s
  2026-03-05  LARS  981.5s
  2026-03-06  LARS  982.4s
  2026-03-07  LARS  981.5s
  2026-03-08  LARS  1019.7s
  2026-03-09  LARS  991.1s
  2026-03-10  LARS  993.0s
  2026-03-11  LARS  1018.2s
  2026-03-12  LARS  998.3s
  2026-03-13  LARS  1004.5s
  2026-03-14  LARS  1013.6s
  2026-03-15  LARS  1005.2s
  2026-03-16  LARS  1004.1s
  2026-03-17  LARS  1000.8s
  2026-03-18  LARS  997.2s
  2026-03-19  LARS  1009.1s
  2026-03-20  LARS  1029.6s
  2026-03-21  LARS  1033.8s
  2026-03-22  LARS  1019.9s
  2026-03-23  LARS  1030.9s
  2026-03-24  LARS  1016.7s
  2026-03-25  LARS  1007.6s
  2026-03-26  LARS  982.7s
  2026-03-27  LARS  967.0s
  2026-03-28  LARS  943.7s
  2026-03-29  LARS  918.2s
  2026-03-30  LARS  904.5s
  2026-03-31  LARS  935.2s
  2026-04-01  LARS  1064.4s
  2026-04-02  LARS  1095.4s
  2026-04-03  LARS  1052.4s
  2026-04-04  LARS  1157.5s
  2026-04-05  LARS  1152.7s
  2026-04-06  LARS  924.1s
  2026-04-07  LARS  913.7s
  2026-04-08  LARS  916.5s
  2026-04-09  LARS  878.8s
  2026-04-10  LARS  863.8s
  2026-04-11  LARS  853.1s
  2026-04-12  LARS  841.8s
  2026-04-13  LARS  840.0s
  2026-04-14  LARS  853.0s
  2026-04-15  LARS  848.5s
  2026-04-16  LARS  898.0s
  2026-04-17  LARS  906.3s
  2026-04-18  LARS  932.8s
  2026-04-19  LARS  1002.8s
  2026-04-20  LARS  1002.0s
  2026-04-21  LARS  996.4s
  2026-04-22  LARS  1000.9s
  2026-04-23  LARS  1010.3s
  2026-04-24  LARS  1007.1s
  2026-04-25  LARS  882.2s
  2026-04-26  LARS  856.3s
  2026-04-27  LARS  861.9s
  2026-04-28  LARS  861.9s
  2026-04-29  LARS  879.6s
  2026-04-30  LARS  857.8s
  2026-05-01  LARS  867.9s
  2026-05-02  LARS  855.0s
  2026-05-03  LARS  853.6s
  2026-05-04  LARS  859.7s
  2026-05-05  LARS  855.8s
  2026-05-06  LARS  857.9s
  2026-05-07  LARS  860.1s
  2026-05-08  LARS  859.4s
  2026-05-09  LARS  858.5s
  2026-05-10  LARS  852.2s
  2026-05-11  LARS  845.7s
  2026-05-12  LARS  845.6s
  2026-05-13  LARS  847.4s
  2026-05-14  LARS  853.4s
  2026-05-15  LARS  856.2s
  2026-05-16  LARS  852.2s
  2026-05-17  LARS  851.8s
  2026-05-18  LARS  851.5s
  2026-05-19  LARS  860.0s
  2026-05-20  LARS  855.5s
  2026-05-21  LARS  849.9s
  2026-05-22  LARS  839.5s
  2026-05-23  LARS  843.6s
  2026-05-24  LARS  844.2s
  2026-05-25  LARS  851.6s
  2026-05-26  LARS  844.7s
  2026-05-27  LARS  854.3s
  2026-05-28  LARS  849.1s
  2026-05-29  LARS  846.6s
  2026-05-30  LARS  841.1s
  2026-05-31  LARS  850.8s
  2026-06-01  LARS  848.7s
  2026-06-02  LARS  850.3s
  2026-06-03  LARS  843.6s
  2026-06-04  LARS  844.8s
  2026-06-05  LARS  843.2s
  2026-06-06  LARS  855.8s
  2026-06-07  LARS  847.6s
  2026-06-08  LARS  849.7s
  2026-06-09  LARS  849.7s
  2026-06-10  LARS  849.1s
  2026-06-11  LARS  888.4s
  2026-06-13  LARS  854.8s
  2026-06-14  LARS  843.7s
  2026-06-15  LARS  846.6s
  2026-06-16  LARS  855.0s
  2026-06-17  LARS  841.0s
  2026-06-18  LARS  845.5s
  2026-06-19  LARS  856.1s
  2026-06-20  LARS  850.0s
  2026-06-21  LARS  837.3s
  2026-06-22  LARS  844.0s
  2026-06-23  LARS  873.5s
  2026-06-24  LARS  863.6s
  2026-06-25  LARS  853.1s
  2026-06-26  LARS  876.3s
  2026-06-28  LARS  854.0s
  2026-06-29  LARS  848.3s
  2026-06-30  LARS  854.2s
  2026-07-01  LARS  855.7s
  2026-07-02  LARS  844.8s
  2026-07-03  LARS  824.5s
  2026-07-04  LARS  852.6s
  2026-07-05  LARS  849.5s
  2026-07-06  LARS  827.6s
  2026-07-07  LARS  851.0s
  2026-07-08  LARS  852.1s
  2026-07-09  LARS  852.9s
  2026-07-10  LARS  930.8s
  2026-07-11  LARS  1007.6s
  2026-07-12  LARS  940.4s
  2026-07-13  LARS  940.1s
  2026-07-14  LARS  944.1s
  2026-07-15  LARS  945.6s
  2026-07-16  LARS  953.8s
  2026-07-17  LARS  847.5s
  2026-07-18  LARS  855.0s
  2026-07-19  LARS  850.9s
  2026-07-20  LARS  847.8s
  2026-07-21  LARS  854.0s
  2026-07-22  LARS  856.6s
  2026-07-23  LARS  848.6s
  2026-07-24  LARS  842.4s
  2026-07-25  LARS  837.2s
  2026-07-26  LARS  856.4s
  2026-07-27  LARS  850.7s
  2026-07-28  LARS  845.8s
  2026-07-29  LARS  849.7s
  2026-07-30  LARS  859.4s
  2026-07-31  LARS  847.6s
Observations  : 28416
Invalid preds : 0
MAE           : 12.303
RMSE          : 22.940
Bias          : -0.910
Saved: forecast | runtime | metrics | config  ->  \\iipsrv-file1.iip.kit.edu\synergie\Group_EDM\Moritz\Data\Forecast\Forecast_results\lear_op_results\dwd\d56\c25\exaa
finished=2026-08-21T16:23:25+02:00
status=success
