started=2026-08-19T09:05:42+02:00
cwd=C:\Users\mg8285\Documents\DA_Price_Forecasting_Pipeline_DE_LU-main
command=C:\Users\mg8285\Documents\DA_Price_Forecasting_Pipeline_DE_LU-main\forecast\Scripts\python.exe -m pipeline.lear.run_lear operational --config dwd_d56_c5_fundamental
Number of dropped rows (days): 7
X shape    : (358, 1473)
Y shape    : (358, 96)
Date range : 2025-08-01 -> 2026-07-31
  2025-10-01  LassoCV  183.2s
  2025-10-02  LassoCV  190.5s
  2025-10-03  LassoCV  191.3s
  2025-10-04  LassoCV  189.8s
  2025-10-05  LassoCV  185.2s
  2025-10-06  LassoCV  191.6s
  2025-10-07  LassoCV  190.6s
  2025-10-08  LassoCV  194.4s
  2025-10-09  LassoCV  186.7s
  2025-10-10  LassoCV  189.5s
  2025-10-11  LassoCV  190.5s
  2025-10-12  LassoCV  186.2s
  2025-10-13  LassoCV  183.8s
  2025-10-14  LassoCV  177.2s
  2025-10-15  LassoCV  175.0s
  2025-10-16  LassoCV  174.7s
  2025-10-17  LassoCV  177.2s
  2025-10-18  LassoCV  180.4s
  2025-10-19  LassoCV  179.4s
  2025-10-20  LassoCV  176.8s
  2025-10-21  LassoCV  177.5s
  2025-10-22  LassoCV  175.8s
  2025-10-23  LassoCV  176.0s
  2025-10-24  LassoCV  175.5s
  2025-10-25  LassoCV  179.4s
  2025-10-30  LassoCV  161.0s
  2025-10-31  LassoCV  165.0s
  2025-11-01  LassoCV  164.5s
  2025-11-02  LassoCV  165.2s
  2025-11-03  LassoCV  171.0s
  2025-11-04  LassoCV  163.5s
  2025-11-05  LassoCV  169.5s
  2025-11-06  LassoCV  170.8s
  2025-11-07  LassoCV  170.8s
  2025-11-08  LassoCV  174.5s
  2025-11-09  LassoCV  174.2s
  2025-11-10  LassoCV  174.9s
  2025-11-11  LassoCV  173.2s
  2025-11-12  LassoCV  177.3s
  2025-11-13  LassoCV  172.0s
  2025-11-14  LassoCV  163.7s
  2025-11-15  LassoCV  163.1s
  2025-11-16  LassoCV  158.9s
  2025-11-17  LassoCV  159.2s
  2025-11-18  LassoCV  161.6s
  2025-11-19  LassoCV  163.8s
  2025-11-20  LassoCV  161.2s
  2025-11-21  LassoCV  164.8s
  2025-11-22  LassoCV  163.3s
  2025-11-23  LassoCV  161.8s
  2025-11-24  LassoCV  163.2s
  2025-11-25  LassoCV  157.6s
  2025-11-26  LassoCV  153.3s
  2025-11-27  LassoCV  157.0s
  2025-11-28  LassoCV  157.4s
  2025-11-29  LassoCV  160.2s
  2025-11-30  LassoCV  164.3s
  2025-12-01  LARS  145.0s
  2025-12-02  LARS  148.2s
  2025-12-03  LARS  146.6s
  2025-12-04  LARS  143.4s
  2025-12-05  LARS  149.4s
  2025-12-06  LARS  144.6s
  2025-12-07  LARS  146.0s
  2025-12-08  LARS  146.9s
  2025-12-09  LARS  142.5s
  2025-12-10  LARS  144.0s
  2025-12-11  LARS  147.6s
  2025-12-12  LARS  145.3s
  2025-12-13  LARS  141.2s
  2025-12-14  LARS  145.7s
  2025-12-15  LARS  146.2s
  2025-12-16  LARS  148.6s
  2025-12-17  LARS  153.4s
  2025-12-18  LARS  155.7s
  2025-12-19  LARS  159.0s
  2025-12-20  LARS  161.5s
  2025-12-21  LARS  156.0s
  2025-12-22  LARS  159.1s
  2025-12-23  LARS  163.2s
  2025-12-24  LARS  165.9s
  2025-12-25  LARS  169.8s
  2025-12-26  LARS  174.9s
  2025-12-27  LARS  171.3s
  2025-12-28  LARS  174.5s
  2025-12-29  LARS  167.1s
  2025-12-30  LARS  169.7s
  2025-12-31  LARS  170.5s
  2026-01-01  LARS  168.5s
  2026-01-02  LARS  170.4s
  2026-01-03  LARS  172.1s
  2026-01-04  LARS  178.6s
  2026-01-05  LARS  177.7s
  2026-01-06  LARS  175.5s
  2026-01-07  LARS  176.5s
  2026-01-08  LARS  172.9s
  2026-01-09  LARS  178.5s
  2026-01-10  LARS  173.1s
  2026-01-11  LARS  171.4s
  2026-01-12  LARS  173.8s
  2026-01-13  LARS  177.8s
  2026-01-14  LARS  181.1s
  2026-01-15  LARS  180.6s
  2026-01-16  LARS  178.9s
  2026-01-17  LARS  184.3s
  2026-01-18  LARS  183.5s
  2026-01-19  LARS  185.6s
  2026-01-20  LARS  186.2s
  2026-01-21  LARS  186.5s
  2026-01-23  LARS  181.6s
  2026-01-24  LARS  180.4s
  2026-01-25  LARS  183.5s
  2026-01-26  LARS  184.7s
  2026-01-27  LARS  180.3s
  2026-01-28  LARS  182.1s
  2026-01-29  LARS  183.8s
  2026-01-30  LARS  190.5s
  2026-01-31  LARS  189.8s
  2026-02-01  LARS  187.8s
  2026-02-02  LARS  189.0s
  2026-02-03  LARS  186.1s
  2026-02-04  LARS  184.1s
  2026-02-05  LARS  185.4s
  2026-02-06  LARS  183.9s
  2026-02-07  LARS  191.3s
  2026-02-08  LARS  187.9s
  2026-02-09  LARS  190.1s
  2026-02-10  LARS  192.0s
  2026-02-11  LARS  189.1s
  2026-02-12  LARS  187.3s
  2026-02-13  LARS  184.3s
  2026-02-14  LARS  186.4s
  2026-02-15  LARS  185.3s
  2026-02-16  LARS  189.4s
  2026-02-17  LARS  184.6s
  2026-02-18  LARS  188.3s
  2026-02-19  LARS  185.2s
  2026-02-20  LARS  184.9s
  2026-02-21  LARS  181.8s
  2026-02-22  LARS  184.0s
  2026-02-23  LARS  180.5s
  2026-02-24  LARS  182.7s
  2026-02-25  LARS  185.7s
  2026-02-26  LARS  187.6s
  2026-02-27  LARS  179.3s
  2026-02-28  LARS  185.1s
  2026-03-01  LARS  188.2s
  2026-03-02  LARS  185.1s
  2026-03-03  LARS  184.9s
  2026-03-04  LARS  183.2s
  2026-03-05  LARS  181.8s
  2026-03-06  LARS  186.3s
  2026-03-07  LARS  179.6s
  2026-03-08  LARS  183.1s
  2026-03-09  LARS  180.6s
  2026-03-10  LARS  182.0s
  2026-03-11  LARS  190.5s
  2026-03-12  LARS  183.8s
  2026-03-13  LARS  186.7s
  2026-03-14  LARS  190.9s
  2026-03-15  LARS  185.5s
  2026-03-16  LARS  188.4s
  2026-03-17  LARS  190.5s
  2026-03-18  LARS  193.8s
  2026-03-19  LARS  193.4s
  2026-03-20  LARS  190.9s
  2026-03-21  LARS  200.3s
  2026-03-22  LARS  200.6s
  2026-03-23  LARS  204.2s
  2026-03-24  LARS  199.1s
  2026-03-25  LARS  196.0s
  2026-03-26  LARS  198.1s
  2026-03-27  LARS  198.5s
  2026-03-28  LARS  193.7s
  2026-03-29  LARS  195.6s
  2026-03-30  LARS  179.4s
  2026-03-31  LARS  180.7s
  2026-04-01  LARS  176.2s
  2026-04-02  LARS  181.5s
  2026-04-03  LARS  180.3s
  2026-04-04  LARS  183.1s
  2026-04-05  LARS  187.5s
  2026-04-06  LARS  184.5s
  2026-04-07  LARS  187.2s
  2026-04-08  LARS  185.1s
  2026-04-09  LARS  181.8s
  2026-04-10  LARS  182.6s
  2026-04-11  LARS  184.2s
  2026-04-12  LARS  178.4s
  2026-04-13  LARS  181.5s
  2026-04-14  LARS  184.6s
  2026-04-15  LARS  177.3s
  2026-04-16  LARS  184.3s
  2026-04-17  LARS  187.9s
  2026-04-18  LARS  179.7s
  2026-04-19  LARS  185.0s
  2026-04-20  LARS  187.1s
  2026-04-21  LARS  185.5s
  2026-04-22  LARS  183.3s
  2026-04-23  LARS  185.1s
  2026-04-24  LARS  185.7s
  2026-04-25  LARS  182.6s
  2026-04-26  LARS  182.0s
  2026-04-27  LARS  184.5s
  2026-04-28  LARS  181.4s
  2026-04-29  LARS  185.0s
  2026-04-30  LARS  179.0s
  2026-05-01  LARS  179.5s
  2026-05-02  LARS  182.7s
  2026-05-03  LARS  181.2s
  2026-05-04  LARS  183.1s
  2026-05-05  LARS  182.0s
  2026-05-06  LARS  182.3s
  2026-05-07  LARS  185.3s
  2026-05-08  LARS  185.7s
  2026-05-09  LARS  182.8s
  2026-05-10  LARS  184.4s
  2026-05-11  LARS  181.1s
  2026-05-12  LARS  184.1s
  2026-05-13  LARS  190.9s
  2026-05-14  LARS  187.4s
  2026-05-15  LARS  191.1s
  2026-05-16  LARS  196.0s
  2026-05-17  LARS  192.6s
  2026-05-18  LARS  193.6s
  2026-05-19  LARS  196.1s
  2026-05-20  LARS  191.2s
  2026-05-21  LARS  188.0s
  2026-05-22  LARS  193.5s
  2026-05-23  LARS  197.2s
  2026-05-24  LARS  188.3s
  2026-05-25  LARS  190.9s
  2026-05-26  LARS  192.1s
  2026-05-27  LARS  195.6s
  2026-05-28  LARS  192.3s
  2026-05-29  LARS  188.7s
  2026-05-30  LARS  196.4s
  2026-05-31  LARS  192.4s
  2026-06-01  LARS  198.5s
  2026-06-02  LARS  192.4s
  2026-06-03  LARS  195.5s
  2026-06-04  LARS  193.9s
  2026-06-05  LARS  194.6s
  2026-06-06  LARS  191.5s
  2026-06-07  LARS  195.7s
  2026-06-08  LARS  187.2s
  2026-06-09  LARS  188.8s
  2026-06-10  LARS  184.1s
  2026-06-11  LARS  186.2s
  2026-06-13  LARS  185.5s
  2026-06-14  LARS  181.3s
  2026-06-15  LARS  185.2s
  2026-06-16  LARS  183.4s
  2026-06-17  LARS  184.7s
  2026-06-18  LARS  185.1s
  2026-06-19  LARS  189.5s
  2026-06-20  LARS  187.2s
  2026-06-21  LARS  188.2s
  2026-06-22  LARS  185.8s
  2026-06-23  LARS  184.9s
  2026-06-24  LARS  185.1s
  2026-06-25  LARS  188.3s
  2026-06-26  LARS  188.7s
  2026-06-27  LARS  184.6s
  2026-06-28  LARS  183.7s
  2026-06-29  LARS  184.9s
  2026-06-30  LARS  177.5s
  2026-07-01  LARS  181.5s
  2026-07-02  LARS  179.6s
  2026-07-03  LARS  184.1s
  2026-07-04  LARS  182.4s
  2026-07-05  LARS  186.3s
  2026-07-06  LARS  183.6s
  2026-07-07  LARS  179.9s
  2026-07-08  LARS  188.5s
  2026-07-09  LARS  182.6s
  2026-07-10  LARS  180.9s
  2026-07-11  LARS  177.3s
  2026-07-12  LARS  180.7s
  2026-07-13  LARS  183.8s
  2026-07-14  LARS  187.4s
  2026-07-15  LARS  186.0s
  2026-07-16  LARS  182.4s
  2026-07-17  LARS  187.0s
  2026-07-18  LARS  190.4s
  2026-07-19  LARS  186.8s
  2026-07-20  LARS  184.5s
  2026-07-21  LARS  185.4s
  2026-07-22  LARS  183.2s
  2026-07-23  LARS  188.7s
  2026-07-24  LARS  177.6s
  2026-07-25  LARS  183.7s
  2026-07-26  LARS  183.4s
  2026-07-27  LARS  193.7s
  2026-07-28  LARS  185.5s
  2026-07-29  LARS  183.3s
  2026-07-30  LARS  179.9s
  2026-07-31  LARS  173.9s
Observations  : 28608
Invalid preds : 0
MAE           : 18.093
RMSE          : 31.590
Bias          : -1.712
Saved: forecast | runtime | metrics | config  ->  \\iipsrv-file1.iip.kit.edu\synergie\Group_EDM\Moritz\Data\Forecast\Forecast_results\lear_op_results\dwd\d56\c5\fundamental
finished=2026-08-20T00:01:53+02:00
status=success
