started=2026-08-19T09:05:34+02:00
cwd=C:\Users\mg8285\Documents\DA_Price_Forecasting_Pipeline_DE_LU-main
command=C:\Users\mg8285\Documents\DA_Price_Forecasting_Pipeline_DE_LU-main\forecast\Scripts\python.exe -m pipeline.lear.run_lear operational --config dwd_d56_c5_exaa
Number of dropped rows (days): 7
X shape    : (358, 1569)
Y shape    : (358, 96)
Date range : 2025-08-01 -> 2026-07-31
  2025-10-01  LassoCV  147.9s
  2025-10-02  LassoCV  151.1s
  2025-10-03  LassoCV  150.9s
  2025-10-04  LassoCV  149.8s
  2025-10-05  LassoCV  147.9s
  2025-10-06  LassoCV  148.9s
  2025-10-07  LassoCV  152.3s
  2025-10-08  LassoCV  151.9s
  2025-10-09  LassoCV  152.4s
  2025-10-10  LassoCV  153.7s
  2025-10-11  LassoCV  153.4s
  2025-10-12  LassoCV  150.2s
  2025-10-13  LassoCV  150.8s
  2025-10-14  LassoCV  153.1s
  2025-10-15  LassoCV  152.2s
  2025-10-16  LassoCV  156.5s
  2025-10-17  LassoCV  153.8s
  2025-10-18  LassoCV  155.9s
  2025-10-19  LassoCV  153.8s
  2025-10-20  LassoCV  152.9s
  2025-10-21  LassoCV  157.3s
  2025-10-22  LassoCV  157.2s
  2025-10-23  LassoCV  157.0s
  2025-10-24  LassoCV  159.4s
  2025-10-25  LassoCV  159.9s
  2025-10-30  LassoCV  146.6s
  2025-10-31  LassoCV  148.2s
  2025-11-01  LassoCV  148.8s
  2025-11-02  LassoCV  148.1s
  2025-11-03  LassoCV  151.3s
  2025-11-04  LassoCV  153.5s
  2025-11-05  LassoCV  154.3s
  2025-11-06  LassoCV  150.9s
  2025-11-07  LassoCV  155.2s
  2025-11-08  LassoCV  153.5s
  2025-11-09  LassoCV  152.8s
  2025-11-10  LassoCV  155.1s
  2025-11-11  LassoCV  156.0s
  2025-11-12  LassoCV  153.7s
  2025-11-13  LassoCV  155.1s
  2025-11-14  LassoCV  154.0s
  2025-11-15  LassoCV  156.1s
  2025-11-16  LassoCV  154.1s
  2025-11-17  LassoCV  153.4s
  2025-11-18  LassoCV  154.9s
  2025-11-19  LassoCV  153.1s
  2025-11-20  LassoCV  152.8s
  2025-11-21  LassoCV  147.8s
  2025-11-22  LassoCV  148.2s
  2025-11-23  LassoCV  144.7s
  2025-11-24  LassoCV  144.2s
  2025-11-25  LassoCV  148.8s
  2025-11-26  LassoCV  146.5s
  2025-11-27  LassoCV  148.9s
  2025-11-28  LassoCV  145.2s
  2025-11-29  LassoCV  150.9s
  2025-11-30  LassoCV  152.7s
  2025-12-01  LARS  150.1s
  2025-12-02  LARS  153.0s
  2025-12-03  LARS  150.7s
  2025-12-04  LARS  150.6s
  2025-12-05  LARS  150.7s
  2025-12-06  LARS  152.8s
  2025-12-07  LARS  151.3s
  2025-12-08  LARS  152.0s
  2025-12-09  LARS  155.2s
  2025-12-10  LARS  153.3s
  2025-12-11  LARS  155.6s
  2025-12-12  LARS  154.9s
  2025-12-13  LARS  155.1s
  2025-12-14  LARS  154.6s
  2025-12-15  LARS  154.7s
  2025-12-16  LARS  154.1s
  2025-12-17  LARS  154.7s
  2025-12-18  LARS  154.3s
  2025-12-19  LARS  157.2s
  2025-12-20  LARS  152.6s
  2025-12-21  LARS  154.8s
  2025-12-22  LARS  157.4s
  2025-12-23  LARS  158.6s
  2025-12-24  LARS  165.3s
  2025-12-25  LARS  177.0s
  2025-12-26  LARS  181.5s
  2025-12-27  LARS  176.9s
  2025-12-28  LARS  179.1s
  2025-12-29  LARS  178.5s
  2025-12-30  LARS  184.7s
  2025-12-31  LARS  180.4s
  2026-01-01  LARS  182.2s
  2026-01-02  LARS  184.2s
  2026-01-03  LARS  178.9s
  2026-01-04  LARS  174.5s
  2026-01-05  LARS  180.8s
  2026-01-06  LARS  180.8s
  2026-01-07  LARS  182.4s
  2026-01-08  LARS  179.5s
  2026-01-09  LARS  184.5s
  2026-01-10  LARS  181.4s
  2026-01-11  LARS  184.7s
  2026-01-12  LARS  185.7s
  2026-01-13  LARS  182.7s
  2026-01-14  LARS  188.9s
  2026-01-15  LARS  187.2s
  2026-01-16  LARS  192.3s
  2026-01-17  LARS  184.3s
  2026-01-18  LARS  188.6s
  2026-01-19  LARS  188.3s
  2026-01-20  LARS  189.6s
  2026-01-21  LARS  187.8s
  2026-01-23  LARS  186.5s
  2026-01-24  LARS  186.9s
  2026-01-25  LARS  184.8s
  2026-01-26  LARS  187.9s
  2026-01-27  LARS  189.7s
  2026-01-28  LARS  187.0s
  2026-01-29  LARS  186.0s
  2026-01-30  LARS  190.7s
  2026-01-31  LARS  194.3s
  2026-02-01  LARS  188.4s
  2026-02-02  LARS  191.1s
  2026-02-03  LARS  194.4s
  2026-02-04  LARS  193.0s
  2026-02-05  LARS  191.6s
  2026-02-06  LARS  192.5s
  2026-02-07  LARS  190.9s
  2026-02-08  LARS  193.1s
  2026-02-09  LARS  190.2s
  2026-02-10  LARS  192.8s
  2026-02-11  LARS  195.2s
  2026-02-12  LARS  194.2s
  2026-02-13  LARS  196.8s
  2026-02-14  LARS  194.7s
  2026-02-15  LARS  196.7s
  2026-02-16  LARS  193.2s
  2026-02-17  LARS  193.3s
  2026-02-18  LARS  191.5s
  2026-02-19  LARS  190.6s
  2026-02-20  LARS  193.4s
  2026-02-21  LARS  194.5s
  2026-02-22  LARS  196.4s
  2026-02-23  LARS  192.9s
  2026-02-24  LARS  193.4s
  2026-02-25  LARS  190.4s
  2026-02-26  LARS  189.7s
  2026-02-27  LARS  191.9s
  2026-02-28  LARS  189.3s
  2026-03-01  LARS  195.2s
  2026-03-02  LARS  192.4s
  2026-03-03  LARS  195.1s
  2026-03-04  LARS  188.7s
  2026-03-05  LARS  192.9s
  2026-03-06  LARS  192.8s
  2026-03-07  LARS  190.1s
  2026-03-08  LARS  189.3s
  2026-03-09  LARS  188.1s
  2026-03-10  LARS  187.7s
  2026-03-11  LARS  190.1s
  2026-03-12  LARS  188.8s
  2026-03-13  LARS  189.3s
  2026-03-14  LARS  190.5s
  2026-03-15  LARS  184.4s
  2026-03-16  LARS  188.4s
  2026-03-17  LARS  190.4s
  2026-03-18  LARS  184.4s
  2026-03-19  LARS  189.9s
  2026-03-20  LARS  200.4s
  2026-03-21  LARS  201.9s
  2026-03-22  LARS  199.3s
  2026-03-23  LARS  195.8s
  2026-03-24  LARS  203.3s
  2026-03-25  LARS  200.5s
  2026-03-26  LARS  203.3s
  2026-03-27  LARS  201.0s
  2026-03-28  LARS  200.1s
  2026-03-29  LARS  204.6s
  2026-03-30  LARS  197.0s
  2026-03-31  LARS  195.5s
  2026-04-01  LARS  198.9s
  2026-04-02  LARS  179.2s
  2026-04-03  LARS  186.8s
  2026-04-04  LARS  175.1s
  2026-04-05  LARS  188.5s
  2026-04-06  LARS  176.3s
  2026-04-07  LARS  190.7s
  2026-04-08  LARS  186.2s
  2026-04-09  LARS  184.8s
  2026-04-10  LARS  185.9s
  2026-04-11  LARS  180.6s
  2026-04-12  LARS  184.4s
  2026-04-13  LARS  181.7s
  2026-04-14  LARS  181.8s
  2026-04-15  LARS  182.7s
  2026-04-16  LARS  182.0s
  2026-04-17  LARS  185.8s
  2026-04-18  LARS  179.4s
  2026-04-19  LARS  186.9s
  2026-04-20  LARS  190.7s
  2026-04-21  LARS  185.6s
  2026-04-22  LARS  187.6s
  2026-04-23  LARS  188.5s
  2026-04-24  LARS  186.9s
  2026-04-25  LARS  185.2s
  2026-04-26  LARS  182.9s
  2026-04-27  LARS  186.0s
  2026-04-28  LARS  184.3s
  2026-04-29  LARS  185.8s
  2026-04-30  LARS  183.8s
  2026-05-01  LARS  184.8s
  2026-05-02  LARS  187.4s
  2026-05-03  LARS  184.5s
  2026-05-04  LARS  184.2s
  2026-05-05  LARS  188.0s
  2026-05-06  LARS  185.9s
  2026-05-07  LARS  185.9s
  2026-05-08  LARS  187.3s
  2026-05-09  LARS  186.8s
  2026-05-10  LARS  187.3s
  2026-05-11  LARS  184.4s
  2026-05-12  LARS  183.7s
  2026-05-13  LARS  185.4s
  2026-05-14  LARS  190.0s
  2026-05-15  LARS  187.9s
  2026-05-16  LARS  190.2s
  2026-05-17  LARS  190.1s
  2026-05-18  LARS  194.6s
  2026-05-19  LARS  199.1s
  2026-05-20  LARS  196.1s
  2026-05-21  LARS  195.5s
  2026-05-22  LARS  193.5s
  2026-05-23  LARS  194.1s
  2026-05-24  LARS  191.9s
  2026-05-25  LARS  197.4s
  2026-05-26  LARS  200.5s
  2026-05-27  LARS  202.3s
  2026-05-28  LARS  197.6s
  2026-05-29  LARS  198.7s
  2026-05-30  LARS  196.9s
  2026-05-31  LARS  195.4s
  2026-06-01  LARS  194.6s
  2026-06-02  LARS  193.7s
  2026-06-03  LARS  201.4s
  2026-06-04  LARS  198.1s
  2026-06-05  LARS  194.8s
  2026-06-06  LARS  197.6s
  2026-06-07  LARS  197.2s
  2026-06-08  LARS  194.1s
  2026-06-09  LARS  197.3s
  2026-06-10  LARS  194.0s
  2026-06-11  LARS  188.0s
  2026-06-13  LARS  189.9s
  2026-06-14  LARS  189.6s
  2026-06-15  LARS  187.7s
  2026-06-16  LARS  192.8s
  2026-06-17  LARS  188.0s
  2026-06-18  LARS  187.1s
  2026-06-19  LARS  190.3s
  2026-06-20  LARS  192.3s
  2026-06-21  LARS  191.3s
  2026-06-22  LARS  189.7s
  2026-06-23  LARS  191.6s
  2026-06-24  LARS  187.7s
  2026-06-25  LARS  189.4s
  2026-06-26  LARS  192.5s
  2026-06-27  LARS  191.3s
  2026-06-28  LARS  194.1s
  2026-06-29  LARS  190.4s
  2026-06-30  LARS  190.9s
  2026-07-01  LARS  189.5s
  2026-07-02  LARS  186.1s
  2026-07-03  LARS  189.2s
  2026-07-04  LARS  188.3s
  2026-07-05  LARS  195.3s
  2026-07-06  LARS  193.4s
  2026-07-07  LARS  193.2s
  2026-07-08  LARS  186.4s
  2026-07-09  LARS  190.6s
  2026-07-10  LARS  187.9s
  2026-07-11  LARS  186.2s
  2026-07-12  LARS  190.1s
  2026-07-13  LARS  187.4s
  2026-07-14  LARS  191.4s
  2026-07-15  LARS  190.1s
  2026-07-16  LARS  187.4s
  2026-07-17  LARS  188.5s
  2026-07-18  LARS  194.4s
  2026-07-19  LARS  192.2s
  2026-07-20  LARS  192.4s
  2026-07-21  LARS  187.3s
  2026-07-22  LARS  192.7s
  2026-07-23  LARS  190.4s
  2026-07-24  LARS  187.5s
  2026-07-25  LARS  188.2s
  2026-07-26  LARS  189.1s
  2026-07-27  LARS  188.5s
  2026-07-28  LARS  190.4s
  2026-07-29  LARS  192.6s
  2026-07-30  LARS  186.7s
  2026-07-31  LARS  192.8s
Observations  : 28608
Invalid preds : 0
MAE           : 11.809
RMSE          : 21.536
Bias          : -0.516
Saved: forecast | runtime | metrics | config  ->  \\iipsrv-file1.iip.kit.edu\synergie\Group_EDM\Moritz\Data\Forecast\Forecast_results\lear_op_results\dwd\d56\c5\exaa
finished=2026-08-20T00:00:34+02:00
status=success
