started=2026-08-12T14:11:36+02:00
cwd=C:\Users\mg8285\Documents\DA_Price_Forecasting_Pipeline_DE_LU-main
command=C:\Users\mg8285\Documents\DA_Price_Forecasting_Pipeline_DE_LU-main\forecast\Scripts\python.exe -m pipeline.lear.run_lear operational --config era5_d112_c5_fundamental
Number of dropped rows (days): 1
X shape    : (666, 633)
Y shape    : (666, 96)
Date range : 2024-10-03 -> 2026-07-31
  2025-10-01  LassoCV  283.3s
  2025-10-02  LassoCV  273.1s
  2025-10-03  LassoCV  262.2s
  2025-10-04  LassoCV  260.4s
  2025-10-05  LassoCV  247.2s
  2025-10-06  LassoCV  229.0s
  2025-10-07  LassoCV  229.8s
  2025-10-08  LassoCV  231.8s
  2025-10-09  LassoCV  224.2s
  2025-10-10  LassoCV  221.8s
  2025-10-11  LassoCV  223.0s
  2025-10-12  LassoCV  225.7s
  2025-10-13  LassoCV  229.9s
  2025-10-14  LassoCV  211.9s
  2025-10-15  LassoCV  201.9s
  2025-10-16  LassoCV  208.9s
  2025-10-17  LassoCV  199.2s
  2025-10-18  LassoCV  193.8s
  2025-10-19  LassoCV  185.8s
  2025-10-20  LassoCV  184.9s
  2025-10-21  LassoCV  176.4s
  2025-10-22  LassoCV  179.4s
  2025-10-23  LassoCV  177.7s
  2025-10-24  LassoCV  171.2s
  2025-10-25  LassoCV  169.4s
  2025-10-26  LassoCV  166.6s
  2025-10-27  LassoCV  160.8s
  2025-10-28  LassoCV  163.5s
  2025-10-29  LassoCV  160.9s
  2025-10-30  LassoCV  158.8s
  2025-10-31  LassoCV  151.5s
  2025-11-01  LassoCV  144.5s
  2025-11-02  LassoCV  152.2s
  2025-11-03  LassoCV  155.2s
  2025-11-04  LassoCV  152.7s
  2025-11-05  LassoCV  152.4s
  2025-11-06  LassoCV  149.0s
  2025-11-07  LassoCV  146.9s
  2025-11-08  LassoCV  152.1s
  2025-11-09  LassoCV  143.7s
  2025-11-10  LassoCV  142.8s
  2025-11-11  LassoCV  141.0s
  2025-11-12  LassoCV  143.0s
  2025-11-13  LassoCV  141.7s
  2025-11-14  LassoCV  141.8s
  2025-11-15  LassoCV  141.8s
  2025-11-16  LassoCV  138.9s
  2025-11-17  LassoCV  143.6s
  2025-11-18  LassoCV  137.0s
  2025-11-19  LassoCV  134.1s
  2025-11-20  LassoCV  136.1s
  2025-11-21  LassoCV  134.9s
  2025-11-22  LassoCV  132.8s
  2025-11-23  LassoCV  130.7s
  2025-11-24  LassoCV  135.4s
  2025-11-25  LassoCV  139.2s
  2025-11-26  LassoCV  135.7s
  2025-11-27  LassoCV  132.1s
  2025-11-28  LassoCV  133.9s
  2025-11-29  LassoCV  132.8s
  2025-11-30  LassoCV  134.6s
  2025-12-01  LARS  184.2s
  2025-12-02  LARS  184.0s
  2025-12-03  LARS  188.4s
  2025-12-04  LARS  184.3s
  2025-12-05  LARS  188.4s
  2025-12-06  LARS  191.3s
  2025-12-07  LARS  176.4s
  2025-12-08  LARS  175.9s
  2025-12-09  LARS  176.3s
  2025-12-10  LARS  175.0s
  2025-12-11  LARS  175.5s
  2025-12-12  LARS  173.6s
  2025-12-13  LARS  174.2s
  2025-12-14  LARS  169.4s
  2025-12-15  LARS  167.0s
  2025-12-16  LARS  165.3s
  2025-12-17  LARS  166.4s
  2025-12-18  LARS  163.5s
  2025-12-19  LARS  168.8s
  2025-12-20  LARS  164.6s
  2025-12-21  LARS  164.2s
  2025-12-22  LARS  164.8s
  2025-12-23  LARS  164.7s
  2025-12-24  LARS  166.5s
  2025-12-25  LARS  162.9s
  2025-12-26  LARS  157.9s
  2025-12-27  LARS  165.6s
  2025-12-28  LARS  166.0s
  2025-12-29  LARS  163.4s
  2025-12-30  LARS  165.1s
  2025-12-31  LARS  158.2s
  2026-01-01  LARS  161.6s
  2026-01-02  LARS  160.7s
  2026-01-03  LARS  165.3s
  2026-01-04  LARS  163.0s
  2026-01-05  LARS  167.0s
  2026-01-06  LARS  162.8s
  2026-01-07  LARS  162.2s
  2026-01-08  LARS  159.0s
  2026-01-09  LARS  161.3s
  2026-01-10  LARS  161.7s
  2026-01-11  LARS  162.5s
  2026-01-12  LARS  160.1s
  2026-01-13  LARS  165.6s
  2026-01-14  LARS  160.8s
  2026-01-15  LARS  161.1s
  2026-01-16  LARS  163.9s
  2026-01-17  LARS  158.0s
  2026-01-18  LARS  162.2s
  2026-01-19  LARS  159.9s
  2026-01-20  LARS  163.1s
  2026-01-21  LARS  160.8s
  2026-01-23  LARS  158.9s
  2026-01-24  LARS  156.8s
  2026-01-25  LARS  152.3s
  2026-01-26  LARS  157.4s
  2026-01-27  LARS  161.7s
  2026-01-28  LARS  158.2s
  2026-01-29  LARS  149.5s
  2026-01-30  LARS  151.6s
  2026-01-31  LARS  157.6s
  2026-02-01  LARS  158.4s
  2026-02-02  LARS  162.8s
  2026-02-03  LARS  163.5s
  2026-02-04  LARS  165.8s
  2026-02-05  LARS  167.7s
  2026-02-06  LARS  163.0s
  2026-02-07  LARS  160.7s
  2026-02-08  LARS  165.0s
  2026-02-09  LARS  164.0s
  2026-02-10  LARS  166.3s
  2026-02-11  LARS  174.1s
  2026-02-12  LARS  170.9s
  2026-02-13  LARS  171.0s
  2026-02-14  LARS  164.7s
  2026-02-15  LARS  163.4s
  2026-02-16  LARS  156.9s
  2026-02-17  LARS  172.0s
  2026-02-18  LARS  163.7s
  2026-02-19  LARS  167.7s
  2026-02-20  LARS  168.4s
  2026-02-21  LARS  163.5s
  2026-02-22  LARS  167.1s
  2026-02-23  LARS  166.2s
  2026-02-24  LARS  167.5s
  2026-02-25  LARS  174.9s
  2026-02-26  LARS  172.7s
  2026-02-27  LARS  173.2s
  2026-02-28  LARS  179.7s
  2026-03-01  LARS  177.9s
  2026-03-02  LARS  181.7s
  2026-03-03  LARS  183.1s
  2026-03-04  LARS  181.6s
  2026-03-05  LARS  183.1s
  2026-03-06  LARS  183.2s
  2026-03-07  LARS  177.1s
  2026-03-08  LARS  171.6s
  2026-03-09  LARS  160.4s
  2026-03-10  LARS  173.5s
  2026-03-11  LARS  173.9s
  2026-03-12  LARS  161.7s
  2026-03-13  LARS  162.9s
  2026-03-14  LARS  177.4s
  2026-03-15  LARS  189.6s
  2026-03-16  LARS  182.6s
  2026-03-17  LARS  176.6s
  2026-03-18  LARS  185.3s
  2026-03-19  LARS  183.2s
  2026-03-20  LARS  184.0s
  2026-03-21  LARS  187.2s
  2026-03-22  LARS  178.4s
  2026-03-23  LARS  196.1s
  2026-03-24  LARS  203.7s
  2026-03-25  LARS  187.2s
  2026-03-26  LARS  179.9s
  2026-03-27  LARS  196.1s
  2026-03-28  LARS  203.7s
  2026-03-29  LARS  193.2s
  2026-03-30  LARS  191.9s
  2026-03-31  LARS  194.1s
  2026-04-01  LARS  198.9s
  2026-04-02  LARS  198.2s
  2026-04-03  LARS  194.8s
  2026-04-04  LARS  193.6s
  2026-04-05  LARS  162.4s
  2026-04-06  LARS  201.4s
  2026-04-07  LARS  196.4s
  2026-04-08  LARS  196.2s
  2026-04-09  LARS  196.7s
  2026-04-10  LARS  194.3s
  2026-04-11  LARS  195.8s
  2026-04-12  LARS  194.2s
  2026-04-13  LARS  198.5s
  2026-04-14  LARS  203.5s
  2026-04-15  LARS  202.0s
  2026-04-16  LARS  199.3s
  2026-04-17  LARS  199.2s
  2026-04-18  LARS  196.1s
  2026-04-19  LARS  186.7s
  2026-04-20  LARS  195.0s
  2026-04-21  LARS  206.1s
  2026-04-22  LARS  190.4s
  2026-04-23  LARS  186.3s
  2026-04-24  LARS  194.1s
  2026-04-25  LARS  189.6s
  2026-04-26  LARS  182.3s
  2026-04-27  LARS  176.9s
  2026-04-28  LARS  175.9s
  2026-04-29  LARS  169.5s
  2026-04-30  LARS  156.5s
  2026-05-01  LARS  163.3s
  2026-05-02  LARS  164.1s
  2026-05-03  LARS  151.8s
  2026-05-04  LARS  174.6s
  2026-05-05  LARS  170.2s
  2026-05-06  LARS  168.6s
  2026-05-07  LARS  166.0s
  2026-05-08  LARS  174.7s
  2026-05-09  LARS  175.8s
  2026-05-10  LARS  179.0s
  2026-05-11  LARS  169.3s
  2026-05-12  LARS  182.9s
  2026-05-13  LARS  183.0s
  2026-05-14  LARS  192.8s
  2026-05-15  LARS  197.8s
  2026-05-16  LARS  195.0s
  2026-05-17  LARS  197.8s
  2026-05-18  LARS  199.8s
  2026-05-19  LARS  194.0s
  2026-05-20  LARS  191.7s
  2026-05-21  LARS  200.4s
  2026-05-22  LARS  195.7s
  2026-05-23  LARS  194.8s
  2026-05-24  LARS  192.8s
  2026-05-25  LARS  192.0s
  2026-05-26  LARS  192.1s
  2026-05-27  LARS  194.9s
  2026-05-28  LARS  192.8s
  2026-05-29  LARS  193.5s
  2026-05-30  LARS  195.2s
  2026-05-31  LARS  188.7s
  2026-06-01  LARS  194.9s
  2026-06-02  LARS  197.1s
  2026-06-03  LARS  198.5s
  2026-06-04  LARS  185.2s
  2026-06-05  LARS  183.0s
  2026-06-06  LARS  162.6s
  2026-06-07  LARS  159.6s
  2026-06-08  LARS  161.5s
  2026-06-09  LARS  159.3s
  2026-06-10  LARS  188.3s
  2026-06-11  LARS  194.7s
  2026-06-13  LARS  225.8s
  2026-06-14  LARS  229.3s
  2026-06-15  LARS  216.4s
  2026-06-16  LARS  228.4s
  2026-06-17  LARS  213.7s
  2026-06-18  LARS  225.1s
  2026-06-19  LARS  235.3s
  2026-06-20  LARS  234.2s
  2026-06-21  LARS  224.5s
  2026-06-22  LARS  227.4s
  2026-06-23  LARS  230.3s
  2026-06-24  LARS  223.3s
  2026-06-25  LARS  227.1s
  2026-06-26  LARS  220.6s
  2026-06-27  LARS  229.1s
  2026-06-28  LARS  226.1s
  2026-06-29  LARS  233.5s
  2026-06-30  LARS  233.7s
  2026-07-01  LARS  232.4s
  2026-07-02  LARS  227.1s
  2026-07-03  LARS  216.6s
  2026-07-04  LARS  227.4s
  2026-07-05  LARS  226.4s
  2026-07-06  LARS  218.4s
  2026-07-07  LARS  229.4s
  2026-07-08  LARS  223.8s
  2026-07-09  LARS  231.1s
  2026-07-10  LARS  227.1s
  2026-07-11  LARS  223.1s
  2026-07-12  LARS  233.0s
  2026-07-13  LARS  240.8s
  2026-07-14  LARS  233.6s
  2026-07-15  LARS  306.1s
  2026-07-16  LARS  285.9s
  2026-07-17  LARS  294.9s
  2026-07-18  LARS  304.1s
  2026-07-19  LARS  315.6s
  2026-07-20  LARS  317.3s
  2026-07-21  LARS  290.4s
  2026-07-22  LARS  306.4s
  2026-07-23  LARS  289.8s
  2026-07-24  LARS  289.9s
  2026-07-25  LARS  298.7s
  2026-07-26  LARS  295.5s
  2026-07-27  LARS  301.1s
  2026-07-28  LARS  296.2s
  2026-07-29  LARS  301.6s
  2026-07-30  LARS  309.2s
  2026-07-31  LARS  293.1s
Observations  : 28992
Invalid preds : 0
MAE           : 17.905
RMSE          : 37.130
Bias          : -1.500
Saved: forecast | runtime | metrics | config  ->  \\iipsrv-file1.iip.kit.edu\synergie\Group_EDM\Moritz\Data\Forecast\Forecast_results\lear_op_results\era5\d112\c5\fundamental
finished=2026-08-13T19:15:16+02:00
status=success
