started=2026-08-11T02:14:27+02:00
cwd=C:\Users\mg8285\Documents\DA_Price_Forecasting_Pipeline_DE_LU-main
command=C:\Users\mg8285\Documents\DA_Price_Forecasting_Pipeline_DE_LU-main\forecast\Scripts\python.exe -m pipeline.lear.run_lear operational --config era5_d112_c1_exaa
Number of dropped rows (days): 1
X shape    : (666, 537)
Y shape    : (666, 96)
Date range : 2024-10-03 -> 2026-07-31
  2025-10-01  LassoCV  95.2s
  2025-10-02  LassoCV  99.4s
  2025-10-03  LassoCV  93.5s
  2025-10-04  LassoCV  95.3s
  2025-10-05  LassoCV  88.3s
  2025-10-06  LassoCV  85.9s
  2025-10-07  LassoCV  94.0s
  2025-10-08  LassoCV  89.1s
  2025-10-09  LassoCV  91.9s
  2025-10-10  LassoCV  87.2s
  2025-10-11  LassoCV  90.4s
  2025-10-12  LassoCV  97.9s
  2025-10-13  LassoCV  91.9s
  2025-10-14  LassoCV  92.3s
  2025-10-15  LassoCV  86.2s
  2025-10-16  LassoCV  86.4s
  2025-10-17  LassoCV  93.4s
  2025-10-18  LassoCV  88.6s
  2025-10-19  LassoCV  90.6s
  2025-10-20  LassoCV  85.2s
  2025-10-21  LassoCV  82.8s
  2025-10-22  LassoCV  86.6s
  2025-10-23  LassoCV  84.0s
  2025-10-24  LassoCV  84.2s
  2025-10-25  LassoCV  85.2s
  2025-10-26  LassoCV  81.1s
  2025-10-27  LassoCV  76.8s
  2025-10-28  LassoCV  86.1s
  2025-10-29  LassoCV  77.6s
  2025-10-30  LassoCV  79.1s
  2025-10-31  LassoCV  82.0s
  2025-11-01  LassoCV  76.0s
  2025-11-02  LassoCV  77.9s
  2025-11-03  LassoCV  84.0s
  2025-11-04  LassoCV  78.9s
  2025-11-05  LassoCV  78.9s
  2025-11-06  LassoCV  78.3s
  2025-11-07  LassoCV  75.6s
  2025-11-08  LassoCV  82.8s
  2025-11-09  LassoCV  85.0s
  2025-11-10  LassoCV  78.8s
  2025-11-11  LassoCV  82.3s
  2025-11-12  LassoCV  78.7s
  2025-11-13  LassoCV  76.2s
  2025-11-14  LassoCV  81.9s
  2025-11-15  LassoCV  78.2s
  2025-11-16  LassoCV  81.6s
  2025-11-17  LassoCV  82.2s
  2025-11-18  LassoCV  73.2s
  2025-11-19  LassoCV  73.8s
  2025-11-20  LassoCV  78.7s
  2025-11-21  LassoCV  75.5s
  2025-11-22  LassoCV  75.4s
  2025-11-23  LassoCV  76.7s
  2025-11-24  LassoCV  73.3s
  2025-11-25  LassoCV  71.5s
  2025-11-26  LassoCV  74.5s
  2025-11-27  LassoCV  75.8s
  2025-11-28  LassoCV  75.1s
  2025-11-29  LassoCV  76.4s
  2025-11-30  LassoCV  77.0s
  2025-12-01  LARS  139.3s
  2025-12-02  LARS  144.5s
  2025-12-03  LARS  138.1s
  2025-12-04  LARS  139.7s
  2025-12-05  LARS  139.4s
  2025-12-06  LARS  145.0s
  2025-12-07  LARS  142.8s
  2025-12-08  LARS  137.7s
  2025-12-09  LARS  142.1s
  2025-12-10  LARS  140.1s
  2025-12-11  LARS  138.6s
  2025-12-12  LARS  139.7s
  2025-12-13  LARS  138.6s
  2025-12-14  LARS  139.7s
  2025-12-15  LARS  141.5s
  2025-12-16  LARS  140.4s
  2025-12-17  LARS  140.3s
  2025-12-18  LARS  137.2s
  2025-12-19  LARS  142.8s
  2025-12-20  LARS  141.7s
  2025-12-21  LARS  140.7s
  2025-12-22  LARS  137.6s
  2025-12-23  LARS  141.9s
  2025-12-24  LARS  138.0s
  2025-12-25  LARS  140.9s
  2025-12-26  LARS  136.4s
  2025-12-27  LARS  140.3s
  2025-12-28  LARS  142.1s
  2025-12-29  LARS  136.2s
  2025-12-30  LARS  143.1s
  2025-12-31  LARS  146.6s
  2026-01-01  LARS  139.1s
  2026-01-02  LARS  143.6s
  2026-01-03  LARS  139.2s
  2026-01-04  LARS  139.8s
  2026-01-05  LARS  141.7s
  2026-01-06  LARS  140.3s
  2026-01-07  LARS  135.1s
  2026-01-08  LARS  139.9s
  2026-01-09  LARS  140.7s
  2026-01-10  LARS  140.9s
  2026-01-11  LARS  141.2s
  2026-01-12  LARS  140.2s
  2026-01-13  LARS  141.9s
  2026-01-14  LARS  135.5s
  2026-01-15  LARS  140.1s
  2026-01-16  LARS  137.4s
  2026-01-17  LARS  137.7s
  2026-01-18  LARS  138.4s
  2026-01-19  LARS  138.8s
  2026-01-20  LARS  137.8s
  2026-01-21  LARS  140.1s
  2026-01-23  LARS  138.0s
  2026-01-24  LARS  134.4s
  2026-01-25  LARS  138.6s
  2026-01-26  LARS  141.8s
  2026-01-27  LARS  136.7s
  2026-01-28  LARS  146.3s
  2026-01-29  LARS  134.0s
  2026-01-30  LARS  139.7s
  2026-01-31  LARS  140.0s
  2026-02-01  LARS  134.0s
  2026-02-02  LARS  141.1s
  2026-02-03  LARS  139.4s
  2026-02-04  LARS  139.9s
  2026-02-05  LARS  141.5s
  2026-02-06  LARS  138.4s
  2026-02-07  LARS  142.0s
  2026-02-08  LARS  145.2s
  2026-02-09  LARS  136.1s
  2026-02-10  LARS  143.7s
  2026-02-11  LARS  139.0s
  2026-02-12  LARS  146.5s
  2026-02-13  LARS  141.9s
  2026-02-14  LARS  144.6s
  2026-02-15  LARS  140.6s
  2026-02-16  LARS  139.1s
  2026-02-17  LARS  141.1s
  2026-02-18  LARS  138.2s
  2026-02-19  LARS  143.4s
  2026-02-20  LARS  140.0s
  2026-02-21  LARS  141.7s
  2026-02-22  LARS  141.6s
  2026-02-23  LARS  145.8s
  2026-02-24  LARS  138.6s
  2026-02-25  LARS  143.1s
  2026-02-26  LARS  141.1s
  2026-02-27  LARS  143.5s
  2026-02-28  LARS  142.5s
  2026-03-01  LARS  141.5s
  2026-03-02  LARS  143.1s
  2026-03-03  LARS  141.5s
  2026-03-04  LARS  140.2s
  2026-03-05  LARS  141.2s
  2026-03-06  LARS  139.2s
  2026-03-07  LARS  141.9s
  2026-03-08  LARS  139.7s
  2026-03-09  LARS  139.3s
  2026-03-10  LARS  144.1s
  2026-03-11  LARS  140.8s
  2026-03-12  LARS  143.6s
  2026-03-13  LARS  140.8s
  2026-03-14  LARS  141.3s
  2026-03-15  LARS  141.3s
  2026-03-16  LARS  144.3s
  2026-03-17  LARS  146.9s
  2026-03-18  LARS  142.2s
  2026-03-19  LARS  147.5s
  2026-03-20  LARS  151.9s
  2026-03-21  LARS  151.4s
  2026-03-22  LARS  150.6s
  2026-03-23  LARS  152.3s
  2026-03-24  LARS  147.5s
  2026-03-25  LARS  149.3s
  2026-03-26  LARS  148.7s
  2026-03-27  LARS  151.3s
  2026-03-28  LARS  150.7s
  2026-03-29  LARS  154.6s
  2026-03-30  LARS  150.8s
  2026-03-31  LARS  149.3s
  2026-04-01  LARS  152.4s
  2026-04-02  LARS  150.4s
  2026-04-03  LARS  153.7s
  2026-04-04  LARS  151.1s
  2026-04-05  LARS  147.7s
  2026-04-06  LARS  152.3s
  2026-04-07  LARS  151.7s
  2026-04-08  LARS  150.8s
  2026-04-09  LARS  154.5s
  2026-04-10  LARS  156.4s
  2026-04-11  LARS  159.8s
  2026-04-12  LARS  154.0s
  2026-04-13  LARS  152.8s
  2026-04-14  LARS  139.7s
  2026-04-15  LARS  133.5s
  2026-04-16  LARS  140.2s
  2026-04-17  LARS  133.0s
  2026-04-18  LARS  143.9s
  2026-04-19  LARS  140.7s
  2026-04-20  LARS  142.8s
  2026-04-21  LARS  141.3s
  2026-04-22  LARS  130.8s
  2026-04-23  LARS  144.3s
  2026-04-24  LARS  152.3s
  2026-04-25  LARS  139.1s
  2026-04-26  LARS  127.7s
  2026-04-27  LARS  140.1s
  2026-04-28  LARS  142.3s
  2026-04-29  LARS  137.0s
  2026-04-30  LARS  130.7s
  2026-05-01  LARS  129.0s
  2026-05-02  LARS  134.2s
  2026-05-03  LARS  137.9s
  2026-05-04  LARS  135.5s
  2026-05-05  LARS  125.8s
  2026-05-06  LARS  137.6s
  2026-05-07  LARS  133.1s
  2026-05-08  LARS  138.6s
  2026-05-09  LARS  134.6s
  2026-05-10  LARS  137.0s
  2026-05-11  LARS  136.5s
  2026-05-12  LARS  146.2s
  2026-05-13  LARS  133.6s
  2026-05-14  LARS  136.4s
  2026-05-15  LARS  135.6s
  2026-05-16  LARS  135.3s
  2026-05-17  LARS  134.9s
  2026-05-18  LARS  124.9s
  2026-05-19  LARS  133.8s
  2026-05-20  LARS  141.8s
  2026-05-21  LARS  135.9s
  2026-05-22  LARS  127.0s
  2026-05-23  LARS  129.8s
  2026-05-24  LARS  141.4s
  2026-05-25  LARS  146.4s
  2026-05-26  LARS  132.0s
  2026-05-27  LARS  133.2s
  2026-05-28  LARS  143.8s
  2026-05-29  LARS  140.7s
  2026-05-30  LARS  147.5s
  2026-05-31  LARS  142.1s
  2026-06-01  LARS  143.5s
  2026-06-02  LARS  142.8s
  2026-06-03  LARS  145.4s
  2026-06-04  LARS  140.8s
  2026-06-05  LARS  134.4s
  2026-06-06  LARS  140.6s
  2026-06-07  LARS  133.4s
  2026-06-08  LARS  121.8s
  2026-06-09  LARS  129.0s
  2026-06-10  LARS  128.7s
  2026-06-11  LARS  125.9s
  2026-06-13  LARS  127.5s
  2026-06-14  LARS  112.8s
  2026-06-15  LARS  129.6s
  2026-06-16  LARS  125.0s
  2026-06-17  LARS  120.8s
  2026-06-18  LARS  118.8s
  2026-06-19  LARS  126.0s
  2026-06-20  LARS  128.5s
  2026-06-21  LARS  131.0s
  2026-06-22  LARS  122.7s
  2026-06-23  LARS  126.6s
  2026-06-24  LARS  128.5s
  2026-06-25  LARS  129.3s
  2026-06-26  LARS  132.4s
  2026-06-27  LARS  125.1s
  2026-06-28  LARS  132.0s
  2026-06-29  LARS  132.8s
  2026-06-30  LARS  134.9s
  2026-07-01  LARS  123.6s
  2026-07-02  LARS  128.3s
  2026-07-03  LARS  125.8s
  2026-07-04  LARS  124.6s
  2026-07-05  LARS  133.4s
  2026-07-06  LARS  130.2s
  2026-07-07  LARS  128.6s
  2026-07-08  LARS  141.0s
  2026-07-09  LARS  138.3s
  2026-07-10  LARS  136.3s
  2026-07-11  LARS  112.2s
  2026-07-12  LARS  129.4s
  2026-07-13  LARS  127.8s
  2026-07-14  LARS  133.6s
  2026-07-15  LARS  141.8s
  2026-07-16  LARS  132.2s
  2026-07-17  LARS  139.5s
  2026-07-18  LARS  138.8s
  2026-07-19  LARS  141.3s
  2026-07-20  LARS  137.3s
  2026-07-21  LARS  138.1s
  2026-07-22  LARS  125.2s
  2026-07-23  LARS  131.3s
  2026-07-24  LARS  135.9s
  2026-07-25  LARS  133.7s
  2026-07-26  LARS  128.5s
  2026-07-27  LARS  132.6s
  2026-07-28  LARS  138.3s
  2026-07-29  LARS  135.7s
  2026-07-30  LARS  138.3s
  2026-07-31  LARS  136.5s
Observations  : 28992
Invalid preds : 0
MAE           : 10.662
RMSE          : 19.451
Bias          : -0.101
Saved: forecast | runtime | metrics | config  ->  \\iipsrv-file1.iip.kit.edu\synergie\Group_EDM\Moritz\Data\Forecast\Forecast_results\lear_op_results\era5\d112\c1\exaa
finished=2026-08-12T14:11:35+02:00
status=success
