started=2026-08-10T13:09:11+02:00
cwd=C:\Users\mg8285\Documents\DA_Price_Forecasting_Pipeline_DE_LU-main
command=C:\Users\mg8285\Documents\DA_Price_Forecasting_Pipeline_DE_LU-main\forecast\Scripts\python.exe -m pipeline.lear.run_lear operational --config era5_d112_c1_fundamental
Number of dropped rows (days): 1
X shape    : (666, 441)
Y shape    : (666, 96)
Date range : 2024-10-03 -> 2026-07-31
C:\Users\mg8285\Documents\DA_Price_Forecasting_Pipeline_DE_LU-main\forecast\Lib\site-packages\sklearn\linear_model\_coordinate_descent.py:840: ConvergenceWarning: Objective did not converge. You might want to increase the number of iterations, check the scale of the features or consider increasing regularisation. Duality gap: 5.686958e-02, tolerance: 5.468e-02
  model = cd_fast.enet_coordinate_descent(
C:\Users\mg8285\Documents\DA_Price_Forecasting_Pipeline_DE_LU-main\forecast\Lib\site-packages\sklearn\linear_model\_coordinate_descent.py:840: ConvergenceWarning: Objective did not converge. You might want to increase the number of iterations, check the scale of the features or consider increasing regularisation. Duality gap: 5.686958e-02, tolerance: 5.468e-02
  model = cd_fast.enet_coordinate_descent(
C:\Users\mg8285\Documents\DA_Price_Forecasting_Pipeline_DE_LU-main\forecast\Lib\site-packages\sklearn\linear_model\_coordinate_descent.py:840: ConvergenceWarning: Objective did not converge. You might want to increase the number of iterations, check the scale of the features or consider increasing regularisation. Duality gap: 5.686958e-02, tolerance: 5.468e-02
  model = cd_fast.enet_coordinate_descent(
C:\Users\mg8285\Documents\DA_Price_Forecasting_Pipeline_DE_LU-main\forecast\Lib\site-packages\sklearn\linear_model\_coordinate_descent.py:840: ConvergenceWarning: Objective did not converge. You might want to increase the number of iterations, check the scale of the features or consider increasing regularisation. Duality gap: 5.686958e-02, tolerance: 5.468e-02
  model = cd_fast.enet_coordinate_descent(
  2025-10-01  LassoCV  680.2s
C:\Users\mg8285\Documents\DA_Price_Forecasting_Pipeline_DE_LU-main\forecast\Lib\site-packages\sklearn\linear_model\_coordinate_descent.py:840: ConvergenceWarning: Objective did not converge. You might want to increase the number of iterations, check the scale of the features or consider increasing regularisation. Duality gap: 6.119380e-02, tolerance: 5.698e-02
  model = cd_fast.enet_coordinate_descent(
C:\Users\mg8285\Documents\DA_Price_Forecasting_Pipeline_DE_LU-main\forecast\Lib\site-packages\sklearn\linear_model\_coordinate_descent.py:840: ConvergenceWarning: Objective did not converge. You might want to increase the number of iterations, check the scale of the features or consider increasing regularisation. Duality gap: 1.187082e-01, tolerance: 1.039e-01
  model = cd_fast.enet_coordinate_descent(
  2025-10-02  LassoCV  630.6s
  2025-10-03  LassoCV  590.7s
  2025-10-04  LassoCV  552.4s
  2025-10-05  LassoCV  507.9s
C:\Users\mg8285\Documents\DA_Price_Forecasting_Pipeline_DE_LU-main\forecast\Lib\site-packages\sklearn\linear_model\_coordinate_descent.py:840: ConvergenceWarning: Objective did not converge. You might want to increase the number of iterations, check the scale of the features or consider increasing regularisation. Duality gap: 4.844430e-02, tolerance: 4.666e-02
  model = cd_fast.enet_coordinate_descent(
C:\Users\mg8285\Documents\DA_Price_Forecasting_Pipeline_DE_LU-main\forecast\Lib\site-packages\sklearn\linear_model\_coordinate_descent.py:840: ConvergenceWarning: Objective did not converge. You might want to increase the number of iterations, check the scale of the features or consider increasing regularisation. Duality gap: 6.559586e-02, tolerance: 4.495e-02
  model = cd_fast.enet_coordinate_descent(
C:\Users\mg8285\Documents\DA_Price_Forecasting_Pipeline_DE_LU-main\forecast\Lib\site-packages\sklearn\linear_model\_coordinate_descent.py:840: ConvergenceWarning: Objective did not converge. You might want to increase the number of iterations, check the scale of the features or consider increasing regularisation. Duality gap: 5.024449e-02, tolerance: 4.367e-02
  model = cd_fast.enet_coordinate_descent(
  2025-10-06  LassoCV  459.7s
  2025-10-07  LassoCV  435.0s
  2025-10-08  LassoCV  454.2s
C:\Users\mg8285\Documents\DA_Price_Forecasting_Pipeline_DE_LU-main\forecast\Lib\site-packages\sklearn\linear_model\_coordinate_descent.py:840: ConvergenceWarning: Objective did not converge. You might want to increase the number of iterations, check the scale of the features or consider increasing regularisation. Duality gap: 4.763182e-02, tolerance: 4.638e-02
  model = cd_fast.enet_coordinate_descent(
  2025-10-09  LassoCV  416.0s
  2025-10-10  LassoCV  436.1s
C:\Users\mg8285\Documents\DA_Price_Forecasting_Pipeline_DE_LU-main\forecast\Lib\site-packages\sklearn\linear_model\_coordinate_descent.py:840: ConvergenceWarning: Objective did not converge. You might want to increase the number of iterations, check the scale of the features or consider increasing regularisation. Duality gap: 6.979004e-02, tolerance: 4.902e-02
  model = cd_fast.enet_coordinate_descent(
C:\Users\mg8285\Documents\DA_Price_Forecasting_Pipeline_DE_LU-main\forecast\Lib\site-packages\sklearn\linear_model\_coordinate_descent.py:840: ConvergenceWarning: Objective did not converge. You might want to increase the number of iterations, check the scale of the features or consider increasing regularisation. Duality gap: 7.699121e-02, tolerance: 4.974e-02
  model = cd_fast.enet_coordinate_descent(
C:\Users\mg8285\Documents\DA_Price_Forecasting_Pipeline_DE_LU-main\forecast\Lib\site-packages\sklearn\linear_model\_coordinate_descent.py:840: ConvergenceWarning: Objective did not converge. You might want to increase the number of iterations, check the scale of the features or consider increasing regularisation. Duality gap: 6.548437e-02, tolerance: 4.480e-02
  model = cd_fast.enet_coordinate_descent(
C:\Users\mg8285\Documents\DA_Price_Forecasting_Pipeline_DE_LU-main\forecast\Lib\site-packages\sklearn\linear_model\_coordinate_descent.py:840: ConvergenceWarning: Objective did not converge. You might want to increase the number of iterations, check the scale of the features or consider increasing regularisation. Duality gap: 5.475616e-02, tolerance: 4.173e-02
  model = cd_fast.enet_coordinate_descent(
  2025-10-11  LassoCV  434.1s
  2025-10-12  LassoCV  439.9s
  2025-10-13  LassoCV  444.5s
  2025-10-14  LassoCV  411.9s
C:\Users\mg8285\Documents\DA_Price_Forecasting_Pipeline_DE_LU-main\forecast\Lib\site-packages\sklearn\linear_model\_coordinate_descent.py:840: ConvergenceWarning: Objective did not converge. You might want to increase the number of iterations, check the scale of the features or consider increasing regularisation. Duality gap: 8.471190e-02, tolerance: 8.232e-02
  model = cd_fast.enet_coordinate_descent(
  2025-10-15  LassoCV  398.5s
  2025-10-16  LassoCV  378.6s
  2025-10-17  LassoCV  370.3s
C:\Users\mg8285\Documents\DA_Price_Forecasting_Pipeline_DE_LU-main\forecast\Lib\site-packages\sklearn\linear_model\_coordinate_descent.py:840: ConvergenceWarning: Objective did not converge. You might want to increase the number of iterations, check the scale of the features or consider increasing regularisation. Duality gap: 7.340706e-02, tolerance: 6.781e-02
  model = cd_fast.enet_coordinate_descent(
  2025-10-18  LassoCV  361.3s
  2025-10-19  LassoCV  365.4s
  2025-10-20  LassoCV  352.9s
C:\Users\mg8285\Documents\DA_Price_Forecasting_Pipeline_DE_LU-main\forecast\Lib\site-packages\sklearn\linear_model\_coordinate_descent.py:840: ConvergenceWarning: Objective did not converge. You might want to increase the number of iterations, check the scale of the features or consider increasing regularisation. Duality gap: 3.412497e-02, tolerance: 3.308e-02
  model = cd_fast.enet_coordinate_descent(
  2025-10-21  LassoCV  343.5s
C:\Users\mg8285\Documents\DA_Price_Forecasting_Pipeline_DE_LU-main\forecast\Lib\site-packages\sklearn\linear_model\_coordinate_descent.py:840: ConvergenceWarning: Objective did not converge. You might want to increase the number of iterations, check the scale of the features or consider increasing regularisation. Duality gap: 4.800621e-02, tolerance: 3.342e-02
  model = cd_fast.enet_coordinate_descent(
C:\Users\mg8285\Documents\DA_Price_Forecasting_Pipeline_DE_LU-main\forecast\Lib\site-packages\sklearn\linear_model\_coordinate_descent.py:840: ConvergenceWarning: Objective did not converge. You might want to increase the number of iterations, check the scale of the features or consider increasing regularisation. Duality gap: 4.028424e-02, tolerance: 3.190e-02
  model = cd_fast.enet_coordinate_descent(
C:\Users\mg8285\Documents\DA_Price_Forecasting_Pipeline_DE_LU-main\forecast\Lib\site-packages\sklearn\linear_model\_coordinate_descent.py:840: ConvergenceWarning: Objective did not converge. You might want to increase the number of iterations, check the scale of the features or consider increasing regularisation. Duality gap: 3.974621e-02, tolerance: 2.914e-02
  model = cd_fast.enet_coordinate_descent(
C:\Users\mg8285\Documents\DA_Price_Forecasting_Pipeline_DE_LU-main\forecast\Lib\site-packages\sklearn\linear_model\_coordinate_descent.py:840: ConvergenceWarning: Objective did not converge. You might want to increase the number of iterations, check the scale of the features or consider increasing regularisation. Duality gap: 3.279340e-02, tolerance: 2.495e-02
  model = cd_fast.enet_coordinate_descent(
  2025-10-22  LassoCV  329.8s
  2025-10-23  LassoCV  309.6s
  2025-10-24  LassoCV  312.8s
  2025-10-25  LassoCV  285.4s
C:\Users\mg8285\Documents\DA_Price_Forecasting_Pipeline_DE_LU-main\forecast\Lib\site-packages\sklearn\linear_model\_coordinate_descent.py:840: ConvergenceWarning: Objective did not converge. You might want to increase the number of iterations, check the scale of the features or consider increasing regularisation. Duality gap: 6.461689e-02, tolerance: 5.954e-02
  model = cd_fast.enet_coordinate_descent(
  2025-10-26  LassoCV  281.1s
  2025-10-27  LassoCV  269.8s
  2025-10-28  LassoCV  261.8s
  2025-10-29  LassoCV  244.1s
  2025-10-30  LassoCV  244.7s
  2025-10-31  LassoCV  251.6s
  2025-11-01  LassoCV  244.4s
  2025-11-02  LassoCV  241.9s
  2025-11-03  LassoCV  226.3s
  2025-11-04  LassoCV  224.8s
  2025-11-05  LassoCV  227.0s
  2025-11-06  LassoCV  222.5s
  2025-11-07  LassoCV  219.0s
  2025-11-08  LassoCV  213.8s
  2025-11-09  LassoCV  215.4s
  2025-11-10  LassoCV  205.9s
  2025-11-11  LassoCV  208.4s
  2025-11-12  LassoCV  202.4s
  2025-11-13  LassoCV  191.7s
  2025-11-14  LassoCV  192.2s
  2025-11-15  LassoCV  185.5s
  2025-11-16  LassoCV  198.5s
  2025-11-17  LassoCV  180.2s
  2025-11-18  LassoCV  176.7s
  2025-11-19  LassoCV  165.4s
  2025-11-20  LassoCV  160.9s
  2025-11-21  LassoCV  163.7s
  2025-11-22  LassoCV  161.2s
  2025-11-23  LassoCV  171.9s
  2025-11-24  LassoCV  167.8s
  2025-11-25  LassoCV  159.1s
  2025-11-26  LassoCV  161.4s
  2025-11-27  LassoCV  152.6s
  2025-11-28  LassoCV  156.3s
  2025-11-29  LassoCV  154.4s
  2025-11-30  LassoCV  155.5s
  2025-12-01  LARS  151.8s
  2025-12-02  LARS  140.3s
  2025-12-03  LARS  141.3s
  2025-12-04  LARS  138.8s
  2025-12-05  LARS  139.3s
  2025-12-06  LARS  138.8s
  2025-12-07  LARS  133.2s
  2025-12-08  LARS  134.4s
  2025-12-09  LARS  137.2s
  2025-12-10  LARS  138.6s
  2025-12-11  LARS  136.9s
  2025-12-12  LARS  137.8s
  2025-12-13  LARS  135.1s
  2025-12-14  LARS  132.3s
  2025-12-15  LARS  132.3s
  2025-12-16  LARS  134.1s
  2025-12-17  LARS  133.3s
  2025-12-18  LARS  129.8s
  2025-12-19  LARS  131.5s
  2025-12-20  LARS  133.0s
  2025-12-21  LARS  125.5s
  2025-12-22  LARS  126.4s
  2025-12-23  LARS  123.1s
  2025-12-24  LARS  127.8s
  2025-12-25  LARS  125.7s
  2025-12-26  LARS  123.6s
  2025-12-27  LARS  118.7s
  2025-12-28  LARS  116.7s
  2025-12-29  LARS  115.3s
  2025-12-30  LARS  109.2s
  2025-12-31  LARS  119.8s
  2026-01-01  LARS  121.3s
  2026-01-02  LARS  119.8s
  2026-01-03  LARS  116.2s
  2026-01-04  LARS  114.2s
  2026-01-05  LARS  114.4s
  2026-01-06  LARS  116.9s
  2026-01-07  LARS  118.1s
  2026-01-08  LARS  117.4s
  2026-01-09  LARS  114.3s
  2026-01-10  LARS  118.3s
  2026-01-11  LARS  118.3s
  2026-01-12  LARS  117.3s
  2026-01-13  LARS  117.4s
  2026-01-14  LARS  119.9s
  2026-01-15  LARS  118.5s
  2026-01-16  LARS  113.9s
  2026-01-17  LARS  111.8s
  2026-01-18  LARS  109.3s
  2026-01-19  LARS  113.5s
  2026-01-20  LARS  108.2s
  2026-01-21  LARS  111.3s
  2026-01-23  LARS  106.3s
  2026-01-24  LARS  114.5s
  2026-01-25  LARS  110.1s
  2026-01-26  LARS  108.1s
  2026-01-27  LARS  108.6s
  2026-01-28  LARS  107.5s
  2026-01-29  LARS  109.8s
  2026-01-30  LARS  105.7s
  2026-01-31  LARS  106.4s
  2026-02-01  LARS  111.0s
  2026-02-02  LARS  115.6s
  2026-02-03  LARS  111.9s
  2026-02-04  LARS  115.8s
  2026-02-05  LARS  111.0s
  2026-02-06  LARS  115.3s
  2026-02-07  LARS  112.2s
  2026-02-08  LARS  115.0s
  2026-02-09  LARS  109.3s
  2026-02-10  LARS  115.7s
  2026-02-11  LARS  115.7s
  2026-02-12  LARS  113.9s
  2026-02-13  LARS  113.1s
  2026-02-14  LARS  113.3s
  2026-02-15  LARS  113.1s
  2026-02-16  LARS  111.6s
  2026-02-17  LARS  111.5s
  2026-02-18  LARS  109.9s
  2026-02-19  LARS  111.6s
  2026-02-20  LARS  107.8s
  2026-02-21  LARS  111.8s
  2026-02-22  LARS  113.3s
  2026-02-23  LARS  117.7s
  2026-02-24  LARS  114.0s
  2026-02-25  LARS  116.9s
  2026-02-26  LARS  119.6s
  2026-02-27  LARS  117.3s
  2026-02-28  LARS  104.7s
  2026-03-01  LARS  114.5s
  2026-03-02  LARS  115.8s
  2026-03-03  LARS  114.4s
  2026-03-04  LARS  119.1s
  2026-03-05  LARS  114.1s
  2026-03-06  LARS  112.9s
  2026-03-07  LARS  117.1s
  2026-03-08  LARS  119.9s
  2026-03-09  LARS  117.7s
  2026-03-10  LARS  114.8s
  2026-03-11  LARS  113.9s
  2026-03-12  LARS  113.7s
  2026-03-13  LARS  114.2s
  2026-03-14  LARS  118.9s
  2026-03-15  LARS  112.5s
  2026-03-16  LARS  115.6s
  2026-03-17  LARS  115.4s
  2026-03-18  LARS  114.0s
  2026-03-19  LARS  116.9s
  2026-03-20  LARS  118.2s
  2026-03-21  LARS  118.2s
  2026-03-22  LARS  116.6s
  2026-03-23  LARS  113.4s
  2026-03-24  LARS  120.0s
  2026-03-25  LARS  117.6s
  2026-03-26  LARS  114.8s
  2026-03-27  LARS  119.0s
  2026-03-28  LARS  116.3s
  2026-03-29  LARS  120.1s
  2026-03-30  LARS  116.6s
  2026-03-31  LARS  116.3s
  2026-04-01  LARS  116.5s
  2026-04-02  LARS  122.1s
  2026-04-03  LARS  117.4s
  2026-04-04  LARS  122.7s
  2026-04-05  LARS  122.8s
  2026-04-06  LARS  125.8s
  2026-04-07  LARS  119.9s
  2026-04-08  LARS  121.9s
  2026-04-09  LARS  119.2s
  2026-04-10  LARS  125.9s
  2026-04-11  LARS  125.1s
  2026-04-12  LARS  122.1s
  2026-04-13  LARS  123.6s
  2026-04-14  LARS  129.1s
  2026-04-15  LARS  125.7s
  2026-04-16  LARS  122.4s
  2026-04-17  LARS  121.3s
  2026-04-18  LARS  129.5s
  2026-04-19  LARS  126.9s
  2026-04-20  LARS  128.5s
  2026-04-21  LARS  124.0s
  2026-04-22  LARS  128.7s
  2026-04-23  LARS  127.1s
  2026-04-24  LARS  126.5s
  2026-04-25  LARS  124.9s
  2026-04-26  LARS  118.6s
  2026-04-27  LARS  94.2s
  2026-04-28  LARS  117.6s
  2026-04-29  LARS  127.3s
  2026-04-30  LARS  126.0s
  2026-05-01  LARS  121.5s
  2026-05-02  LARS  120.9s
  2026-05-03  LARS  121.9s
  2026-05-04  LARS  120.2s
  2026-05-05  LARS  125.7s
  2026-05-06  LARS  121.6s
  2026-05-07  LARS  121.8s
  2026-05-08  LARS  123.7s
  2026-05-09  LARS  124.8s
  2026-05-10  LARS  121.4s
  2026-05-11  LARS  118.2s
  2026-05-12  LARS  122.1s
  2026-05-13  LARS  125.0s
  2026-05-14  LARS  125.3s
  2026-05-15  LARS  126.4s
  2026-05-16  LARS  125.0s
  2026-05-17  LARS  127.7s
  2026-05-18  LARS  122.5s
  2026-05-19  LARS  124.1s
  2026-05-20  LARS  120.8s
  2026-05-21  LARS  125.5s
  2026-05-22  LARS  123.6s
  2026-05-23  LARS  125.2s
  2026-05-24  LARS  123.1s
  2026-05-25  LARS  124.1s
  2026-05-26  LARS  123.2s
  2026-05-27  LARS  123.5s
  2026-05-28  LARS  122.6s
  2026-05-29  LARS  123.9s
  2026-05-30  LARS  128.5s
  2026-05-31  LARS  130.0s
  2026-06-01  LARS  127.9s
  2026-06-02  LARS  126.5s
  2026-06-03  LARS  131.1s
  2026-06-04  LARS  128.1s
  2026-06-05  LARS  129.9s
  2026-06-06  LARS  129.1s
  2026-06-07  LARS  129.2s
  2026-06-08  LARS  128.7s
  2026-06-09  LARS  125.4s
  2026-06-10  LARS  121.4s
  2026-06-11  LARS  122.6s
  2026-06-13  LARS  122.0s
  2026-06-14  LARS  121.4s
  2026-06-15  LARS  117.8s
  2026-06-16  LARS  121.4s
  2026-06-17  LARS  119.6s
  2026-06-18  LARS  118.2s
  2026-06-19  LARS  121.3s
  2026-06-20  LARS  123.4s
  2026-06-21  LARS  122.7s
  2026-06-22  LARS  117.6s
  2026-06-23  LARS  120.3s
  2026-06-24  LARS  121.3s
  2026-06-25  LARS  122.0s
  2026-06-26  LARS  122.5s
  2026-06-27  LARS  125.3s
  2026-06-28  LARS  119.0s
  2026-06-29  LARS  119.9s
  2026-06-30  LARS  123.6s
  2026-07-01  LARS  124.2s
  2026-07-02  LARS  122.7s
  2026-07-03  LARS  121.7s
  2026-07-04  LARS  119.9s
  2026-07-05  LARS  122.0s
  2026-07-06  LARS  120.2s
  2026-07-07  LARS  122.9s
  2026-07-08  LARS  127.0s
  2026-07-09  LARS  124.2s
  2026-07-10  LARS  123.5s
  2026-07-11  LARS  122.8s
  2026-07-12  LARS  125.5s
  2026-07-13  LARS  126.5s
  2026-07-14  LARS  122.3s
  2026-07-15  LARS  126.2s
  2026-07-16  LARS  123.7s
  2026-07-17  LARS  119.6s
  2026-07-18  LARS  121.4s
  2026-07-19  LARS  122.9s
  2026-07-20  LARS  129.6s
  2026-07-21  LARS  124.6s
  2026-07-22  LARS  119.1s
  2026-07-23  LARS  111.7s
  2026-07-24  LARS  112.7s
  2026-07-25  LARS  124.8s
  2026-07-26  LARS  123.3s
  2026-07-27  LARS  122.8s
  2026-07-28  LARS  124.6s
  2026-07-29  LARS  128.2s
  2026-07-30  LARS  121.4s
  2026-07-31  LARS  125.8s
Observations  : 28992
Invalid preds : 0
MAE           : 18.565
RMSE          : 33.660
Bias          : -0.417
Saved: forecast | runtime | metrics | config  ->  \\iipsrv-file1.iip.kit.edu\synergie\Group_EDM\Moritz\Data\Forecast\Forecast_results\lear_op_results\era5\d112\c1\fundamental
finished=2026-08-11T02:14:27+02:00
status=success
