started=2026-08-11T09:20:09+02:00
cwd=C:\Users\mg8285\Documents\DA_Price_Forecasting_Pipeline_DE_LU-main
command=C:\Users\mg8285\Documents\DA_Price_Forecasting_Pipeline_DE_LU-main\forecast\Scripts\python.exe -m pipeline.lear.run_lear operational --config era5_d364_c25_fundamental
Number of dropped rows (days): 1
X shape    : (666, 1593)
Y shape    : (666, 96)
Date range : 2024-10-03 -> 2026-07-31
  2025-10-01  LassoCV  1330.9s
  2025-10-02  LassoCV  1613.2s
  2025-10-03  LassoCV  1584.7s
  2025-10-04  LassoCV  1617.1s
  2025-10-05  LassoCV  1446.3s
  2025-10-06  LassoCV  1516.2s
  2025-10-07  LassoCV  1528.1s
  2025-10-08  LassoCV  1578.1s
  2025-10-09  LassoCV  1394.5s
  2025-10-10  LassoCV  1268.9s
  2025-10-11  LassoCV  1229.6s
  2025-10-12  LassoCV  1235.8s
  2025-10-13  LassoCV  1234.6s
  2025-10-14  LassoCV  1230.6s
  2025-10-15  LassoCV  1241.1s
  2025-10-16  LassoCV  1206.9s
  2025-10-17  LassoCV  1192.5s
  2025-10-18  LassoCV  1183.3s
  2025-10-19  LassoCV  1186.3s
  2025-10-20  LassoCV  1166.0s
  2025-10-21  LassoCV  1178.5s
  2025-10-22  LassoCV  1189.2s
  2025-10-23  LassoCV  1138.1s
  2025-10-24  LassoCV  1172.2s
  2025-10-25  LassoCV  1176.7s
  2025-10-26  LassoCV  1199.5s
  2025-10-27  LassoCV  1171.8s
  2025-10-28  LassoCV  1174.7s
  2025-10-29  LassoCV  1174.1s
  2025-10-30  LassoCV  1176.8s
  2025-10-31  LassoCV  1213.5s
  2025-11-01  LassoCV  1201.5s
  2025-11-02  LassoCV  1207.1s
  2025-11-03  LassoCV  1228.5s
  2025-11-04  LassoCV  1174.3s
  2025-11-05  LassoCV  1112.7s
  2025-11-06  LassoCV  1120.3s
  2025-11-07  LassoCV  1123.1s
  2025-11-08  LassoCV  1126.9s
  2025-11-09  LassoCV  1138.8s
  2025-11-10  LassoCV  1158.2s
  2025-11-11  LassoCV  1022.4s
  2025-11-12  LassoCV  969.8s
  2025-11-13  LassoCV  959.3s
  2025-11-14  LassoCV  968.3s
  2025-11-15  LassoCV  978.7s
  2025-11-16  LassoCV  945.3s
  2025-11-17  LassoCV  950.8s
  2025-11-18  LassoCV  949.7s
  2025-11-19  LassoCV  950.2s
  2025-11-20  LassoCV  946.1s
  2025-11-21  LassoCV  937.5s
  2025-11-22  LassoCV  956.0s
  2025-11-23  LassoCV  954.1s
  2025-11-24  LassoCV  945.5s
  2025-11-25  LassoCV  938.0s
  2025-11-26  LassoCV  941.7s
  2025-11-27  LassoCV  937.6s
  2025-11-28  LassoCV  934.0s
  2025-11-29  LassoCV  929.4s
  2025-11-30  LassoCV  936.1s
  2025-12-01  LassoCV  913.0s
  2025-12-02  LassoCV  920.2s
  2025-12-03  LassoCV  909.5s
  2025-12-04  LassoCV  907.1s
  2025-12-05  LassoCV  917.8s
  2025-12-06  LassoCV  898.5s
  2025-12-07  LassoCV  906.4s
  2025-12-08  LassoCV  930.0s
  2025-12-09  LassoCV  908.6s
  2025-12-10  LassoCV  942.6s
  2025-12-11  LassoCV  942.5s
  2025-12-12  LassoCV  859.6s
  2025-12-13  LassoCV  819.0s
  2025-12-14  LassoCV  822.2s
  2025-12-15  LassoCV  819.9s
  2025-12-16  LassoCV  821.9s
  2025-12-17  LassoCV  825.0s
  2025-12-18  LassoCV  820.7s
  2025-12-19  LassoCV  740.9s
  2025-12-20  LassoCV  700.4s
  2025-12-21  LassoCV  702.3s
  2025-12-22  LassoCV  699.2s
  2025-12-23  LassoCV  699.4s
  2025-12-24  LassoCV  702.7s
  2025-12-25  LassoCV  706.2s
  2025-12-26  LassoCV  706.3s
  2025-12-27  LassoCV  698.3s
  2025-12-28  LassoCV  710.2s
  2025-12-29  LassoCV  674.3s
  2025-12-30  LassoCV  673.6s
  2025-12-31  LassoCV  675.1s
  2026-01-01  LassoCV  655.4s
  2026-01-02  LassoCV  665.9s
  2026-01-03  LassoCV  648.1s
  2026-01-04  LassoCV  673.1s
  2026-01-05  LassoCV  680.6s
  2026-01-06  LassoCV  677.3s
  2026-01-07  LassoCV  665.8s
  2026-01-08  LassoCV  638.6s
  2026-01-09  LassoCV  654.2s
  2026-01-10  LassoCV  656.2s
  2026-01-11  LassoCV  657.7s
  2026-01-12  LassoCV  690.2s
  2026-01-13  LassoCV  803.9s
  2026-01-14  LassoCV  1016.6s
  2026-01-15  LassoCV  1006.4s
  2026-01-16  LassoCV  1061.7s
  2026-01-17  LassoCV  1006.9s
  2026-01-18  LassoCV  979.3s
  2026-01-19  LassoCV  952.2s
  2026-01-20  LassoCV  993.7s
  2026-01-21  LassoCV  984.6s
  2026-01-23  LassoCV  998.8s
  2026-01-24  LassoCV  1011.2s
  2026-01-25  LassoCV  1486.9s
  2026-01-26  LassoCV  1484.4s
  2026-01-27  LassoCV  1463.3s
  2026-01-28  LassoCV  1440.0s
  2026-01-29  LassoCV  1435.0s
  2026-01-30  LassoCV  1420.4s
  2026-01-31  LassoCV  1399.4s
  2026-02-01  LassoCV  1444.8s
  2026-02-02  LassoCV  1470.0s
  2026-02-03  LassoCV  1492.4s
  2026-02-04  LassoCV  960.2s
  2026-02-05  LassoCV  859.8s
  2026-02-06  LassoCV  847.5s
  2026-02-07  LassoCV  835.4s
  2026-02-08  LassoCV  833.8s
  2026-02-09  LassoCV  824.9s
  2026-02-10  LassoCV  819.9s
  2026-02-11  LassoCV  824.7s
  2026-02-12  LassoCV  833.6s
  2026-02-13  LassoCV  837.1s
  2026-02-14  LassoCV  841.8s
  2026-02-15  LassoCV  840.4s
  2026-02-16  LassoCV  831.6s
  2026-02-17  LassoCV  839.4s
  2026-02-18  LassoCV  840.9s
  2026-02-19  LassoCV  843.8s
  2026-02-20  LassoCV  840.6s
  2026-02-21  LassoCV  838.1s
  2026-02-22  LassoCV  837.2s
  2026-02-23  LassoCV  833.9s
  2026-02-24  LassoCV  834.9s
  2026-02-25  LassoCV  839.4s
  2026-02-26  LassoCV  844.0s
  2026-02-27  LassoCV  839.5s
  2026-02-28  LassoCV  864.8s
  2026-03-01  LassoCV  844.9s
  2026-03-02  LassoCV  850.5s
  2026-03-03  LassoCV  858.8s
  2026-03-04  LassoCV  835.6s
  2026-03-05  LassoCV  824.3s
  2026-03-06  LassoCV  827.4s
  2026-03-07  LassoCV  825.3s
  2026-03-08  LassoCV  821.8s
  2026-03-09  LassoCV  811.7s
  2026-03-10  LassoCV  805.1s
  2026-03-11  LassoCV  812.9s
  2026-03-12  LassoCV  823.4s
  2026-03-13  LassoCV  828.0s
  2026-03-14  LassoCV  835.2s
  2026-03-15  LassoCV  820.5s
  2026-03-16  LassoCV  826.3s
  2026-03-17  LassoCV  826.9s
  2026-03-18  LassoCV  828.2s
  2026-03-19  LassoCV  707.3s
  2026-03-20  LassoCV  708.1s
  2026-03-21  LassoCV  702.9s
  2026-03-22  LassoCV  709.7s
  2026-03-23  LassoCV  714.7s
  2026-03-24  LassoCV  701.2s
  2026-03-25  LassoCV  708.9s
  2026-03-26  LassoCV  709.2s
  2026-03-27  LassoCV  708.1s
  2026-03-28  LassoCV  707.1s
  2026-03-29  LassoCV  703.9s
  2026-03-30  LassoCV  708.4s
  2026-03-31  LassoCV  700.8s
  2026-04-01  LassoCV  707.7s
  2026-04-02  LassoCV  697.5s
  2026-04-03  LassoCV  695.1s
  2026-04-04  LassoCV  938.7s
  2026-04-05  LassoCV  1470.3s
  2026-04-06  LassoCV  1452.5s
  2026-04-07  LassoCV  1534.9s
  2026-04-08  LassoCV  1584.7s
  2026-04-09  LassoCV  1594.8s
  2026-04-10  LassoCV  1529.9s
  2026-04-11  LassoCV  1459.7s
  2026-04-12  LassoCV  1327.6s
  2026-04-13  LassoCV  1373.3s
  2026-04-14  LassoCV  1532.9s
  2026-04-15  LassoCV  1549.8s
  2026-04-16  LassoCV  1524.0s
  2026-04-17  LassoCV  1604.6s
  2026-04-18  LassoCV  2076.7s
  2026-04-19  LassoCV  2097.9s
  2026-04-20  LassoCV  2049.8s
  2026-04-21  LassoCV  2523.9s
  2026-04-22  LassoCV  2720.3s
  2026-04-23  LassoCV  2190.2s
  2026-04-24  LassoCV  2486.8s
  2026-04-25  LassoCV  2040.2s
  2026-04-26  LassoCV  2046.2s
  2026-04-27  LassoCV  1975.6s
  2026-04-28  LassoCV  2003.1s
  2026-04-29  LassoCV  2061.8s
  2026-04-30  LassoCV  1968.0s
  2026-05-01  LassoCV  1928.3s
  2026-05-02  LassoCV  1895.4s
  2026-05-03  LassoCV  1923.2s
  2026-05-04  LassoCV  1932.7s
  2026-05-05  LassoCV  1882.8s
  2026-05-06  LassoCV  1888.8s
  2026-05-07  LassoCV  1863.6s
  2026-05-08  LassoCV  1887.5s
  2026-05-09  LassoCV  1905.7s
  2026-05-10  LassoCV  1857.8s
  2026-05-11  LassoCV  1855.2s
  2026-05-12  LassoCV  1829.3s
  2026-05-13  LassoCV  1837.1s
  2026-05-14  LassoCV  1832.7s
  2026-05-15  LassoCV  1843.4s
  2026-05-16  LassoCV  1848.8s
  2026-05-17  LassoCV  1862.4s
  2026-05-18  LassoCV  1922.0s
  2026-05-19  LassoCV  1971.1s
  2026-05-20  LassoCV  2038.5s
  2026-05-21  LassoCV  2019.5s
  2026-05-22  LassoCV  2031.8s
  2026-05-23  LassoCV  1926.7s
  2026-05-24  LassoCV  1985.8s
  2026-05-25  LassoCV  1922.0s
  2026-05-26  LassoCV  1876.8s
  2026-05-27  LassoCV  1895.4s
  2026-05-28  LassoCV  1896.9s
  2026-05-29  LassoCV  1902.4s
  2026-05-30  LassoCV  1878.4s
  2026-05-31  LassoCV  1905.8s
  2026-06-01  LassoCV  1871.3s
  2026-06-02  LassoCV  1851.6s
  2026-06-03  LassoCV  1847.8s
  2026-06-04  LassoCV  1858.6s
  2026-06-05  LassoCV  1838.7s
  2026-06-06  LassoCV  1835.7s
  2026-06-07  LassoCV  1830.3s
  2026-06-08  LassoCV  1857.0s
  2026-06-09  LassoCV  1668.4s
  2026-06-10  LassoCV  1644.5s
  2026-06-11  LassoCV  1546.9s
  2026-06-13  LassoCV  1363.9s
  2026-06-14  LassoCV  1376.2s
  2026-06-15  LassoCV  1368.9s
  2026-06-16  LassoCV  1421.1s
  2026-06-17  LassoCV  1371.0s
  2026-06-18  LassoCV  1348.8s
  2026-06-19  LassoCV  1389.1s
  2026-06-20  LassoCV  1372.4s
  2026-06-21  LassoCV  1387.6s
  2026-06-22  LassoCV  1363.2s
  2026-06-23  LassoCV  1397.9s
  2026-06-24  LassoCV  1402.2s
  2026-06-25  LassoCV  1380.0s
  2026-06-26  LassoCV  1391.5s
  2026-06-27  LassoCV  1366.1s
  2026-06-28  LassoCV  1365.5s
  2026-06-29  LassoCV  1382.0s
  2026-06-30  LassoCV  1362.7s
  2026-07-01  LassoCV  1386.2s
  2026-07-02  LassoCV  1351.9s
  2026-07-03  LassoCV  1351.8s
  2026-07-04  LassoCV  1393.6s
  2026-07-05  LassoCV  1357.3s
  2026-07-06  LassoCV  1395.9s
  2026-07-07  LassoCV  1347.0s
  2026-07-08  LassoCV  1331.0s
  2026-07-09  LassoCV  1352.0s
  2026-07-10  LassoCV  1353.9s
  2026-07-11  LassoCV  1409.4s
  2026-07-12  LassoCV  1339.3s
  2026-07-13  LassoCV  1386.6s
  2026-07-14  LassoCV  1366.3s
  2026-07-15  LassoCV  1378.4s
  2026-07-16  LassoCV  1360.3s
  2026-07-17  LassoCV  1412.3s
  2026-07-18  LassoCV  1365.3s
  2026-07-19  LassoCV  1383.0s
  2026-07-20  LassoCV  1343.2s
  2026-07-21  LassoCV  1356.2s
  2026-07-22  LassoCV  1382.7s
  2026-07-23  LassoCV  1405.8s
  2026-07-24  LassoCV  1353.2s
  2026-07-25  LassoCV  1404.2s
  2026-07-26  LassoCV  1357.2s
  2026-07-27  LassoCV  1410.4s
  2026-07-28  LassoCV  1367.1s
  2026-07-29  LassoCV  1340.7s
  2026-07-30  LassoCV  1356.9s
  2026-07-31  LassoCV  1448.6s
Observations  : 28992
Invalid preds : 0
MAE           : 16.091
RMSE          : 27.653
Bias          : -1.232
Saved: forecast | runtime | metrics | config  ->  \\iipsrv-file1.iip.kit.edu\synergie\Group_EDM\Moritz\Data\Forecast\Forecast_results\lear_op_results\era5\d364\c25\fundamental
finished=2026-08-17T08:11:39+02:00
status=success
