started=2026-08-14T08:55:16+02:00
cwd=C:\Users\mg8285\Documents\DA_Price_Forecasting_Pipeline_DE_LU-main
command=C:\Users\mg8285\Documents\DA_Price_Forecasting_Pipeline_DE_LU-main\forecast\Scripts\python.exe -m pipeline.lear.run_lear operational --config era5_d56_c25_exaa
Number of dropped rows (days): 1
X shape    : (666, 1689)
Y shape    : (666, 96)
Date range : 2024-10-03 -> 2026-07-31
  2025-10-01  LassoCV  211.8s
  2025-10-02  LassoCV  229.3s
  2025-10-03  LassoCV  219.7s
  2025-10-04  LassoCV  224.1s
  2025-10-05  LassoCV  218.7s
  2025-10-06  LassoCV  225.1s
  2025-10-07  LassoCV  231.5s
  2025-10-08  LassoCV  214.1s
  2025-10-09  LassoCV  226.5s
  2025-10-10  LassoCV  217.6s
  2025-10-11  LassoCV  220.1s
  2025-10-12  LassoCV  223.3s
  2025-10-13  LassoCV  221.4s
  2025-10-14  LassoCV  217.6s
  2025-10-15  LassoCV  218.5s
  2025-10-16  LassoCV  226.4s
  2025-10-17  LassoCV  243.9s
  2025-10-18  LassoCV  233.9s
  2025-10-19  LassoCV  217.0s
  2025-10-20  LassoCV  230.1s
  2025-10-21  LassoCV  223.3s
  2025-10-22  LassoCV  242.6s
  2025-10-23  LassoCV  230.4s
  2025-10-24  LassoCV  225.9s
  2025-10-25  LassoCV  231.6s
  2025-10-26  LassoCV  244.4s
  2025-10-27  LassoCV  242.8s
  2025-10-28  LassoCV  252.1s
  2025-10-29  LassoCV  226.7s
  2025-10-30  LassoCV  226.0s
  2025-10-31  LassoCV  243.3s
  2025-11-01  LassoCV  236.9s
  2025-11-02  LassoCV  231.3s
  2025-11-03  LassoCV  231.6s
  2025-11-04  LassoCV  221.6s
  2025-11-05  LassoCV  238.6s
  2025-11-06  LassoCV  232.0s
  2025-11-07  LassoCV  234.7s
  2025-11-08  LassoCV  218.9s
  2025-11-09  LassoCV  229.9s
  2025-11-10  LassoCV  230.0s
  2025-11-11  LassoCV  229.4s
  2025-11-12  LassoCV  224.0s
  2025-11-13  LassoCV  227.8s
  2025-11-14  LassoCV  230.9s
  2025-11-15  LassoCV  244.1s
  2025-11-16  LassoCV  225.4s
  2025-11-17  LassoCV  236.7s
  2025-11-18  LassoCV  238.5s
  2025-11-19  LassoCV  232.3s
  2025-11-20  LassoCV  223.4s
  2025-11-21  LassoCV  237.3s
  2025-11-22  LassoCV  235.0s
  2025-11-23  LassoCV  234.7s
  2025-11-24  LassoCV  226.8s
  2025-11-25  LassoCV  229.8s
  2025-11-26  LassoCV  243.1s
  2025-11-27  LassoCV  240.8s
  2025-11-28  LassoCV  225.5s
  2025-11-29  LassoCV  232.9s
  2025-11-30  LassoCV  226.5s
  2025-12-01  LARS  229.9s
  2025-12-02  LARS  238.1s
  2025-12-03  LARS  243.5s
  2025-12-04  LARS  226.5s
  2025-12-05  LARS  198.9s
  2025-12-06  LARS  218.9s
  2025-12-07  LARS  238.5s
  2025-12-08  LARS  232.8s
  2025-12-09  LARS  232.7s
  2025-12-10  LARS  222.1s
  2025-12-11  LARS  245.7s
  2025-12-12  LARS  224.4s
  2025-12-13  LARS  222.2s
  2025-12-14  LARS  231.4s
  2025-12-15  LARS  221.8s
  2025-12-16  LARS  233.5s
  2025-12-17  LARS  229.6s
  2025-12-18  LARS  243.2s
  2025-12-19  LARS  245.7s
  2025-12-20  LARS  221.6s
  2025-12-21  LARS  232.5s
  2025-12-22  LARS  222.9s
  2025-12-23  LARS  233.6s
  2025-12-24  LARS  221.1s
  2025-12-25  LARS  229.5s
  2025-12-26  LARS  227.1s
  2025-12-27  LARS  234.2s
  2025-12-28  LARS  230.9s
  2025-12-29  LARS  229.4s
  2025-12-30  LARS  242.9s
  2025-12-31  LARS  240.3s
  2026-01-01  LARS  227.8s
  2026-01-02  LARS  231.0s
  2026-01-03  LARS  223.6s
  2026-01-04  LARS  221.6s
  2026-01-05  LARS  238.6s
  2026-01-06  LARS  244.6s
  2026-01-07  LARS  247.6s
  2026-01-08  LARS  249.9s
  2026-01-09  LARS  247.3s
  2026-01-10  LARS  250.4s
  2026-01-11  LARS  233.0s
  2026-01-12  LARS  243.8s
  2026-01-13  LARS  240.4s
  2026-01-14  LARS  242.3s
  2026-01-15  LARS  271.5s
  2026-01-16  LARS  231.0s
  2026-01-17  LARS  236.1s
  2026-01-18  LARS  239.1s
  2026-01-19  LARS  242.5s
  2026-01-20  LARS  244.5s
  2026-01-21  LARS  244.2s
  2026-01-23  LARS  255.2s
  2026-01-24  LARS  250.2s
  2026-01-25  LARS  242.8s
  2026-01-26  LARS  239.3s
  2026-01-27  LARS  246.1s
  2026-01-28  LARS  228.6s
  2026-01-29  LARS  244.0s
  2026-01-30  LARS  241.8s
  2026-01-31  LARS  232.3s
  2026-02-01  LARS  250.3s
  2026-02-02  LARS  247.0s
  2026-02-03  LARS  257.1s
  2026-02-04  LARS  261.7s
  2026-02-05  LARS  256.2s
  2026-02-06  LARS  260.0s
  2026-02-07  LARS  251.8s
  2026-02-08  LARS  266.5s
  2026-02-09  LARS  238.9s
  2026-02-10  LARS  231.5s
  2026-02-11  LARS  251.0s
  2026-02-12  LARS  256.3s
  2026-02-13  LARS  270.1s
  2026-02-14  LARS  233.7s
  2026-02-15  LARS  254.6s
  2026-02-16  LARS  248.2s
  2026-02-17  LARS  271.7s
  2026-02-18  LARS  244.2s
  2026-02-19  LARS  259.4s
  2026-02-20  LARS  256.7s
  2026-02-21  LARS  261.1s
  2026-02-22  LARS  262.1s
  2026-02-23  LARS  266.4s
  2026-02-24  LARS  242.3s
  2026-02-25  LARS  251.1s
  2026-02-26  LARS  244.2s
  2026-02-27  LARS  261.9s
  2026-02-28  LARS  242.9s
  2026-03-01  LARS  263.0s
  2026-03-02  LARS  258.0s
  2026-03-03  LARS  263.9s
  2026-03-04  LARS  257.9s
  2026-03-05  LARS  256.9s
  2026-03-06  LARS  254.4s
  2026-03-07  LARS  264.4s
  2026-03-08  LARS  265.0s
  2026-03-09  LARS  246.9s
  2026-03-10  LARS  232.2s
  2026-03-11  LARS  249.2s
  2026-03-12  LARS  264.1s
  2026-03-13  LARS  246.8s
  2026-03-14  LARS  233.7s
  2026-03-15  LARS  255.4s
  2026-03-16  LARS  227.1s
  2026-03-17  LARS  277.2s
  2026-03-18  LARS  234.1s
  2026-03-19  LARS  246.9s
  2026-03-20  LARS  251.0s
  2026-03-21  LARS  257.9s
  2026-03-22  LARS  259.4s
  2026-03-23  LARS  248.1s
  2026-03-24  LARS  248.3s
  2026-03-25  LARS  209.8s
  2026-03-26  LARS  225.4s
  2026-03-27  LARS  235.9s
  2026-03-28  LARS  224.2s
  2026-03-29  LARS  223.1s
  2026-03-30  LARS  220.1s
  2026-03-31  LARS  217.3s
  2026-04-01  LARS  214.5s
  2026-04-02  LARS  227.4s
  2026-04-03  LARS  225.3s
  2026-04-04  LARS  214.4s
  2026-04-05  LARS  227.2s
  2026-04-06  LARS  225.6s
  2026-04-07  LARS  226.0s
  2026-04-08  LARS  223.6s
  2026-04-09  LARS  233.8s
  2026-04-10  LARS  228.3s
  2026-04-11  LARS  220.0s
  2026-04-12  LARS  166.6s
  2026-04-13  LARS  165.3s
  2026-04-14  LARS  165.7s
  2026-04-15  LARS  164.9s
  2026-04-16  LARS  166.6s
  2026-04-17  LARS  167.1s
  2026-04-18  LARS  170.3s
  2026-04-19  LARS  169.1s
  2026-04-20  LARS  169.6s
  2026-04-21  LARS  164.9s
  2026-04-22  LARS  163.4s
  2026-04-23  LARS  165.4s
  2026-04-24  LARS  164.8s
  2026-04-25  LARS  168.3s
  2026-04-26  LARS  168.3s
  2026-04-27  LARS  168.1s
  2026-04-28  LARS  167.6s
  2026-04-29  LARS  167.1s
  2026-04-30  LARS  165.7s
  2026-05-01  LARS  168.8s
  2026-05-02  LARS  173.7s
  2026-05-03  LARS  168.7s
  2026-05-04  LARS  170.4s
  2026-05-05  LARS  168.8s
  2026-05-06  LARS  168.3s
  2026-05-07  LARS  166.1s
  2026-05-08  LARS  168.6s
  2026-05-09  LARS  165.6s
  2026-05-10  LARS  166.6s
  2026-05-11  LARS  168.2s
  2026-05-12  LARS  167.4s
  2026-05-13  LARS  167.8s
  2026-05-14  LARS  168.5s
  2026-05-15  LARS  165.0s
  2026-05-16  LARS  162.6s
  2026-05-17  LARS  164.5s
  2026-05-18  LARS  164.1s
  2026-05-19  LARS  163.2s
  2026-05-20  LARS  164.0s
  2026-05-21  LARS  158.4s
  2026-05-22  LARS  160.9s
  2026-05-23  LARS  158.8s
  2026-05-24  LARS  145.2s
  2026-05-25  LARS  140.0s
  2026-05-26  LARS  143.4s
  2026-05-27  LARS  143.3s
  2026-05-28  LARS  142.8s
  2026-05-29  LARS  139.8s
  2026-05-30  LARS  139.9s
  2026-05-31  LARS  142.3s
  2026-06-01  LARS  140.8s
  2026-06-02  LARS  142.6s
  2026-06-03  LARS  140.9s
  2026-06-04  LARS  142.5s
  2026-06-05  LARS  141.5s
  2026-06-06  LARS  142.1s
  2026-06-07  LARS  141.5s
  2026-06-08  LARS  142.4s
  2026-06-09  LARS  141.9s
  2026-06-10  LARS  141.2s
  2026-06-11  LARS  140.6s
  2026-06-13  LARS  140.6s
  2026-06-14  LARS  144.7s
  2026-06-15  LARS  145.0s
  2026-06-16  LARS  146.5s
  2026-06-17  LARS  142.9s
  2026-06-18  LARS  148.1s
  2026-06-19  LARS  152.6s
  2026-06-20  LARS  150.1s
  2026-06-21  LARS  152.9s
  2026-06-22  LARS  152.5s
  2026-06-23  LARS  152.7s
  2026-06-24  LARS  151.5s
  2026-06-25  LARS  151.8s
  2026-06-26  LARS  150.5s
  2026-06-27  LARS  149.8s
  2026-06-28  LARS  151.9s
  2026-06-29  LARS  153.7s
  2026-06-30  LARS  152.9s
  2026-07-01  LARS  153.3s
  2026-07-02  LARS  152.6s
  2026-07-03  LARS  154.0s
  2026-07-04  LARS  151.4s
  2026-07-05  LARS  151.4s
  2026-07-06  LARS  150.3s
  2026-07-07  LARS  151.3s
  2026-07-08  LARS  152.8s
  2026-07-09  LARS  150.6s
  2026-07-10  LARS  152.2s
  2026-07-11  LARS  142.6s
  2026-07-12  LARS  140.5s
  2026-07-13  LARS  142.3s
  2026-07-14  LARS  140.5s
  2026-07-15  LARS  141.2s
  2026-07-16  LARS  140.0s
  2026-07-17  LARS  139.6s
  2026-07-18  LARS  139.4s
  2026-07-19  LARS  141.8s
  2026-07-20  LARS  143.2s
  2026-07-21  LARS  139.8s
  2026-07-22  LARS  136.1s
  2026-07-23  LARS  136.1s
  2026-07-24  LARS  132.0s
  2026-07-25  LARS  121.4s
  2026-07-26  LARS  121.4s
  2026-07-27  LARS  121.5s
  2026-07-28  LARS  121.9s
  2026-07-29  LARS  121.6s
  2026-07-30  LARS  121.3s
  2026-07-31  LARS  122.4s
Observations  : 28992
Invalid preds : 0
MAE           : 12.031
RMSE          : 22.017
Bias          : -0.586
Saved: forecast | runtime | metrics | config  ->  \\iipsrv-file1.iip.kit.edu\synergie\Group_EDM\Moritz\Data\Forecast\Forecast_results\lear_op_results\era5\d56\c25\exaa
finished=2026-08-17T12:50:29+02:00
status=success
