started=2026-08-11T09:19:44+02:00
cwd=C:\Users\mg8285\Documents\DA_Price_Forecasting_Pipeline_DE_LU-main
command=C:\Users\mg8285\Documents\DA_Price_Forecasting_Pipeline_DE_LU-main\forecast\Scripts\python.exe -m pipeline.lear.run_lear operational --config era5_d364_c5_fundamental
Number of dropped rows (days): 1
X shape    : (666, 633)
Y shape    : (666, 96)
Date range : 2024-10-03 -> 2026-07-31
  2025-10-01  LassoCV  455.0s
  2025-10-02  LassoCV  452.5s
  2025-10-03  LassoCV  457.8s
  2025-10-04  LassoCV  434.3s
  2025-10-05  LassoCV  433.6s
  2025-10-06  LassoCV  433.6s
  2025-10-07  LassoCV  422.4s
  2025-10-08  LassoCV  426.6s
  2025-10-09  LassoCV  431.4s
  2025-10-10  LassoCV  418.2s
  2025-10-11  LassoCV  420.0s
  2025-10-12  LassoCV  422.3s
  2025-10-13  LassoCV  426.4s
  2025-10-14  LassoCV  424.7s
  2025-10-15  LassoCV  421.2s
  2025-10-16  LassoCV  403.1s
  2025-10-17  LassoCV  415.7s
  2025-10-18  LassoCV  411.0s
  2025-10-19  LassoCV  432.4s
  2025-10-20  LassoCV  422.0s
  2025-10-21  LassoCV  430.8s
  2025-10-22  LassoCV  427.0s
  2025-10-23  LassoCV  423.0s
  2025-10-24  LassoCV  441.7s
  2025-10-25  LassoCV  426.4s
  2025-10-26  LassoCV  429.3s
  2025-10-27  LassoCV  425.7s
  2025-10-28  LassoCV  427.3s
  2025-10-29  LassoCV  410.6s
  2025-10-30  LassoCV  422.7s
  2025-10-31  LassoCV  408.0s
  2025-11-01  LassoCV  389.5s
  2025-11-02  LassoCV  390.3s
  2025-11-03  LassoCV  394.3s
  2025-11-04  LassoCV  385.9s
  2025-11-05  LassoCV  383.3s
  2025-11-06  LassoCV  391.4s
  2025-11-07  LassoCV  390.9s
  2025-11-08  LassoCV  390.0s
  2025-11-09  LassoCV  389.2s
  2025-11-10  LassoCV  393.5s
  2025-11-11  LassoCV  387.9s
  2025-11-12  LassoCV  399.0s
  2025-11-13  LassoCV  395.0s
  2025-11-14  LassoCV  399.6s
  2025-11-15  LassoCV  399.2s
  2025-11-16  LassoCV  400.8s
  2025-11-17  LassoCV  395.3s
  2025-11-18  LassoCV  409.9s
  2025-11-19  LassoCV  407.5s
  2025-11-20  LassoCV  402.4s
  2025-11-21  LassoCV  399.1s
  2025-11-22  LassoCV  405.1s
  2025-11-23  LassoCV  403.4s
  2025-11-24  LassoCV  401.0s
  2025-11-25  LassoCV  407.4s
  2025-11-26  LassoCV  401.5s
  2025-11-27  LassoCV  402.2s
  2025-11-28  LassoCV  396.0s
  2025-11-29  LassoCV  398.5s
  2025-11-30  LassoCV  406.0s
  2025-12-01  LassoCV  405.5s
  2025-12-02  LassoCV  397.0s
  2025-12-03  LassoCV  409.7s
  2025-12-04  LassoCV  405.5s
  2025-12-05  LassoCV  405.4s
  2025-12-06  LassoCV  401.6s
  2025-12-07  LassoCV  406.4s
  2025-12-08  LassoCV  400.3s
  2025-12-09  LassoCV  403.6s
  2025-12-10  LassoCV  407.3s
  2025-12-11  LassoCV  405.8s
  2025-12-12  LassoCV  410.5s
  2025-12-13  LassoCV  408.3s
  2025-12-14  LassoCV  403.4s
  2025-12-15  LassoCV  412.9s
  2025-12-16  LassoCV  415.5s
  2025-12-17  LassoCV  416.0s
  2025-12-18  LassoCV  421.7s
  2025-12-19  LassoCV  421.1s
  2025-12-20  LassoCV  424.3s
  2025-12-21  LassoCV  429.8s
  2025-12-22  LassoCV  429.1s
  2025-12-23  LassoCV  428.4s
  2025-12-24  LassoCV  432.2s
  2025-12-25  LassoCV  433.8s
  2025-12-26  LassoCV  420.6s
  2025-12-27  LassoCV  423.7s
  2025-12-28  LassoCV  426.3s
  2025-12-29  LassoCV  418.6s
  2025-12-30  LassoCV  424.0s
  2025-12-31  LassoCV  422.1s
  2026-01-01  LassoCV  423.5s
  2026-01-02  LassoCV  413.6s
  2026-01-03  LassoCV  408.6s
  2026-01-04  LassoCV  406.8s
  2026-01-05  LassoCV  410.3s
  2026-01-06  LassoCV  417.0s
  2026-01-07  LassoCV  414.4s
  2026-01-08  LassoCV  415.1s
  2026-01-09  LassoCV  424.4s
  2026-01-10  LassoCV  429.7s
  2026-01-11  LassoCV  427.0s
  2026-01-12  LassoCV  435.7s
  2026-01-13  LassoCV  422.7s
  2026-01-14  LassoCV  435.3s
  2026-01-15  LassoCV  437.2s
  2026-01-16  LassoCV  412.2s
  2026-01-17  LassoCV  423.9s
  2026-01-18  LassoCV  424.4s
  2026-01-19  LassoCV  425.0s
  2026-01-20  LassoCV  428.2s
  2026-01-21  LassoCV  441.6s
  2026-01-23  LassoCV  436.1s
  2026-01-24  LassoCV  444.4s
  2026-01-25  LassoCV  439.6s
  2026-01-26  LassoCV  455.2s
  2026-01-27  LassoCV  456.3s
  2026-01-28  LassoCV  450.0s
  2026-01-29  LassoCV  446.7s
  2026-01-30  LassoCV  441.6s
  2026-01-31  LassoCV  446.8s
  2026-02-01  LassoCV  441.5s
  2026-02-02  LassoCV  439.1s
  2026-02-03  LassoCV  443.0s
  2026-02-04  LassoCV  435.0s
  2026-02-05  LassoCV  442.5s
  2026-02-06  LassoCV  446.4s
  2026-02-07  LassoCV  446.2s
  2026-02-08  LassoCV  447.7s
  2026-02-09  LassoCV  441.8s
  2026-02-10  LassoCV  440.7s
  2026-02-11  LassoCV  434.4s
  2026-02-12  LassoCV  442.8s
  2026-02-13  LassoCV  423.5s
  2026-02-14  LassoCV  457.7s
  2026-02-15  LassoCV  456.1s
  2026-02-16  LassoCV  445.0s
  2026-02-17  LassoCV  442.7s
  2026-02-18  LassoCV  454.4s
  2026-02-19  LassoCV  461.1s
  2026-02-20  LassoCV  448.3s
  2026-02-21  LassoCV  439.6s
  2026-02-22  LassoCV  447.8s
  2026-02-23  LassoCV  438.9s
  2026-02-24  LassoCV  434.5s
  2026-02-25  LassoCV  439.1s
  2026-02-26  LassoCV  437.9s
  2026-02-27  LassoCV  441.4s
  2026-02-28  LassoCV  434.1s
  2026-03-01  LassoCV  441.2s
  2026-03-02  LassoCV  433.1s
  2026-03-03  LassoCV  445.9s
  2026-03-04  LassoCV  439.7s
  2026-03-05  LassoCV  432.1s
  2026-03-06  LassoCV  428.5s
  2026-03-07  LassoCV  430.3s
  2026-03-08  LassoCV  424.5s
  2026-03-09  LassoCV  427.3s
  2026-03-10  LassoCV  427.8s
  2026-03-11  LassoCV  435.1s
  2026-03-12  LassoCV  438.8s
  2026-03-13  LassoCV  435.0s
  2026-03-14  LassoCV  439.8s
  2026-03-15  LassoCV  429.7s
  2026-03-16  LassoCV  420.9s
  2026-03-17  LassoCV  424.1s
  2026-03-18  LassoCV  434.5s
  2026-03-19  LassoCV  434.9s
  2026-03-20  LassoCV  441.9s
  2026-03-21  LassoCV  436.7s
  2026-03-22  LassoCV  441.2s
  2026-03-23  LassoCV  447.6s
  2026-03-24  LassoCV  443.5s
  2026-03-25  LassoCV  439.5s
  2026-03-26  LassoCV  434.9s
  2026-03-27  LassoCV  440.0s
  2026-03-28  LassoCV  451.2s
  2026-03-29  LassoCV  455.6s
  2026-03-30  LassoCV  455.4s
  2026-03-31  LassoCV  450.7s
  2026-04-01  LassoCV  444.5s
  2026-04-02  LassoCV  445.4s
  2026-04-03  LassoCV  444.7s
  2026-04-04  LassoCV  440.7s
  2026-04-05  LassoCV  438.0s
  2026-04-06  LassoCV  440.7s
  2026-04-07  LassoCV  438.9s
  2026-04-08  LassoCV  434.1s
  2026-04-09  LassoCV  465.3s
  2026-04-10  LassoCV  441.2s
  2026-04-11  LassoCV  440.6s
  2026-04-12  LassoCV  449.3s
  2026-04-13  LassoCV  464.8s
  2026-04-14  LassoCV  466.9s
  2026-04-15  LassoCV  459.6s
  2026-04-16  LassoCV  437.4s
  2026-04-17  LassoCV  433.0s
  2026-04-18  LassoCV  438.6s
  2026-04-19  LassoCV  435.3s
  2026-04-20  LassoCV  430.2s
  2026-04-21  LassoCV  419.3s
  2026-04-22  LassoCV  428.8s
  2026-04-23  LassoCV  431.1s
  2026-04-24  LassoCV  424.4s
  2026-04-25  LassoCV  419.6s
  2026-04-26  LassoCV  427.5s
  2026-04-27  LassoCV  423.5s
  2026-04-28  LassoCV  434.8s
  2026-04-29  LassoCV  422.7s
  2026-04-30  LassoCV  421.2s
  2026-05-01  LassoCV  413.0s
  2026-05-02  LassoCV  458.1s
  2026-05-03  LassoCV  462.7s
  2026-05-04  LassoCV  453.8s
  2026-05-05  LassoCV  449.1s
  2026-05-06  LassoCV  440.1s
  2026-05-07  LassoCV  448.9s
  2026-05-08  LassoCV  440.3s
  2026-05-09  LassoCV  446.0s
  2026-05-10  LassoCV  446.8s
  2026-05-11  LassoCV  445.3s
  2026-05-12  LassoCV  439.6s
  2026-05-13  LassoCV  433.2s
  2026-05-14  LassoCV  445.1s
  2026-05-15  LassoCV  452.6s
  2026-05-16  LassoCV  443.2s
  2026-05-17  LassoCV  449.3s
  2026-05-18  LassoCV  451.2s
  2026-05-19  LassoCV  446.9s
  2026-05-20  LassoCV  445.0s
  2026-05-21  LassoCV  446.6s
  2026-05-22  LassoCV  444.4s
  2026-05-23  LassoCV  438.8s
  2026-05-24  LassoCV  430.3s
  2026-05-25  LassoCV  442.4s
  2026-05-26  LassoCV  450.7s
  2026-05-27  LassoCV  440.2s
  2026-05-28  LassoCV  442.0s
  2026-05-29  LassoCV  438.3s
  2026-05-30  LassoCV  438.7s
  2026-05-31  LassoCV  437.1s
  2026-06-01  LassoCV  444.3s
  2026-06-02  LassoCV  442.1s
  2026-06-03  LassoCV  428.9s
  2026-06-04  LassoCV  412.7s
  2026-06-05  LassoCV  406.1s
  2026-06-06  LassoCV  409.0s
  2026-06-07  LassoCV  409.4s
  2026-06-08  LassoCV  418.6s
  2026-06-09  LassoCV  416.9s
  2026-06-10  LassoCV  426.9s
  2026-06-11  LassoCV  420.8s
  2026-06-13  LassoCV  427.0s
  2026-06-14  LassoCV  421.3s
  2026-06-15  LassoCV  418.5s
  2026-06-16  LassoCV  423.3s
  2026-06-17  LassoCV  424.1s
  2026-06-18  LassoCV  412.6s
  2026-06-19  LassoCV  420.2s
  2026-06-20  LassoCV  422.1s
  2026-06-21  LassoCV  419.5s
  2026-06-22  LassoCV  424.8s
  2026-06-23  LassoCV  424.7s
  2026-06-24  LassoCV  414.6s
  2026-06-25  LassoCV  422.4s
  2026-06-26  LassoCV  416.7s
  2026-06-27  LassoCV  417.7s
  2026-06-28  LassoCV  415.3s
  2026-06-29  LassoCV  418.0s
  2026-06-30  LassoCV  412.1s
  2026-07-01  LassoCV  408.2s
  2026-07-02  LassoCV  407.1s
  2026-07-03  LassoCV  406.3s
  2026-07-04  LassoCV  407.5s
  2026-07-05  LassoCV  408.0s
  2026-07-06  LassoCV  398.6s
  2026-07-07  LassoCV  408.8s
  2026-07-08  LassoCV  406.0s
  2026-07-09  LassoCV  408.1s
  2026-07-10  LassoCV  411.2s
  2026-07-11  LassoCV  414.6s
  2026-07-12  LassoCV  418.2s
  2026-07-13  LassoCV  412.4s
  2026-07-14  LassoCV  405.8s
  2026-07-15  LassoCV  402.8s
  2026-07-16  LassoCV  403.7s
  2026-07-17  LassoCV  398.5s
  2026-07-18  LassoCV  396.5s
  2026-07-19  LassoCV  401.9s
  2026-07-20  LassoCV  399.6s
  2026-07-21  LassoCV  393.1s
  2026-07-22  LassoCV  400.3s
  2026-07-23  LassoCV  401.2s
  2026-07-24  LassoCV  399.3s
  2026-07-25  LassoCV  368.4s
  2026-07-26  LassoCV  404.9s
  2026-07-27  LassoCV  402.2s
  2026-07-28  LassoCV  406.7s
  2026-07-29  LassoCV  404.3s
  2026-07-30  LassoCV  401.4s
  2026-07-31  LassoCV  405.4s
Observations  : 28992
Invalid preds : 0
MAE           : 15.882
RMSE          : 27.933
Bias          : -0.579
Saved: forecast | runtime | metrics | config  ->  \\iipsrv-file1.iip.kit.edu\synergie\Group_EDM\Moritz\Data\Forecast\Forecast_results\lear_op_results\era5\d364\c5\fundamental
finished=2026-08-13T03:43:05+02:00
status=success
