started=2026-08-12T14:28:00+02:00
cwd=C:\Users\mg8285\Documents\DA_Price_Forecasting_Pipeline_DE_LU-main
command=C:\Users\mg8285\Documents\DA_Price_Forecasting_Pipeline_DE_LU-main\forecast\Scripts\python.exe -m pipeline.lear.run_lear operational --config era5_d56_c25_fundamental
Number of dropped rows (days): 1
X shape    : (666, 1593)
Y shape    : (666, 96)
Date range : 2024-10-03 -> 2026-07-31
  2025-10-01  LassoCV  164.5s
  2025-10-02  LassoCV  165.7s
  2025-10-03  LassoCV  157.9s
  2025-10-04  LassoCV  164.4s
  2025-10-05  LassoCV  164.7s
  2025-10-06  LassoCV  164.8s
  2025-10-07  LassoCV  169.9s
  2025-10-08  LassoCV  167.0s
  2025-10-09  LassoCV  169.6s
  2025-10-10  LassoCV  173.2s
  2025-10-11  LassoCV  166.7s
  2025-10-12  LassoCV  171.2s
  2025-10-13  LassoCV  165.7s
  2025-10-14  LassoCV  165.2s
  2025-10-15  LassoCV  161.0s
  2025-10-16  LassoCV  168.5s
  2025-10-17  LassoCV  168.6s
  2025-10-18  LassoCV  169.1s
  2025-10-19  LassoCV  173.1s
  2025-10-20  LassoCV  165.6s
  2025-10-21  LassoCV  166.3s
  2025-10-22  LassoCV  160.5s
  2025-10-23  LassoCV  169.0s
  2025-10-24  LassoCV  172.3s
  2025-10-25  LassoCV  166.8s
  2025-10-26  LassoCV  171.8s
  2025-10-27  LassoCV  172.3s
  2025-10-28  LassoCV  170.0s
  2025-10-29  LassoCV  171.8s
  2025-10-30  LassoCV  169.7s
  2025-10-31  LassoCV  169.2s
  2025-11-01  LassoCV  159.3s
  2025-11-02  LassoCV  155.7s
  2025-11-03  LassoCV  166.7s
  2025-11-04  LassoCV  170.3s
  2025-11-05  LassoCV  171.1s
  2025-11-06  LassoCV  167.8s
  2025-11-07  LassoCV  172.4s
  2025-11-08  LassoCV  173.4s
  2025-11-09  LassoCV  174.9s
  2025-11-10  LassoCV  175.9s
  2025-11-11  LassoCV  177.4s
  2025-11-12  LassoCV  175.3s
  2025-11-13  LassoCV  177.6s
  2025-11-14  LassoCV  169.3s
  2025-11-15  LassoCV  171.0s
  2025-11-16  LassoCV  173.6s
  2025-11-17  LassoCV  169.4s
  2025-11-18  LassoCV  170.6s
  2025-11-19  LassoCV  171.9s
  2025-11-20  LassoCV  166.5s
  2025-11-21  LassoCV  175.5s
  2025-11-22  LassoCV  173.6s
  2025-11-23  LassoCV  172.7s
  2025-11-24  LassoCV  168.0s
  2025-11-25  LassoCV  165.9s
  2025-11-26  LassoCV  174.3s
  2025-11-27  LassoCV  188.7s
  2025-11-28  LassoCV  192.2s
  2025-11-29  LassoCV  187.8s
  2025-11-30  LassoCV  188.3s
  2025-12-01  LARS  182.8s
  2025-12-02  LARS  172.8s
  2025-12-03  LARS  175.1s
  2025-12-04  LARS  172.2s
  2025-12-05  LARS  170.2s
  2025-12-06  LARS  171.8s
  2025-12-07  LARS  175.7s
  2025-12-08  LARS  170.3s
  2025-12-09  LARS  170.6s
  2025-12-10  LARS  169.6s
  2025-12-11  LARS  170.4s
  2025-12-12  LARS  167.9s
  2025-12-13  LARS  169.3s
  2025-12-14  LARS  162.1s
  2025-12-15  LARS  168.4s
  2025-12-16  LARS  169.2s
  2025-12-17  LARS  166.5s
  2025-12-18  LARS  168.6s
  2025-12-19  LARS  168.4s
  2025-12-20  LARS  171.8s
  2025-12-21  LARS  163.5s
  2025-12-22  LARS  166.0s
  2025-12-23  LARS  164.7s
  2025-12-24  LARS  173.5s
  2025-12-25  LARS  166.3s
  2025-12-26  LARS  162.3s
  2025-12-27  LARS  161.4s
  2025-12-28  LARS  166.9s
  2025-12-29  LARS  164.8s
  2025-12-30  LARS  166.8s
  2025-12-31  LARS  173.6s
  2026-01-01  LARS  171.8s
  2026-01-02  LARS  172.9s
  2026-01-03  LARS  170.3s
  2026-01-04  LARS  173.9s
  2026-01-05  LARS  170.5s
  2026-01-06  LARS  169.5s
  2026-01-07  LARS  170.5s
  2026-01-08  LARS  175.6s
  2026-01-09  LARS  179.4s
  2026-01-10  LARS  177.3s
  2026-01-11  LARS  176.6s
  2026-01-12  LARS  174.5s
  2026-01-13  LARS  177.0s
  2026-01-14  LARS  165.5s
  2026-01-15  LARS  172.9s
  2026-01-16  LARS  175.4s
  2026-01-17  LARS  171.1s
  2026-01-18  LARS  169.7s
  2026-01-19  LARS  174.3s
  2026-01-20  LARS  171.7s
  2026-01-21  LARS  172.8s
  2026-01-23  LARS  166.8s
  2026-01-24  LARS  170.0s
  2026-01-25  LARS  169.2s
  2026-01-26  LARS  169.6s
  2026-01-27  LARS  171.8s
  2026-01-28  LARS  179.3s
  2026-01-29  LARS  177.2s
  2026-01-30  LARS  179.3s
  2026-01-31  LARS  175.1s
  2026-02-01  LARS  178.1s
  2026-02-02  LARS  180.6s
  2026-02-03  LARS  181.6s
  2026-02-04  LARS  189.7s
  2026-02-05  LARS  180.1s
  2026-02-06  LARS  179.2s
  2026-02-07  LARS  178.1s
  2026-02-08  LARS  176.8s
  2026-02-09  LARS  178.8s
  2026-02-10  LARS  177.7s
  2026-02-11  LARS  180.0s
  2026-02-12  LARS  182.8s
  2026-02-13  LARS  178.4s
  2026-02-14  LARS  181.6s
  2026-02-15  LARS  179.1s
  2026-02-16  LARS  187.5s
  2026-02-17  LARS  181.1s
  2026-02-18  LARS  177.6s
  2026-02-19  LARS  166.7s
  2026-02-20  LARS  164.4s
  2026-02-21  LARS  167.7s
  2026-02-22  LARS  165.0s
  2026-02-23  LARS  165.7s
  2026-02-24  LARS  165.1s
  2026-02-25  LARS  186.3s
  2026-02-26  LARS  197.2s
  2026-02-27  LARS  191.2s
  2026-02-28  LARS  196.0s
  2026-03-01  LARS  196.0s
  2026-03-02  LARS  197.6s
  2026-03-03  LARS  201.7s
  2026-03-04  LARS  195.2s
  2026-03-05  LARS  191.0s
  2026-03-06  LARS  183.3s
  2026-03-07  LARS  187.9s
  2026-03-08  LARS  186.8s
  2026-03-09  LARS  181.9s
  2026-03-10  LARS  181.0s
  2026-03-11  LARS  197.3s
  2026-03-12  LARS  195.5s
  2026-03-13  LARS  185.8s
  2026-03-14  LARS  179.6s
  2026-03-15  LARS  191.5s
  2026-03-16  LARS  190.0s
  2026-03-17  LARS  186.9s
  2026-03-18  LARS  187.3s
  2026-03-19  LARS  181.8s
  2026-03-20  LARS  201.6s
  2026-03-21  LARS  191.3s
  2026-03-22  LARS  192.4s
  2026-03-23  LARS  187.3s
  2026-03-24  LARS  199.7s
  2026-03-25  LARS  195.4s
  2026-03-26  LARS  185.9s
  2026-03-27  LARS  198.1s
  2026-03-28  LARS  205.3s
  2026-03-29  LARS  199.8s
  2026-03-30  LARS  199.0s
  2026-03-31  LARS  197.5s
  2026-04-01  LARS  193.6s
  2026-04-02  LARS  182.1s
  2026-04-03  LARS  193.3s
  2026-04-04  LARS  197.2s
  2026-04-05  LARS  198.1s
  2026-04-06  LARS  194.3s
  2026-04-07  LARS  195.3s
  2026-04-08  LARS  193.4s
  2026-04-09  LARS  207.4s
  2026-04-10  LARS  210.3s
  2026-04-11  LARS  211.1s
  2026-04-12  LARS  211.8s
  2026-04-13  LARS  200.5s
  2026-04-14  LARS  201.8s
  2026-04-15  LARS  185.4s
  2026-04-16  LARS  188.5s
  2026-04-17  LARS  212.2s
  2026-04-18  LARS  202.3s
  2026-04-19  LARS  188.6s
  2026-04-20  LARS  193.7s
  2026-04-21  LARS  199.1s
  2026-04-22  LARS  191.3s
  2026-04-23  LARS  186.0s
  2026-04-24  LARS  185.4s
  2026-04-25  LARS  186.1s
  2026-04-26  LARS  169.2s
  2026-04-27  LARS  181.9s
  2026-04-28  LARS  171.3s
  2026-04-29  LARS  180.8s
  2026-04-30  LARS  191.2s
  2026-05-01  LARS  185.7s
  2026-05-02  LARS  185.2s
  2026-05-03  LARS  191.2s
  2026-05-04  LARS  190.0s
  2026-05-05  LARS  190.9s
  2026-05-06  LARS  190.6s
  2026-05-07  LARS  195.9s
  2026-05-08  LARS  196.4s
  2026-05-09  LARS  204.8s
  2026-05-10  LARS  205.6s
  2026-05-11  LARS  205.9s
  2026-05-12  LARS  214.4s
  2026-05-13  LARS  208.6s
  2026-05-14  LARS  211.7s
  2026-05-15  LARS  216.0s
  2026-05-16  LARS  207.9s
  2026-05-17  LARS  206.9s
  2026-05-18  LARS  202.9s
  2026-05-19  LARS  206.5s
  2026-05-20  LARS  197.8s
  2026-05-21  LARS  203.2s
  2026-05-22  LARS  200.1s
  2026-05-23  LARS  198.0s
  2026-05-24  LARS  201.7s
  2026-05-25  LARS  199.5s
  2026-05-26  LARS  204.4s
  2026-05-27  LARS  200.0s
  2026-05-28  LARS  206.4s
  2026-05-29  LARS  183.4s
  2026-05-30  LARS  174.7s
  2026-05-31  LARS  168.9s
  2026-06-01  LARS  174.1s
  2026-06-02  LARS  165.3s
  2026-06-03  LARS  177.1s
  2026-06-04  LARS  190.9s
  2026-06-05  LARS  194.1s
  2026-06-06  LARS  208.4s
  2026-06-07  LARS  209.2s
  2026-06-08  LARS  208.1s
  2026-06-09  LARS  211.5s
  2026-06-10  LARS  205.0s
  2026-06-11  LARS  210.5s
  2026-06-13  LARS  207.1s
  2026-06-14  LARS  211.6s
  2026-06-15  LARS  212.2s
  2026-06-16  LARS  219.9s
  2026-06-17  LARS  211.5s
  2026-06-18  LARS  222.6s
  2026-06-19  LARS  211.0s
  2026-06-20  LARS  212.4s
  2026-06-21  LARS  215.4s
  2026-06-22  LARS  211.5s
  2026-06-23  LARS  214.2s
  2026-06-24  LARS  218.7s
  2026-06-25  LARS  213.5s
  2026-06-26  LARS  217.8s
  2026-06-27  LARS  215.9s
  2026-06-28  LARS  205.7s
  2026-06-29  LARS  206.2s
  2026-06-30  LARS  213.0s
  2026-07-01  LARS  205.6s
  2026-07-02  LARS  218.6s
  2026-07-03  LARS  209.5s
  2026-07-04  LARS  211.8s
  2026-07-05  LARS  213.7s
  2026-07-06  LARS  211.0s
  2026-07-07  LARS  214.9s
  2026-07-08  LARS  215.9s
  2026-07-09  LARS  208.5s
  2026-07-10  LARS  217.2s
  2026-07-11  LARS  239.5s
  2026-07-12  LARS  222.4s
  2026-07-13  LARS  241.1s
  2026-07-14  LARS  235.6s
  2026-07-15  LARS  230.1s
  2026-07-16  LARS  233.7s
  2026-07-17  LARS  241.1s
  2026-07-18  LARS  235.5s
  2026-07-19  LARS  236.8s
  2026-07-20  LARS  228.0s
  2026-07-21  LARS  228.6s
  2026-07-22  LARS  224.3s
  2026-07-23  LARS  230.3s
  2026-07-24  LARS  234.7s
  2026-07-25  LARS  227.6s
  2026-07-26  LARS  224.3s
  2026-07-27  LARS  229.1s
  2026-07-28  LARS  222.7s
  2026-07-29  LARS  229.9s
  2026-07-30  LARS  228.0s
  2026-07-31  LARS  240.5s
Observations  : 28992
Invalid preds : 0
MAE           : 18.965
RMSE          : 35.839
Bias          : -2.558
Saved: forecast | runtime | metrics | config  ->  \\iipsrv-file1.iip.kit.edu\synergie\Group_EDM\Moritz\Data\Forecast\Forecast_results\lear_op_results\era5\d56\c25\fundamental
finished=2026-08-14T08:55:16+02:00
status=success
