started=2026-08-11T06:02:40+02:00
cwd=C:\Users\mg8285\Documents\DA_Price_Forecasting_Pipeline_DE_LU-main
command=C:\Users\mg8285\Documents\DA_Price_Forecasting_Pipeline_DE_LU-main\forecast\Scripts\python.exe -m pipeline.lear.run_lear operational --config era5_d56_c5_exaa
Number of dropped rows (days): 1
X shape    : (666, 729)
Y shape    : (666, 96)
Date range : 2024-10-03 -> 2026-07-31
  2025-10-01  LassoCV  86.6s
  2025-10-02  LassoCV  85.5s
  2025-10-03  LassoCV  87.5s
  2025-10-04  LassoCV  91.9s
  2025-10-05  LassoCV  87.7s
  2025-10-06  LassoCV  88.8s
  2025-10-07  LassoCV  88.0s
  2025-10-08  LassoCV  87.0s
  2025-10-09  LassoCV  90.6s
  2025-10-10  LassoCV  88.3s
  2025-10-11  LassoCV  92.6s
  2025-10-12  LassoCV  88.5s
  2025-10-13  LassoCV  86.9s
  2025-10-14  LassoCV  91.8s
  2025-10-15  LassoCV  89.2s
  2025-10-16  LassoCV  86.5s
  2025-10-17  LassoCV  91.1s
  2025-10-18  LassoCV  91.9s
  2025-10-19  LassoCV  90.7s
  2025-10-20  LassoCV  92.7s
  2025-10-21  LassoCV  92.6s
  2025-10-22  LassoCV  89.0s
  2025-10-23  LassoCV  93.7s
  2025-10-24  LassoCV  95.9s
  2025-10-25  LassoCV  92.9s
  2025-10-26  LassoCV  93.5s
  2025-10-27  LassoCV  93.3s
  2025-10-28  LassoCV  95.1s
  2025-10-29  LassoCV  96.1s
  2025-10-30  LassoCV  88.2s
  2025-10-31  LassoCV  93.3s
  2025-11-01  LassoCV  93.0s
  2025-11-02  LassoCV  95.9s
  2025-11-03  LassoCV  96.8s
  2025-11-04  LassoCV  94.6s
  2025-11-05  LassoCV  88.8s
  2025-11-06  LassoCV  93.6s
  2025-11-07  LassoCV  97.7s
  2025-11-08  LassoCV  97.1s
  2025-11-09  LassoCV  96.3s
  2025-11-10  LassoCV  97.2s
  2025-11-11  LassoCV  94.8s
  2025-11-12  LassoCV  94.5s
  2025-11-13  LassoCV  102.4s
  2025-11-14  LassoCV  94.3s
  2025-11-15  LassoCV  97.0s
  2025-11-16  LassoCV  96.7s
  2025-11-17  LassoCV  93.7s
  2025-11-18  LassoCV  99.1s
  2025-11-19  LassoCV  95.8s
  2025-11-20  LassoCV  97.5s
  2025-11-21  LassoCV  93.0s
  2025-11-22  LassoCV  91.5s
  2025-11-23  LassoCV  94.2s
  2025-11-24  LassoCV  93.0s
  2025-11-25  LassoCV  95.2s
  2025-11-26  LassoCV  96.4s
  2025-11-27  LassoCV  95.5s
  2025-11-28  LassoCV  97.3s
  2025-11-29  LassoCV  97.2s
  2025-11-30  LassoCV  96.9s
  2025-12-01  LARS  96.4s
  2025-12-02  LARS  93.4s
  2025-12-03  LARS  91.0s
  2025-12-04  LARS  93.7s
  2025-12-05  LARS  96.8s
  2025-12-06  LARS  95.7s
  2025-12-07  LARS  91.8s
  2025-12-08  LARS  96.3s
  2025-12-09  LARS  100.1s
  2025-12-10  LARS  94.1s
  2025-12-11  LARS  95.9s
  2025-12-12  LARS  95.0s
  2025-12-13  LARS  95.8s
  2025-12-14  LARS  94.3s
  2025-12-15  LARS  98.5s
  2025-12-16  LARS  100.1s
  2025-12-17  LARS  93.6s
  2025-12-18  LARS  94.9s
  2025-12-19  LARS  92.3s
  2025-12-20  LARS  92.6s
  2025-12-21  LARS  94.0s
  2025-12-22  LARS  93.0s
  2025-12-23  LARS  94.8s
  2025-12-24  LARS  95.4s
  2025-12-25  LARS  96.6s
  2025-12-26  LARS  94.4s
  2025-12-27  LARS  93.1s
  2025-12-28  LARS  94.3s
  2025-12-29  LARS  97.7s
  2025-12-30  LARS  98.2s
  2025-12-31  LARS  97.2s
  2026-01-01  LARS  95.1s
  2026-01-02  LARS  89.5s
  2026-01-03  LARS  96.0s
  2026-01-04  LARS  96.9s
  2026-01-05  LARS  101.9s
  2026-01-06  LARS  98.1s
  2026-01-07  LARS  98.8s
  2026-01-08  LARS  97.3s
  2026-01-09  LARS  95.0s
  2026-01-10  LARS  93.2s
  2026-01-11  LARS  96.2s
  2026-01-12  LARS  97.0s
  2026-01-13  LARS  96.4s
  2026-01-14  LARS  99.1s
  2026-01-15  LARS  100.4s
  2026-01-16  LARS  92.7s
  2026-01-17  LARS  94.5s
  2026-01-18  LARS  90.4s
  2026-01-19  LARS  85.2s
  2026-01-20  LARS  85.2s
  2026-01-21  LARS  84.7s
  2026-01-23  LARS  85.7s
  2026-01-24  LARS  85.4s
  2026-01-25  LARS  81.5s
  2026-01-26  LARS  84.5s
  2026-01-27  LARS  86.5s
  2026-01-28  LARS  86.1s
  2026-01-29  LARS  89.6s
  2026-01-30  LARS  87.9s
  2026-01-31  LARS  86.6s
  2026-02-01  LARS  90.5s
  2026-02-02  LARS  87.9s
  2026-02-03  LARS  92.2s
  2026-02-04  LARS  98.7s
  2026-02-05  LARS  99.7s
  2026-02-06  LARS  94.2s
  2026-02-07  LARS  85.5s
  2026-02-08  LARS  83.4s
  2026-02-09  LARS  88.1s
  2026-02-10  LARS  92.9s
  2026-02-11  LARS  94.8s
  2026-02-12  LARS  92.5s
  2026-02-13  LARS  87.7s
  2026-02-14  LARS  89.7s
  2026-02-15  LARS  81.3s
  2026-02-16  LARS  88.1s
  2026-02-17  LARS  89.8s
  2026-02-18  LARS  86.8s
  2026-02-19  LARS  87.3s
  2026-02-20  LARS  90.6s
  2026-02-21  LARS  82.8s
  2026-02-22  LARS  82.9s
  2026-02-23  LARS  86.0s
  2026-02-24  LARS  89.4s
  2026-02-25  LARS  85.8s
  2026-02-26  LARS  86.4s
  2026-02-27  LARS  85.1s
  2026-02-28  LARS  86.8s
  2026-03-01  LARS  84.5s
  2026-03-02  LARS  84.1s
  2026-03-03  LARS  86.9s
  2026-03-04  LARS  88.4s
  2026-03-05  LARS  86.2s
  2026-03-06  LARS  87.2s
  2026-03-07  LARS  83.3s
  2026-03-08  LARS  85.2s
  2026-03-09  LARS  84.7s
  2026-03-10  LARS  83.4s
  2026-03-11  LARS  85.8s
  2026-03-12  LARS  85.0s
  2026-03-13  LARS  84.6s
  2026-03-14  LARS  83.4s
  2026-03-15  LARS  83.4s
  2026-03-16  LARS  85.7s
  2026-03-17  LARS  85.7s
  2026-03-18  LARS  83.7s
  2026-03-19  LARS  86.8s
  2026-03-20  LARS  84.6s
  2026-03-21  LARS  86.2s
  2026-03-22  LARS  85.6s
  2026-03-23  LARS  91.8s
  2026-03-24  LARS  86.9s
  2026-03-25  LARS  88.7s
  2026-03-26  LARS  92.1s
  2026-03-27  LARS  85.3s
  2026-03-28  LARS  83.4s
  2026-03-29  LARS  84.7s
  2026-03-30  LARS  88.3s
  2026-03-31  LARS  90.3s
  2026-04-01  LARS  87.0s
  2026-04-02  LARS  92.1s
  2026-04-03  LARS  89.2s
  2026-04-04  LARS  87.9s
  2026-04-05  LARS  88.4s
  2026-04-06  LARS  87.4s
  2026-04-07  LARS  92.9s
  2026-04-08  LARS  92.7s
  2026-04-09  LARS  91.0s
  2026-04-10  LARS  91.0s
  2026-04-11  LARS  87.6s
  2026-04-12  LARS  91.8s
  2026-04-13  LARS  91.2s
  2026-04-14  LARS  90.3s
  2026-04-15  LARS  90.7s
  2026-04-16  LARS  85.9s
  2026-04-17  LARS  89.0s
  2026-04-18  LARS  84.8s
  2026-04-19  LARS  89.6s
  2026-04-20  LARS  87.7s
  2026-04-21  LARS  86.4s
  2026-04-22  LARS  87.1s
  2026-04-23  LARS  80.3s
  2026-04-24  LARS  83.4s
  2026-04-25  LARS  84.5s
  2026-04-26  LARS  88.1s
  2026-04-27  LARS  86.2s
  2026-04-28  LARS  83.7s
  2026-04-29  LARS  82.9s
  2026-04-30  LARS  83.7s
  2026-05-01  LARS  82.1s
  2026-05-02  LARS  88.6s
  2026-05-03  LARS  85.8s
  2026-05-04  LARS  85.9s
  2026-05-05  LARS  86.1s
  2026-05-06  LARS  83.7s
  2026-05-07  LARS  81.9s
  2026-05-08  LARS  89.9s
  2026-05-09  LARS  88.8s
  2026-05-10  LARS  86.4s
  2026-05-11  LARS  89.2s
  2026-05-12  LARS  83.7s
  2026-05-13  LARS  88.0s
  2026-05-14  LARS  81.1s
  2026-05-15  LARS  92.1s
  2026-05-16  LARS  82.7s
  2026-05-17  LARS  89.6s
  2026-05-18  LARS  85.8s
  2026-05-19  LARS  86.7s
  2026-05-20  LARS  83.5s
  2026-05-21  LARS  84.6s
  2026-05-22  LARS  87.2s
  2026-05-23  LARS  87.0s
  2026-05-24  LARS  87.4s
  2026-05-25  LARS  83.7s
  2026-05-26  LARS  85.6s
  2026-05-27  LARS  92.6s
  2026-05-28  LARS  78.6s
  2026-05-29  LARS  86.6s
  2026-05-30  LARS  88.4s
  2026-05-31  LARS  91.0s
  2026-06-01  LARS  86.8s
  2026-06-02  LARS  82.6s
  2026-06-03  LARS  81.9s
  2026-06-04  LARS  75.7s
  2026-06-05  LARS  83.9s
  2026-06-06  LARS  87.5s
  2026-06-07  LARS  80.8s
  2026-06-08  LARS  87.3s
  2026-06-09  LARS  86.5s
  2026-06-10  LARS  92.0s
  2026-06-11  LARS  87.0s
  2026-06-13  LARS  87.8s
  2026-06-14  LARS  87.2s
  2026-06-15  LARS  90.5s
  2026-06-16  LARS  85.4s
  2026-06-17  LARS  94.6s
  2026-06-18  LARS  88.3s
  2026-06-19  LARS  89.4s
  2026-06-20  LARS  86.6s
  2026-06-21  LARS  84.2s
  2026-06-22  LARS  85.6s
  2026-06-23  LARS  81.5s
  2026-06-24  LARS  93.1s
  2026-06-25  LARS  83.8s
  2026-06-26  LARS  85.5s
  2026-06-27  LARS  86.0s
  2026-06-28  LARS  84.4s
  2026-06-29  LARS  84.4s
  2026-06-30  LARS  91.8s
  2026-07-01  LARS  91.3s
  2026-07-02  LARS  88.0s
  2026-07-03  LARS  90.3s
  2026-07-04  LARS  87.0s
  2026-07-05  LARS  87.5s
  2026-07-06  LARS  79.9s
  2026-07-07  LARS  83.1s
  2026-07-08  LARS  82.7s
  2026-07-09  LARS  78.3s
  2026-07-10  LARS  75.0s
  2026-07-11  LARS  76.4s
  2026-07-12  LARS  76.8s
  2026-07-13  LARS  75.8s
  2026-07-14  LARS  78.1s
  2026-07-15  LARS  77.9s
  2026-07-16  LARS  76.8s
  2026-07-17  LARS  80.4s
  2026-07-18  LARS  76.8s
  2026-07-19  LARS  66.9s
  2026-07-20  LARS  67.7s
  2026-07-21  LARS  77.4s
  2026-07-22  LARS  71.7s
  2026-07-23  LARS  73.5s
  2026-07-24  LARS  73.8s
  2026-07-25  LARS  68.3s
  2026-07-26  LARS  71.6s
  2026-07-27  LARS  73.3s
  2026-07-28  LARS  74.0s
  2026-07-29  LARS  76.9s
  2026-07-30  LARS  76.4s
  2026-07-31  LARS  75.7s
Observations  : 28992
Invalid preds : 0
MAE           : 11.593
RMSE          : 20.980
Bias          : -0.275
Saved: forecast | runtime | metrics | config  ->  \\iipsrv-file1.iip.kit.edu\synergie\Group_EDM\Moritz\Data\Forecast\Forecast_results\lear_op_results\era5\d56\c5\exaa
finished=2026-08-12T14:28:00+02:00
status=success
