started=2026-08-10T23:07:36+02:00
cwd=C:\Users\mg8285\Documents\DA_Price_Forecasting_Pipeline_DE_LU-main
command=C:\Users\mg8285\Documents\DA_Price_Forecasting_Pipeline_DE_LU-main\forecast\Scripts\python.exe -m pipeline.lear.run_lear operational --config era5_d56_c5_fundamental
Number of dropped rows (days): 1
X shape    : (666, 633)
Y shape    : (666, 96)
Date range : 2024-10-03 -> 2026-07-31
  2025-10-01  LassoCV  103.7s
  2025-10-02  LassoCV  104.7s
  2025-10-03  LassoCV  101.5s
  2025-10-04  LassoCV  103.9s
  2025-10-05  LassoCV  100.6s
  2025-10-06  LassoCV  98.3s
  2025-10-07  LassoCV  98.9s
  2025-10-08  LassoCV  102.8s
  2025-10-09  LassoCV  100.4s
  2025-10-10  LassoCV  103.2s
  2025-10-11  LassoCV  98.4s
  2025-10-12  LassoCV  104.2s
  2025-10-13  LassoCV  99.2s
  2025-10-14  LassoCV  95.0s
  2025-10-15  LassoCV  100.6s
  2025-10-16  LassoCV  97.1s
  2025-10-17  LassoCV  99.0s
  2025-10-18  LassoCV  101.1s
  2025-10-19  LassoCV  98.9s
  2025-10-20  LassoCV  100.4s
  2025-10-21  LassoCV  97.6s
  2025-10-22  LassoCV  96.4s
  2025-10-23  LassoCV  97.5s
  2025-10-24  LassoCV  94.6s
  2025-10-25  LassoCV  93.3s
  2025-10-26  LassoCV  91.5s
  2025-10-27  LassoCV  93.7s
  2025-10-28  LassoCV  93.4s
  2025-10-29  LassoCV  97.2s
  2025-10-30  LassoCV  97.2s
  2025-10-31  LassoCV  93.7s
  2025-11-01  LassoCV  94.7s
  2025-11-02  LassoCV  91.8s
  2025-11-03  LassoCV  93.7s
  2025-11-04  LassoCV  96.1s
  2025-11-05  LassoCV  96.5s
  2025-11-06  LassoCV  98.2s
  2025-11-07  LassoCV  94.1s
  2025-11-08  LassoCV  96.8s
  2025-11-09  LassoCV  97.9s
  2025-11-10  LassoCV  99.3s
  2025-11-11  LassoCV  100.2s
  2025-11-12  LassoCV  100.4s
  2025-11-13  LassoCV  101.2s
  2025-11-14  LassoCV  100.9s
  2025-11-15  LassoCV  100.2s
  2025-11-16  LassoCV  98.7s
  2025-11-17  LassoCV  99.9s
  2025-11-18  LassoCV  101.2s
  2025-11-19  LassoCV  96.3s
  2025-11-20  LassoCV  91.6s
  2025-11-21  LassoCV  93.5s
  2025-11-22  LassoCV  96.4s
  2025-11-23  LassoCV  93.2s
  2025-11-24  LassoCV  91.0s
  2025-11-25  LassoCV  92.1s
  2025-11-26  LassoCV  90.4s
  2025-11-27  LassoCV  89.2s
  2025-11-28  LassoCV  91.8s
  2025-11-29  LassoCV  92.2s
  2025-11-30  LassoCV  92.6s
  2025-12-01  LARS  78.6s
  2025-12-02  LARS  76.7s
  2025-12-03  LARS  79.0s
  2025-12-04  LARS  79.7s
  2025-12-05  LARS  81.0s
  2025-12-06  LARS  77.3s
  2025-12-07  LARS  77.0s
  2025-12-08  LARS  75.3s
  2025-12-09  LARS  78.0s
  2025-12-10  LARS  80.0s
  2025-12-11  LARS  73.8s
  2025-12-12  LARS  76.0s
  2025-12-13  LARS  76.3s
  2025-12-14  LARS  79.2s
  2025-12-15  LARS  76.4s
  2025-12-16  LARS  72.6s
  2025-12-17  LARS  78.2s
  2025-12-18  LARS  75.3s
  2025-12-19  LARS  77.2s
  2025-12-20  LARS  77.7s
  2025-12-21  LARS  74.5s
  2025-12-22  LARS  74.8s
  2025-12-23  LARS  74.1s
  2025-12-24  LARS  76.3s
  2025-12-25  LARS  78.6s
  2025-12-26  LARS  77.7s
  2025-12-27  LARS  79.8s
  2025-12-28  LARS  75.9s
  2025-12-29  LARS  76.5s
  2025-12-30  LARS  76.7s
  2025-12-31  LARS  76.5s
  2026-01-01  LARS  76.6s
  2026-01-02  LARS  74.0s
  2026-01-03  LARS  79.5s
  2026-01-04  LARS  79.8s
  2026-01-05  LARS  77.8s
  2026-01-06  LARS  80.9s
  2026-01-07  LARS  78.7s
  2026-01-08  LARS  77.3s
  2026-01-09  LARS  77.1s
  2026-01-10  LARS  77.4s
  2026-01-11  LARS  78.3s
  2026-01-12  LARS  77.4s
  2026-01-13  LARS  81.6s
  2026-01-14  LARS  75.5s
  2026-01-15  LARS  78.5s
  2026-01-16  LARS  78.5s
  2026-01-17  LARS  77.9s
  2026-01-18  LARS  77.8s
  2026-01-19  LARS  80.1s
  2026-01-20  LARS  80.9s
  2026-01-21  LARS  79.8s
  2026-01-23  LARS  78.7s
  2026-01-24  LARS  73.5s
  2026-01-25  LARS  73.7s
  2026-01-26  LARS  72.6s
  2026-01-27  LARS  79.3s
  2026-01-28  LARS  83.5s
  2026-01-29  LARS  80.3s
  2026-01-30  LARS  79.3s
  2026-01-31  LARS  81.6s
  2026-02-01  LARS  82.0s
  2026-02-02  LARS  86.4s
  2026-02-03  LARS  83.0s
  2026-02-04  LARS  84.7s
  2026-02-05  LARS  80.5s
  2026-02-06  LARS  82.8s
  2026-02-07  LARS  67.6s
  2026-02-08  LARS  65.2s
  2026-02-09  LARS  75.1s
  2026-02-10  LARS  68.5s
  2026-02-11  LARS  67.9s
  2026-02-12  LARS  69.4s
  2026-02-13  LARS  64.5s
  2026-02-14  LARS  64.0s
  2026-02-15  LARS  69.4s
  2026-02-16  LARS  73.3s
  2026-02-17  LARS  70.1s
  2026-02-18  LARS  67.1s
  2026-02-19  LARS  68.6s
  2026-02-20  LARS  64.1s
  2026-02-21  LARS  65.9s
  2026-02-22  LARS  74.1s
  2026-02-23  LARS  69.3s
  2026-02-24  LARS  70.5s
  2026-02-25  LARS  68.3s
  2026-02-26  LARS  66.5s
  2026-02-27  LARS  66.3s
  2026-02-28  LARS  66.7s
  2026-03-01  LARS  74.7s
  2026-03-02  LARS  68.5s
  2026-03-03  LARS  68.0s
  2026-03-04  LARS  69.3s
  2026-03-05  LARS  67.3s
  2026-03-06  LARS  67.3s
  2026-03-07  LARS  70.1s
  2026-03-08  LARS  72.5s
  2026-03-09  LARS  69.5s
  2026-03-10  LARS  67.6s
  2026-03-11  LARS  71.6s
  2026-03-12  LARS  65.8s
  2026-03-13  LARS  68.1s
  2026-03-14  LARS  72.8s
  2026-03-15  LARS  68.7s
  2026-03-16  LARS  71.3s
  2026-03-17  LARS  69.7s
  2026-03-18  LARS  70.4s
  2026-03-19  LARS  66.3s
  2026-03-20  LARS  68.2s
  2026-03-21  LARS  74.7s
  2026-03-22  LARS  69.5s
  2026-03-23  LARS  70.6s
  2026-03-24  LARS  71.9s
  2026-03-25  LARS  67.2s
  2026-03-26  LARS  68.5s
  2026-03-27  LARS  70.3s
  2026-03-28  LARS  73.3s
  2026-03-29  LARS  69.4s
  2026-03-30  LARS  69.8s
  2026-03-31  LARS  69.5s
  2026-04-01  LARS  66.4s
  2026-04-02  LARS  67.8s
  2026-04-03  LARS  75.0s
  2026-04-04  LARS  69.0s
  2026-04-05  LARS  70.8s
  2026-04-06  LARS  70.4s
  2026-04-07  LARS  66.7s
  2026-04-08  LARS  65.4s
  2026-04-09  LARS  66.9s
  2026-04-10  LARS  72.7s
  2026-04-11  LARS  65.0s
  2026-04-12  LARS  66.8s
  2026-04-13  LARS  69.9s
  2026-04-14  LARS  64.5s
  2026-04-15  LARS  63.8s
  2026-04-16  LARS  65.7s
  2026-04-17  LARS  77.7s
  2026-04-18  LARS  66.6s
  2026-04-19  LARS  66.1s
  2026-04-20  LARS  68.6s
  2026-04-21  LARS  70.8s
  2026-04-22  LARS  86.0s
  2026-04-23  LARS  86.4s
  2026-04-24  LARS  87.0s
  2026-04-25  LARS  85.5s
  2026-04-26  LARS  89.1s
  2026-04-27  LARS  86.0s
  2026-04-28  LARS  82.1s
  2026-04-29  LARS  85.0s
  2026-04-30  LARS  89.1s
  2026-05-01  LARS  89.6s
  2026-05-02  LARS  86.1s
  2026-05-03  LARS  88.4s
  2026-05-04  LARS  89.0s
  2026-05-05  LARS  84.4s
  2026-05-06  LARS  84.0s
  2026-05-07  LARS  85.6s
  2026-05-08  LARS  85.9s
  2026-05-09  LARS  87.3s
  2026-05-10  LARS  85.0s
  2026-05-11  LARS  89.3s
  2026-05-12  LARS  87.2s
  2026-05-13  LARS  86.1s
  2026-05-14  LARS  87.3s
  2026-05-15  LARS  85.7s
  2026-05-16  LARS  85.3s
  2026-05-17  LARS  86.3s
  2026-05-18  LARS  84.5s
  2026-05-19  LARS  87.1s
  2026-05-20  LARS  84.3s
  2026-05-21  LARS  87.4s
  2026-05-22  LARS  85.0s
  2026-05-23  LARS  83.6s
  2026-05-24  LARS  85.4s
  2026-05-25  LARS  84.4s
  2026-05-26  LARS  85.5s
  2026-05-27  LARS  87.4s
  2026-05-28  LARS  87.2s
  2026-05-29  LARS  86.4s
  2026-05-30  LARS  83.3s
  2026-05-31  LARS  86.4s
  2026-06-01  LARS  87.4s
  2026-06-02  LARS  83.0s
  2026-06-03  LARS  87.5s
  2026-06-04  LARS  84.7s
  2026-06-05  LARS  85.6s
  2026-06-06  LARS  85.2s
  2026-06-07  LARS  86.4s
  2026-06-08  LARS  81.7s
  2026-06-09  LARS  84.7s
  2026-06-10  LARS  83.7s
  2026-06-11  LARS  85.1s
  2026-06-13  LARS  83.7s
  2026-06-14  LARS  82.9s
  2026-06-15  LARS  86.3s
  2026-06-16  LARS  82.5s
  2026-06-17  LARS  85.2s
  2026-06-18  LARS  85.7s
  2026-06-19  LARS  91.2s
  2026-06-20  LARS  87.8s
  2026-06-21  LARS  81.7s
  2026-06-22  LARS  83.8s
  2026-06-23  LARS  85.8s
  2026-06-24  LARS  86.2s
  2026-06-25  LARS  85.4s
  2026-06-26  LARS  86.1s
  2026-06-27  LARS  85.9s
  2026-06-28  LARS  86.0s
  2026-06-29  LARS  86.1s
  2026-06-30  LARS  85.4s
  2026-07-01  LARS  88.5s
  2026-07-02  LARS  90.3s
  2026-07-03  LARS  88.5s
  2026-07-04  LARS  87.3s
  2026-07-05  LARS  87.0s
  2026-07-06  LARS  84.9s
  2026-07-07  LARS  85.7s
  2026-07-08  LARS  86.8s
  2026-07-09  LARS  85.1s
  2026-07-10  LARS  82.1s
  2026-07-11  LARS  83.6s
  2026-07-12  LARS  83.7s
  2026-07-13  LARS  85.0s
  2026-07-14  LARS  84.2s
  2026-07-15  LARS  87.3s
  2026-07-16  LARS  83.3s
  2026-07-17  LARS  83.2s
  2026-07-18  LARS  83.5s
  2026-07-19  LARS  86.5s
  2026-07-20  LARS  85.7s
  2026-07-21  LARS  85.2s
  2026-07-22  LARS  87.9s
  2026-07-23  LARS  84.8s
  2026-07-24  LARS  83.7s
  2026-07-25  LARS  86.4s
  2026-07-26  LARS  85.5s
  2026-07-27  LARS  83.5s
  2026-07-28  LARS  84.8s
  2026-07-29  LARS  85.4s
  2026-07-30  LARS  88.1s
  2026-07-31  LARS  87.3s
Observations  : 28992
Invalid preds : 0
MAE           : 18.224
RMSE          : 32.060
Bias          : -1.202
Saved: forecast | runtime | metrics | config  ->  \\iipsrv-file1.iip.kit.edu\synergie\Group_EDM\Moritz\Data\Forecast\Forecast_results\lear_op_results\era5\d56\c5\fundamental
finished=2026-08-11T06:02:40+02:00
status=success
