started=2026-08-11T09:20:33+02:00
cwd=C:\Users\mg8285\Documents\DA_Price_Forecasting_Pipeline_DE_LU-main
command=C:\Users\mg8285\Documents\DA_Price_Forecasting_Pipeline_DE_LU-main\forecast\Scripts\python.exe -m pipeline.lear.run_lear operational --config era5_d364_c25_exaa
Number of dropped rows (days): 1
X shape    : (666, 1689)
Y shape    : (666, 96)
Date range : 2024-10-03 -> 2026-07-31
  2025-10-01  LassoCV  664.7s
  2025-10-02  LassoCV  654.7s
  2025-10-03  LassoCV  623.9s
  2025-10-04  LassoCV  637.1s
  2025-10-05  LassoCV  610.1s
  2025-10-06  LassoCV  624.4s
  2025-10-07  LassoCV  634.7s
  2025-10-08  LassoCV  658.0s
  2025-10-09  LassoCV  667.0s
  2025-10-10  LassoCV  641.6s
  2025-10-11  LassoCV  610.9s
  2025-10-12  LassoCV  601.3s
  2025-10-13  LassoCV  633.4s
  2025-10-14  LassoCV  626.7s
  2025-10-15  LassoCV  619.4s
  2025-10-16  LassoCV  646.9s
  2025-10-17  LassoCV  639.6s
  2025-10-18  LassoCV  667.6s
  2025-10-19  LassoCV  662.4s
  2025-10-20  LassoCV  664.6s
  2025-10-21  LassoCV  582.7s
  2025-10-22  LassoCV  531.8s
  2025-10-23  LassoCV  553.1s
  2025-10-24  LassoCV  546.1s
  2025-10-25  LassoCV  553.2s
  2025-10-26  LassoCV  537.3s
  2025-10-27  LassoCV  550.0s
  2025-10-28  LassoCV  542.4s
  2025-10-29  LassoCV  541.4s
  2025-10-30  LassoCV  540.7s
  2025-10-31  LassoCV  532.1s
  2025-11-01  LassoCV  545.6s
  2025-11-02  LassoCV  528.9s
  2025-11-03  LassoCV  543.7s
  2025-11-04  LassoCV  529.3s
  2025-11-05  LassoCV  520.3s
  2025-11-06  LassoCV  521.4s
  2025-11-07  LassoCV  514.3s
  2025-11-08  LassoCV  515.4s
  2025-11-09  LassoCV  511.2s
  2025-11-10  LassoCV  522.9s
  2025-11-11  LassoCV  516.6s
  2025-11-12  LassoCV  526.0s
  2025-11-13  LassoCV  522.9s
  2025-11-14  LassoCV  512.4s
  2025-11-15  LassoCV  521.5s
  2025-11-16  LassoCV  513.3s
  2025-11-17  LassoCV  518.6s
  2025-11-18  LassoCV  504.6s
  2025-11-19  LassoCV  513.1s
  2025-11-20  LassoCV  508.2s
  2025-11-21  LassoCV  502.4s
  2025-11-22  LassoCV  485.3s
  2025-11-23  LassoCV  499.4s
  2025-11-24  LassoCV  501.4s
  2025-11-25  LassoCV  492.1s
  2025-11-26  LassoCV  491.1s
  2025-11-27  LassoCV  502.8s
  2025-11-28  LassoCV  503.9s
  2025-11-29  LassoCV  501.2s
  2025-11-30  LassoCV  491.3s
  2025-12-01  LassoCV  501.2s
  2025-12-02  LassoCV  484.5s
  2025-12-03  LassoCV  495.4s
  2025-12-04  LassoCV  483.1s
  2025-12-05  LassoCV  482.8s
  2025-12-06  LassoCV  488.9s
  2025-12-07  LassoCV  495.0s
  2025-12-08  LassoCV  490.8s
  2025-12-09  LassoCV  490.3s
  2025-12-10  LassoCV  504.2s
  2025-12-11  LassoCV  516.3s
  2025-12-12  LassoCV  500.5s
  2025-12-13  LassoCV  517.5s
  2025-12-14  LassoCV  510.3s
  2025-12-15  LassoCV  526.0s
  2025-12-16  LassoCV  523.1s
  2025-12-17  LassoCV  516.5s
  2025-12-18  LassoCV  532.9s
  2025-12-19  LassoCV  511.6s
  2025-12-20  LassoCV  520.4s
  2025-12-21  LassoCV  492.1s
  2025-12-22  LassoCV  493.9s
  2025-12-23  LassoCV  495.1s
  2025-12-24  LassoCV  503.1s
  2025-12-25  LassoCV  501.7s
  2025-12-26  LassoCV  495.3s
  2025-12-27  LassoCV  495.9s
  2025-12-28  LassoCV  491.8s
  2025-12-29  LassoCV  492.7s
  2025-12-30  LassoCV  492.1s
  2025-12-31  LassoCV  505.0s
  2026-01-01  LassoCV  495.6s
  2026-01-02  LassoCV  500.1s
  2026-01-03  LassoCV  501.6s
  2026-01-04  LassoCV  501.3s
  2026-01-05  LassoCV  463.7s
  2026-01-06  LassoCV  445.1s
  2026-01-07  LassoCV  453.4s
  2026-01-08  LassoCV  456.3s
  2026-01-09  LassoCV  455.8s
  2026-01-10  LassoCV  453.2s
  2026-01-11  LassoCV  458.7s
  2026-01-12  LassoCV  459.9s
  2026-01-13  LassoCV  456.9s
  2026-01-14  LassoCV  472.8s
  2026-01-15  LassoCV  456.7s
  2026-01-16  LassoCV  461.0s
  2026-01-17  LassoCV  458.2s
  2026-01-18  LassoCV  458.5s
  2026-01-19  LassoCV  460.8s
  2026-01-20  LassoCV  467.5s
  2026-01-21  LassoCV  469.9s
  2026-01-23  LassoCV  470.8s
  2026-01-24  LassoCV  466.0s
  2026-01-25  LassoCV  470.5s
  2026-01-26  LassoCV  469.6s
  2026-01-27  LassoCV  467.1s
  2026-01-28  LassoCV  460.0s
  2026-01-29  LassoCV  467.0s
  2026-01-30  LassoCV  459.4s
  2026-01-31  LassoCV  470.3s
  2026-02-01  LassoCV  469.7s
  2026-02-02  LassoCV  470.7s
  2026-02-03  LassoCV  473.9s
  2026-02-04  LassoCV  470.6s
  2026-02-05  LassoCV  466.7s
  2026-02-06  LassoCV  478.9s
  2026-02-07  LassoCV  468.7s
  2026-02-08  LassoCV  471.4s
  2026-02-09  LassoCV  461.7s
  2026-02-10  LassoCV  466.2s
  2026-02-11  LassoCV  463.9s
  2026-02-12  LassoCV  466.3s
  2026-02-13  LassoCV  462.4s
  2026-02-14  LassoCV  468.9s
  2026-02-15  LassoCV  461.8s
  2026-02-16  LassoCV  470.0s
  2026-02-17  LassoCV  463.7s
  2026-02-18  LassoCV  471.1s
  2026-02-19  LassoCV  465.9s
  2026-02-20  LassoCV  471.2s
  2026-02-21  LassoCV  463.2s
  2026-02-22  LassoCV  468.5s
  2026-02-23  LassoCV  459.4s
  2026-02-24  LassoCV  469.1s
  2026-02-25  LassoCV  466.0s
  2026-02-26  LassoCV  478.5s
  2026-02-27  LassoCV  483.5s
  2026-02-28  LassoCV  471.3s
  2026-03-01  LassoCV  479.9s
  2026-03-02  LassoCV  484.4s
  2026-03-03  LassoCV  488.1s
  2026-03-04  LassoCV  467.6s
  2026-03-05  LassoCV  488.8s
  2026-03-06  LassoCV  484.7s
  2026-03-07  LassoCV  475.5s
  2026-03-08  LassoCV  476.2s
  2026-03-09  LassoCV  460.4s
  2026-03-10  LassoCV  426.1s
  2026-03-11  LassoCV  422.7s
  2026-03-12  LassoCV  432.1s
  2026-03-13  LassoCV  432.6s
  2026-03-14  LassoCV  429.7s
  2026-03-15  LassoCV  429.7s
  2026-03-16  LassoCV  427.8s
  2026-03-17  LassoCV  437.5s
  2026-03-18  LassoCV  433.7s
  2026-03-19  LassoCV  434.7s
  2026-03-20  LassoCV  431.6s
  2026-03-21  LassoCV  433.0s
  2026-03-22  LassoCV  432.7s
  2026-03-23  LassoCV  478.5s
  2026-03-24  LassoCV  525.9s
  2026-03-25  LassoCV  495.4s
  2026-03-26  LassoCV  497.8s
  2026-03-27  LassoCV  503.4s
  2026-03-28  LassoCV  524.1s
  2026-03-29  LassoCV  514.0s
  2026-03-30  LassoCV  502.4s
  2026-03-31  LassoCV  486.3s
  2026-04-01  LassoCV  489.7s
  2026-04-02  LassoCV  489.8s
  2026-04-03  LassoCV  485.9s
  2026-04-04  LassoCV  455.6s
  2026-04-05  LassoCV  495.4s
  2026-04-06  LassoCV  494.1s
  2026-04-07  LassoCV  490.1s
  2026-04-08  LassoCV  492.7s
  2026-04-09  LassoCV  498.7s
  2026-04-10  LassoCV  501.3s
  2026-04-11  LassoCV  504.1s
  2026-04-12  LassoCV  489.0s
  2026-04-13  LassoCV  712.0s
  2026-04-14  LassoCV  720.7s
  2026-04-15  LassoCV  693.6s
  2026-04-16  LassoCV  679.9s
  2026-04-17  LassoCV  670.8s
  2026-04-18  LassoCV  665.9s
  2026-04-19  LassoCV  667.8s
  2026-04-20  LassoCV  652.6s
  2026-04-21  LassoCV  655.9s
  2026-04-22  LassoCV  649.0s
  2026-04-23  LassoCV  658.0s
  2026-04-24  LassoCV  657.0s
  2026-04-25  LassoCV  659.1s
  2026-04-26  LassoCV  658.0s
  2026-04-27  LassoCV  645.6s
  2026-04-28  LassoCV  660.5s
  2026-04-29  LassoCV  673.3s
  2026-04-30  LassoCV  676.4s
  2026-05-01  LassoCV  668.1s
  2026-05-02  LassoCV  670.1s
  2026-05-03  LassoCV  673.3s
  2026-05-04  LassoCV  597.9s
  2026-05-05  LassoCV  470.3s
  2026-05-06  LassoCV  463.7s
  2026-05-07  LassoCV  432.6s
  2026-05-08  LassoCV  429.6s
  2026-05-09  LassoCV  429.8s
  2026-05-10  LassoCV  425.9s
  2026-05-11  LassoCV  424.1s
  2026-05-12  LassoCV  421.5s
  2026-05-13  LassoCV  424.3s
  2026-05-14  LassoCV  420.4s
  2026-05-15  LassoCV  422.1s
  2026-05-16  LassoCV  422.5s
  2026-05-17  LassoCV  423.3s
  2026-05-18  LassoCV  420.9s
  2026-05-19  LassoCV  418.7s
  2026-05-20  LassoCV  417.3s
  2026-05-21  LassoCV  415.6s
  2026-05-22  LassoCV  418.0s
  2026-05-23  LassoCV  416.1s
  2026-05-24  LassoCV  413.9s
  2026-05-25  LassoCV  416.0s
  2026-05-26  LassoCV  411.5s
  2026-05-27  LassoCV  416.4s
  2026-05-28  LassoCV  416.2s
  2026-05-29  LassoCV  418.1s
  2026-05-30  LassoCV  420.2s
  2026-05-31  LassoCV  417.8s
  2026-06-01  LassoCV  416.0s
  2026-06-02  LassoCV  416.5s
  2026-06-03  LassoCV  417.2s
  2026-06-04  LassoCV  416.8s
  2026-06-05  LassoCV  418.4s
  2026-06-06  LassoCV  416.5s
  2026-06-07  LassoCV  417.3s
  2026-06-08  LassoCV  417.2s
  2026-06-09  LassoCV  415.7s
  2026-06-10  LassoCV  408.5s
  2026-06-11  LassoCV  408.3s
  2026-06-13  LassoCV  412.8s
  2026-06-14  LassoCV  408.3s
  2026-06-15  LassoCV  411.8s
  2026-06-16  LassoCV  412.5s
  2026-06-17  LassoCV  409.6s
  2026-06-18  LassoCV  406.4s
  2026-06-19  LassoCV  405.4s
  2026-06-20  LassoCV  406.0s
  2026-06-21  LassoCV  408.2s
  2026-06-22  LassoCV  407.2s
  2026-06-23  LassoCV  410.0s
  2026-06-24  LassoCV  411.2s
  2026-06-25  LassoCV  412.1s
  2026-06-26  LassoCV  401.2s
  2026-06-27  LassoCV  402.4s
  2026-06-28  LassoCV  404.1s
  2026-06-29  LassoCV  402.4s
  2026-06-30  LassoCV  405.7s
  2026-07-01  LassoCV  395.6s
  2026-07-02  LassoCV  392.6s
  2026-07-03  LassoCV  399.6s
  2026-07-04  LassoCV  397.6s
  2026-07-05  LassoCV  403.5s
  2026-07-06  LassoCV  398.9s
  2026-07-07  LassoCV  399.6s
  2026-07-08  LassoCV  400.2s
  2026-07-09  LassoCV  400.6s
  2026-07-10  LassoCV  397.0s
  2026-07-11  LassoCV  397.8s
  2026-07-12  LassoCV  402.9s
  2026-07-13  LassoCV  404.3s
  2026-07-14  LassoCV  401.1s
  2026-07-15  LassoCV  401.2s
  2026-07-16  LassoCV  404.7s
  2026-07-17  LassoCV  399.4s
  2026-07-18  LassoCV  397.9s
  2026-07-19  LassoCV  394.6s
  2026-07-20  LassoCV  399.4s
  2026-07-21  LassoCV  394.7s
  2026-07-22  LassoCV  392.9s
  2026-07-23  LassoCV  397.2s
  2026-07-24  LassoCV  395.4s
  2026-07-25  LassoCV  391.7s
  2026-07-26  LassoCV  395.1s
  2026-07-27  LassoCV  396.5s
  2026-07-28  LassoCV  411.9s
  2026-07-29  LassoCV  406.0s
  2026-07-30  LassoCV  415.2s
  2026-07-31  LassoCV  411.5s
Observations  : 28992
Invalid preds : 0
MAE           : 10.473
RMSE          : 18.781
Bias          : 0.034
Saved: forecast | runtime | metrics | config  ->  \\iipsrv-file1.iip.kit.edu\synergie\Group_EDM\Moritz\Data\Forecast\Forecast_results\lear_op_results\era5\d364\c25\exaa
finished=2026-08-13T10:26:01+02:00
status=success
