started=2026-08-10T13:09:23+02:00
cwd=C:\Users\mg8285\Documents\DA_Price_Forecasting_Pipeline_DE_LU-main
command=C:\Users\mg8285\Documents\DA_Price_Forecasting_Pipeline_DE_LU-main\forecast\Scripts\python.exe -m pipeline.lear.run_lear operational --config era5_d364_c1_fundamental
Number of dropped rows (days): 1
X shape    : (666, 441)
Y shape    : (666, 96)
Date range : 2024-10-03 -> 2026-07-31
  2025-10-01  LassoCV  444.2s
  2025-10-02  LassoCV  452.4s
  2025-10-03  LassoCV  449.0s
  2025-10-04  LassoCV  439.5s
  2025-10-05  LassoCV  426.5s
  2025-10-06  LassoCV  419.4s
  2025-10-07  LassoCV  424.4s
  2025-10-08  LassoCV  428.7s
  2025-10-09  LassoCV  425.9s
  2025-10-10  LassoCV  410.2s
  2025-10-11  LassoCV  409.4s
  2025-10-12  LassoCV  408.6s
  2025-10-13  LassoCV  409.3s
  2025-10-14  LassoCV  409.2s
  2025-10-15  LassoCV  409.7s
  2025-10-16  LassoCV  411.3s
  2025-10-17  LassoCV  412.7s
  2025-10-18  LassoCV  412.4s
  2025-10-19  LassoCV  411.7s
  2025-10-20  LassoCV  412.0s
  2025-10-21  LassoCV  409.4s
  2025-10-22  LassoCV  410.7s
  2025-10-23  LassoCV  415.4s
  2025-10-24  LassoCV  415.1s
  2025-10-25  LassoCV  413.6s
  2025-10-26  LassoCV  408.8s
  2025-10-27  LassoCV  404.6s
  2025-10-28  LassoCV  408.7s
  2025-10-29  LassoCV  406.1s
  2025-10-30  LassoCV  411.0s
  2025-10-31  LassoCV  417.5s
  2025-11-01  LassoCV  420.9s
  2025-11-02  LassoCV  420.9s
  2025-11-03  LassoCV  419.9s
  2025-11-04  LassoCV  423.7s
  2025-11-05  LassoCV  420.8s
  2025-11-06  LassoCV  422.5s
  2025-11-07  LassoCV  422.8s
  2025-11-08  LassoCV  423.9s
  2025-11-09  LassoCV  425.8s
  2025-11-10  LassoCV  428.8s
  2025-11-11  LassoCV  418.6s
  2025-11-12  LassoCV  443.4s
  2025-11-13  LassoCV  522.2s
  2025-11-14  LassoCV  514.7s
  2025-11-15  LassoCV  511.5s
  2025-11-16  LassoCV  501.0s
  2025-11-17  LassoCV  498.8s
  2025-11-18  LassoCV  502.7s
  2025-11-19  LassoCV  508.5s
  2025-11-20  LassoCV  502.5s
  2025-11-21  LassoCV  506.9s
  2025-11-22  LassoCV  499.9s
  2025-11-23  LassoCV  501.6s
  2025-11-24  LassoCV  492.3s
  2025-11-25  LassoCV  494.3s
  2025-11-26  LassoCV  480.0s
  2025-11-27  LassoCV  474.1s
  2025-11-28  LassoCV  480.9s
  2025-11-29  LassoCV  472.0s
  2025-11-30  LassoCV  486.7s
  2025-12-01  LassoCV  483.5s
  2025-12-02  LassoCV  478.2s
  2025-12-03  LassoCV  493.3s
  2025-12-04  LassoCV  483.2s
  2025-12-05  LassoCV  491.3s
  2025-12-06  LassoCV  481.1s
  2025-12-07  LassoCV  485.4s
  2025-12-08  LassoCV  470.0s
  2025-12-09  LassoCV  485.0s
  2025-12-10  LassoCV  493.7s
  2025-12-11  LassoCV  491.7s
  2025-12-12  LassoCV  501.0s
  2025-12-13  LassoCV  501.0s
  2025-12-14  LassoCV  504.5s
  2025-12-15  LassoCV  509.8s
  2025-12-16  LassoCV  510.9s
  2025-12-17  LassoCV  512.9s
  2025-12-18  LassoCV  478.8s
  2025-12-19  LassoCV  502.2s
  2025-12-20  LassoCV  508.2s
  2025-12-21  LassoCV  511.9s
  2025-12-22  LassoCV  526.9s
  2025-12-23  LassoCV  520.1s
  2025-12-24  LassoCV  523.3s
  2025-12-25  LassoCV  516.2s
  2025-12-26  LassoCV  516.6s
  2025-12-27  LassoCV  527.0s
  2025-12-28  LassoCV  527.7s
  2025-12-29  LassoCV  518.4s
  2025-12-30  LassoCV  519.3s
  2025-12-31  LassoCV  522.5s
  2026-01-01  LassoCV  535.9s
  2026-01-02  LassoCV  506.9s
  2026-01-03  LassoCV  506.0s
  2026-01-04  LassoCV  515.8s
  2026-01-05  LassoCV  511.3s
  2026-01-06  LassoCV  521.6s
  2026-01-07  LassoCV  505.8s
  2026-01-08  LassoCV  527.5s
  2026-01-09  LassoCV  510.6s
  2026-01-10  LassoCV  452.4s
  2026-01-11  LassoCV  453.1s
  2026-01-12  LassoCV  458.2s
  2026-01-13  LassoCV  460.1s
  2026-01-14  LassoCV  465.5s
  2026-01-15  LassoCV  466.6s
  2026-01-16  LassoCV  464.7s
  2026-01-17  LassoCV  460.8s
  2026-01-18  LassoCV  460.9s
  2026-01-19  LassoCV  468.4s
  2026-01-20  LassoCV  509.2s
  2026-01-21  LassoCV  608.6s
  2026-01-23  LassoCV  588.5s
  2026-01-24  LassoCV  587.1s
  2026-01-25  LassoCV  582.2s
  2026-01-26  LassoCV  585.1s
  2026-01-27  LassoCV  568.9s
  2026-01-28  LassoCV  569.1s
  2026-01-29  LassoCV  562.8s
  2026-01-30  LassoCV  579.1s
  2026-01-31  LassoCV  587.8s
  2026-02-01  LassoCV  581.2s
  2026-02-02  LassoCV  588.9s
  2026-02-03  LassoCV  587.3s
  2026-02-04  LassoCV  585.5s
  2026-02-05  LassoCV  595.8s
  2026-02-06  LassoCV  605.9s
  2026-02-07  LassoCV  609.7s
  2026-02-08  LassoCV  610.8s
  2026-02-09  LassoCV  614.6s
  2026-02-10  LassoCV  616.7s
  2026-02-11  LassoCV  615.3s
  2026-02-12  LassoCV  615.4s
  2026-02-13  LassoCV  612.3s
  2026-02-14  LassoCV  629.7s
  2026-02-15  LassoCV  619.2s
  2026-02-16  LassoCV  624.7s
  2026-02-17  LassoCV  625.5s
  2026-02-18  LassoCV  662.1s
  2026-02-19  LassoCV  649.1s
  2026-02-20  LassoCV  647.3s
  2026-02-21  LassoCV  652.0s
  2026-02-22  LassoCV  635.1s
  2026-02-23  LassoCV  607.3s
  2026-02-24  LassoCV  580.1s
  2026-02-25  LassoCV  585.8s
  2026-02-26  LassoCV  586.0s
  2026-02-27  LassoCV  586.4s
  2026-02-28  LassoCV  589.2s
  2026-03-01  LassoCV  591.1s
  2026-03-02  LassoCV  599.5s
  2026-03-03  LassoCV  593.6s
  2026-03-04  LassoCV  586.8s
  2026-03-05  LassoCV  551.2s
  2026-03-06  LassoCV  542.5s
  2026-03-07  LassoCV  555.9s
  2026-03-08  LassoCV  557.7s
  2026-03-09  LassoCV  564.0s
  2026-03-10  LassoCV  543.8s
  2026-03-11  LassoCV  539.9s
  2026-03-12  LassoCV  540.7s
  2026-03-13  LassoCV  577.0s
  2026-03-14  LassoCV  574.1s
  2026-03-15  LassoCV  561.4s
  2026-03-16  LassoCV  577.3s
  2026-03-17  LassoCV  529.0s
  2026-03-18  LassoCV  523.4s
  2026-03-19  LassoCV  531.4s
  2026-03-20  LassoCV  529.8s
  2026-03-21  LassoCV  538.9s
  2026-03-22  LassoCV  531.7s
  2026-03-23  LassoCV  521.7s
  2026-03-24  LassoCV  516.2s
  2026-03-25  LassoCV  518.2s
  2026-03-26  LassoCV  525.3s
  2026-03-27  LassoCV  525.1s
  2026-03-28  LassoCV  520.3s
  2026-03-29  LassoCV  521.3s
  2026-03-30  LassoCV  535.2s
  2026-03-31  LassoCV  529.6s
  2026-04-01  LassoCV  523.3s
  2026-04-02  LassoCV  515.0s
  2026-04-03  LassoCV  508.6s
  2026-04-04  LassoCV  512.4s
  2026-04-05  LassoCV  525.0s
  2026-04-06  LassoCV  514.1s
  2026-04-07  LassoCV  514.9s
  2026-04-08  LassoCV  525.3s
  2026-04-09  LassoCV  513.2s
  2026-04-10  LassoCV  509.7s
  2026-04-11  LassoCV  516.1s
  2026-04-12  LassoCV  512.5s
  2026-04-13  LassoCV  530.3s
  2026-04-14  LassoCV  526.5s
  2026-04-15  LassoCV  524.1s
  2026-04-16  LassoCV  528.6s
  2026-04-17  LassoCV  522.6s
  2026-04-18  LassoCV  509.1s
  2026-04-19  LassoCV  504.8s
  2026-04-20  LassoCV  507.2s
  2026-04-21  LassoCV  495.4s
  2026-04-22  LassoCV  488.1s
  2026-04-23  LassoCV  491.6s
  2026-04-24  LassoCV  488.9s
  2026-04-25  LassoCV  492.5s
  2026-04-26  LassoCV  497.9s
  2026-04-27  LassoCV  498.6s
  2026-04-28  LassoCV  489.5s
  2026-04-29  LassoCV  498.7s
  2026-04-30  LassoCV  485.4s
  2026-05-01  LassoCV  492.4s
  2026-05-02  LassoCV  481.2s
  2026-05-03  LassoCV  483.0s
  2026-05-04  LassoCV  489.6s
  2026-05-05  LassoCV  494.0s
  2026-05-06  LassoCV  489.2s
  2026-05-07  LassoCV  488.4s
  2026-05-08  LassoCV  475.3s
  2026-05-09  LassoCV  480.4s
  2026-05-10  LassoCV  475.6s
  2026-05-11  LassoCV  478.1s
  2026-05-12  LassoCV  480.6s
  2026-05-13  LassoCV  480.9s
  2026-05-14  LassoCV  487.8s
  2026-05-15  LassoCV  487.5s
  2026-05-16  LassoCV  488.4s
  2026-05-17  LassoCV  482.4s
  2026-05-18  LassoCV  460.9s
  2026-05-19  LassoCV  453.6s
  2026-05-20  LassoCV  444.8s
  2026-05-21  LassoCV  444.4s
  2026-05-22  LassoCV  446.0s
  2026-05-23  LassoCV  446.1s
  2026-05-24  LassoCV  439.8s
  2026-05-25  LassoCV  432.1s
  2026-05-26  LassoCV  438.1s
  2026-05-27  LassoCV  432.2s
  2026-05-28  LassoCV  435.1s
  2026-05-29  LassoCV  444.9s
  2026-05-30  LassoCV  438.7s
  2026-05-31  LassoCV  446.7s
  2026-06-01  LassoCV  444.5s
  2026-06-02  LassoCV  439.9s
  2026-06-03  LassoCV  441.7s
  2026-06-04  LassoCV  422.0s
  2026-06-05  LassoCV  416.1s
  2026-06-06  LassoCV  425.2s
  2026-06-07  LassoCV  421.4s
  2026-06-08  LassoCV  431.7s
  2026-06-09  LassoCV  429.2s
  2026-06-10  LassoCV  425.5s
  2026-06-11  LassoCV  425.2s
  2026-06-13  LassoCV  423.8s
  2026-06-14  LassoCV  422.2s
  2026-06-15  LassoCV  383.7s
  2026-06-16  LassoCV  424.5s
  2026-06-17  LassoCV  423.5s
  2026-06-18  LassoCV  418.2s
  2026-06-19  LassoCV  428.6s
  2026-06-20  LassoCV  430.6s
  2026-06-21  LassoCV  428.7s
  2026-06-22  LassoCV  436.4s
  2026-06-23  LassoCV  436.8s
  2026-06-24  LassoCV  434.6s
  2026-06-25  LassoCV  444.2s
  2026-06-26  LassoCV  439.4s
  2026-06-27  LassoCV  436.2s
  2026-06-28  LassoCV  436.0s
  2026-06-29  LassoCV  448.2s
  2026-06-30  LassoCV  442.6s
  2026-07-01  LassoCV  437.8s
  2026-07-02  LassoCV  436.4s
  2026-07-03  LassoCV  438.7s
  2026-07-04  LassoCV  444.4s
  2026-07-05  LassoCV  446.6s
  2026-07-06  LassoCV  448.0s
  2026-07-07  LassoCV  457.2s
  2026-07-08  LassoCV  456.2s
  2026-07-09  LassoCV  456.8s
  2026-07-10  LassoCV  461.7s
  2026-07-11  LassoCV  450.4s
  2026-07-12  LassoCV  454.0s
  2026-07-13  LassoCV  444.0s
  2026-07-14  LassoCV  445.2s
  2026-07-15  LassoCV  435.4s
  2026-07-16  LassoCV  432.1s
  2026-07-17  LassoCV  433.5s
  2026-07-18  LassoCV  441.6s
  2026-07-19  LassoCV  442.3s
  2026-07-20  LassoCV  434.6s
  2026-07-21  LassoCV  429.8s
  2026-07-22  LassoCV  433.8s
  2026-07-23  LassoCV  435.0s
  2026-07-24  LassoCV  438.5s
  2026-07-25  LassoCV  437.2s
  2026-07-26  LassoCV  437.6s
  2026-07-27  LassoCV  441.0s
  2026-07-28  LassoCV  439.4s
  2026-07-29  LassoCV  441.6s
  2026-07-30  LassoCV  433.5s
  2026-07-31  LassoCV  435.0s
Observations  : 28992
Invalid preds : 0
MAE           : 16.514
RMSE          : 28.758
Bias          : -0.071
Saved: forecast | runtime | metrics | config  ->  \\iipsrv-file1.iip.kit.edu\synergie\Group_EDM\Moritz\Data\Forecast\Forecast_results\lear_op_results\era5\d364\c1\fundamental
finished=2026-08-12T06:39:59+02:00
status=success
