started=2026-08-10T13:08:55+02:00
cwd=C:\Users\mg8285\Documents\DA_Price_Forecasting_Pipeline_DE_LU-main
command=C:\Users\mg8285\Documents\DA_Price_Forecasting_Pipeline_DE_LU-main\forecast\Scripts\python.exe -m pipeline.lear.run_lear operational --config era5_d56_c1_fundamental
Number of dropped rows (days): 1
X shape    : (666, 441)
Y shape    : (666, 96)
Date range : 2024-10-03 -> 2026-07-31
  2025-10-01  LassoCV  96.2s
  2025-10-02  LassoCV  100.8s
  2025-10-03  LassoCV  108.0s
  2025-10-04  LassoCV  94.3s
  2025-10-05  LassoCV  101.8s
  2025-10-06  LassoCV  96.8s
  2025-10-07  LassoCV  91.8s
  2025-10-08  LassoCV  95.9s
  2025-10-09  LassoCV  89.5s
  2025-10-10  LassoCV  96.4s
  2025-10-11  LassoCV  92.5s
  2025-10-12  LassoCV  89.8s
  2025-10-13  LassoCV  89.1s
  2025-10-14  LassoCV  79.0s
  2025-10-15  LassoCV  80.6s
  2025-10-16  LassoCV  78.1s
  2025-10-17  LassoCV  78.2s
  2025-10-18  LassoCV  77.4s
  2025-10-19  LassoCV  74.2s
  2025-10-20  LassoCV  75.0s
  2025-10-21  LassoCV  76.0s
  2025-10-22  LassoCV  69.6s
  2025-10-23  LassoCV  71.6s
  2025-10-24  LassoCV  71.5s
  2025-10-25  LassoCV  68.1s
  2025-10-26  LassoCV  67.8s
  2025-10-27  LassoCV  74.0s
  2025-10-28  LassoCV  69.2s
  2025-10-29  LassoCV  69.5s
  2025-10-30  LassoCV  71.7s
  2025-10-31  LassoCV  67.3s
  2025-11-01  LassoCV  67.8s
  2025-11-02  LassoCV  70.8s
  2025-11-03  LassoCV  66.1s
  2025-11-04  LassoCV  70.7s
  2025-11-05  LassoCV  70.1s
  2025-11-06  LassoCV  71.0s
  2025-11-07  LassoCV  70.8s
  2025-11-08  LassoCV  75.3s
  2025-11-09  LassoCV  69.8s
  2025-11-10  LassoCV  69.2s
  2025-11-11  LassoCV  72.0s
  2025-11-12  LassoCV  70.7s
  2025-11-13  LassoCV  70.1s
  2025-11-14  LassoCV  74.3s
  2025-11-15  LassoCV  70.0s
  2025-11-16  LassoCV  69.3s
  2025-11-17  LassoCV  71.0s
  2025-11-18  LassoCV  66.3s
  2025-11-19  LassoCV  62.4s
  2025-11-20  LassoCV  68.3s
  2025-11-21  LassoCV  70.7s
  2025-11-22  LassoCV  66.0s
  2025-11-23  LassoCV  65.5s
  2025-11-24  LassoCV  66.3s
  2025-11-25  LassoCV  61.3s
  2025-11-26  LassoCV  59.0s
  2025-11-27  LassoCV  69.9s
  2025-11-28  LassoCV  65.9s
  2025-11-29  LassoCV  63.4s
  2025-11-30  LassoCV  68.2s
  2025-12-01  LARS  43.1s
  2025-12-02  LARS  44.6s
  2025-12-03  LARS  44.0s
  2025-12-04  LARS  49.3s
  2025-12-05  LARS  47.3s
  2025-12-06  LARS  45.8s
  2025-12-07  LARS  45.2s
  2025-12-08  LARS  46.3s
  2025-12-09  LARS  46.3s
  2025-12-10  LARS  44.9s
  2025-12-11  LARS  43.5s
  2025-12-12  LARS  43.7s
  2025-12-13  LARS  46.6s
  2025-12-14  LARS  44.8s
  2025-12-15  LARS  45.4s
  2025-12-16  LARS  43.2s
  2025-12-17  LARS  44.9s
  2025-12-18  LARS  45.4s
  2025-12-19  LARS  44.1s
  2025-12-20  LARS  44.0s
  2025-12-21  LARS  44.6s
  2025-12-22  LARS  50.0s
  2025-12-23  LARS  47.0s
  2025-12-24  LARS  45.8s
  2025-12-25  LARS  44.1s
  2025-12-26  LARS  45.5s
  2025-12-27  LARS  45.6s
  2025-12-28  LARS  44.6s
  2025-12-29  LARS  44.6s
  2025-12-30  LARS  43.7s
  2025-12-31  LARS  50.7s
  2026-01-01  LARS  45.9s
  2026-01-02  LARS  45.8s
  2026-01-03  LARS  46.5s
  2026-01-04  LARS  45.4s
  2026-01-05  LARS  47.9s
  2026-01-06  LARS  44.6s
  2026-01-07  LARS  44.1s
  2026-01-08  LARS  44.8s
  2026-01-09  LARS  50.0s
  2026-01-10  LARS  46.9s
  2026-01-11  LARS  46.6s
  2026-01-12  LARS  44.7s
  2026-01-13  LARS  47.2s
  2026-01-14  LARS  46.8s
  2026-01-15  LARS  44.8s
  2026-01-16  LARS  44.6s
  2026-01-17  LARS  46.2s
  2026-01-18  LARS  52.4s
  2026-01-19  LARS  46.6s
  2026-01-20  LARS  46.5s
  2026-01-21  LARS  46.5s
  2026-01-23  LARS  46.7s
  2026-01-24  LARS  45.3s
  2026-01-25  LARS  45.9s
  2026-01-26  LARS  45.3s
  2026-01-27  LARS  46.1s
  2026-01-28  LARS  51.9s
  2026-01-29  LARS  46.5s
  2026-01-30  LARS  46.7s
  2026-01-31  LARS  47.6s
  2026-02-01  LARS  49.0s
  2026-02-02  LARS  48.9s
  2026-02-03  LARS  47.3s
  2026-02-04  LARS  47.1s
  2026-02-05  LARS  51.8s
  2026-02-06  LARS  49.5s
  2026-02-07  LARS  47.9s
  2026-02-08  LARS  48.3s
  2026-02-09  LARS  47.3s
  2026-02-10  LARS  48.4s
  2026-02-11  LARS  47.6s
  2026-02-12  LARS  46.9s
  2026-02-13  LARS  47.9s
  2026-02-14  LARS  51.9s
  2026-02-15  LARS  48.0s
  2026-02-16  LARS  47.2s
  2026-02-17  LARS  48.7s
  2026-02-18  LARS  48.3s
  2026-02-19  LARS  47.3s
  2026-02-20  LARS  45.5s
  2026-02-21  LARS  47.1s
  2026-02-22  LARS  50.8s
  2026-02-23  LARS  49.7s
  2026-02-24  LARS  49.0s
  2026-02-25  LARS  47.6s
  2026-02-26  LARS  47.9s
  2026-02-27  LARS  48.3s
  2026-02-28  LARS  45.8s
  2026-03-01  LARS  47.3s
  2026-03-02  LARS  47.8s
  2026-03-03  LARS  52.5s
  2026-03-04  LARS  48.1s
  2026-03-05  LARS  47.8s
  2026-03-06  LARS  48.5s
  2026-03-07  LARS  48.9s
  2026-03-08  LARS  47.7s
  2026-03-09  LARS  46.2s
  2026-03-10  LARS  45.5s
  2026-03-11  LARS  50.1s
  2026-03-12  LARS  50.7s
  2026-03-13  LARS  47.8s
  2026-03-14  LARS  48.3s
  2026-03-15  LARS  48.9s
  2026-03-16  LARS  49.9s
  2026-03-17  LARS  47.5s
  2026-03-18  LARS  46.1s
  2026-03-19  LARS  46.1s
  2026-03-20  LARS  54.6s
  2026-03-21  LARS  50.2s
  2026-03-22  LARS  49.3s
  2026-03-23  LARS  48.8s
  2026-03-24  LARS  50.8s
  2026-03-25  LARS  48.6s
  2026-03-26  LARS  47.3s
  2026-03-27  LARS  48.4s
  2026-03-28  LARS  50.3s
  2026-03-29  LARS  52.3s
  2026-03-30  LARS  49.5s
  2026-03-31  LARS  48.8s
  2026-04-01  LARS  49.7s
  2026-04-02  LARS  50.1s
  2026-04-03  LARS  46.6s
  2026-04-04  LARS  47.8s
  2026-04-05  LARS  49.4s
  2026-04-06  LARS  54.6s
  2026-04-07  LARS  48.4s
  2026-04-08  LARS  48.5s
  2026-04-09  LARS  49.4s
  2026-04-10  LARS  51.0s
  2026-04-11  LARS  48.5s
  2026-04-12  LARS  47.7s
  2026-04-13  LARS  48.7s
  2026-04-14  LARS  55.8s
  2026-04-15  LARS  50.1s
  2026-04-16  LARS  49.4s
  2026-04-17  LARS  49.9s
  2026-04-18  LARS  49.7s
  2026-04-19  LARS  47.3s
  2026-04-20  LARS  48.6s
  2026-04-21  LARS  47.1s
  2026-04-22  LARS  53.3s
  2026-04-23  LARS  50.4s
  2026-04-24  LARS  48.8s
  2026-04-25  LARS  47.9s
  2026-04-26  LARS  48.3s
  2026-04-27  LARS  47.7s
  2026-04-28  LARS  47.3s
  2026-04-29  LARS  48.4s
  2026-04-30  LARS  51.2s
  2026-05-01  LARS  51.6s
  2026-05-02  LARS  49.1s
  2026-05-03  LARS  47.8s
  2026-05-04  LARS  47.1s
  2026-05-05  LARS  49.8s
  2026-05-06  LARS  47.6s
  2026-05-07  LARS  47.5s
  2026-05-08  LARS  49.0s
  2026-05-09  LARS  54.4s
  2026-05-10  LARS  48.3s
  2026-05-11  LARS  47.5s
  2026-05-12  LARS  47.1s
  2026-05-13  LARS  48.6s
  2026-05-14  LARS  47.6s
  2026-05-15  LARS  47.5s
  2026-05-16  LARS  48.7s
  2026-05-17  LARS  54.6s
  2026-05-18  LARS  50.5s
  2026-05-19  LARS  48.3s
  2026-05-20  LARS  48.1s
  2026-05-21  LARS  47.2s
  2026-05-22  LARS  50.5s
  2026-05-23  LARS  48.2s
  2026-05-24  LARS  46.8s
  2026-05-25  LARS  48.7s
  2026-05-26  LARS  52.6s
  2026-05-27  LARS  49.6s
  2026-05-28  LARS  47.8s
  2026-05-29  LARS  48.6s
  2026-05-30  LARS  48.4s
  2026-05-31  LARS  49.0s
  2026-06-01  LARS  46.6s
  2026-06-02  LARS  48.0s
  2026-06-03  LARS  53.7s
  2026-06-04  LARS  51.2s
  2026-06-05  LARS  48.8s
  2026-06-06  LARS  48.6s
  2026-06-07  LARS  48.6s
  2026-06-08  LARS  49.1s
  2026-06-09  LARS  48.3s
  2026-06-10  LARS  48.6s
  2026-06-11  LARS  49.7s
  2026-06-13  LARS  54.5s
  2026-06-14  LARS  49.3s
  2026-06-15  LARS  49.2s
  2026-06-16  LARS  48.2s
  2026-06-17  LARS  49.5s
  2026-06-18  LARS  49.4s
  2026-06-19  LARS  48.0s
  2026-06-20  LARS  49.6s
  2026-06-21  LARS  54.4s
  2026-06-22  LARS  50.1s
  2026-06-23  LARS  49.2s
  2026-06-24  LARS  48.5s
  2026-06-25  LARS  49.0s
  2026-06-26  LARS  49.8s
  2026-06-27  LARS  47.3s
  2026-06-28  LARS  48.7s
  2026-06-29  LARS  47.8s
  2026-06-30  LARS  53.9s
  2026-07-01  LARS  49.1s
  2026-07-02  LARS  47.9s
  2026-07-03  LARS  48.1s
  2026-07-04  LARS  47.8s
  2026-07-05  LARS  48.9s
  2026-07-06  LARS  48.6s
  2026-07-07  LARS  48.3s
  2026-07-08  LARS  53.1s
  2026-07-09  LARS  49.6s
  2026-07-10  LARS  48.9s
  2026-07-11  LARS  47.9s
  2026-07-12  LARS  47.2s
  2026-07-13  LARS  49.7s
  2026-07-14  LARS  46.7s
  2026-07-15  LARS  48.8s
  2026-07-16  LARS  49.1s
  2026-07-17  LARS  56.0s
  2026-07-18  LARS  50.9s
  2026-07-19  LARS  48.5s
  2026-07-20  LARS  48.2s
  2026-07-21  LARS  47.8s
  2026-07-22  LARS  48.2s
  2026-07-23  LARS  46.8s
  2026-07-24  LARS  45.2s
  2026-07-25  LARS  50.1s
  2026-07-26  LARS  52.4s
  2026-07-27  LARS  49.8s
  2026-07-28  LARS  48.2s
  2026-07-29  LARS  46.3s
  2026-07-30  LARS  48.4s
  2026-07-31  LARS  48.4s
Observations  : 28992
Invalid preds : 0
MAE           : 17.996
RMSE          : 31.415
Bias          : -0.139
Saved: forecast | runtime | metrics | config  ->  \\iipsrv-file1.iip.kit.edu\synergie\Group_EDM\Moritz\Data\Forecast\Forecast_results\lear_op_results\era5\d56\c1\fundamental
finished=2026-08-10T17:39:42+02:00
status=success
