started=2026-08-13T19:15:16+02:00
cwd=C:\Users\mg8285\Documents\DA_Price_Forecasting_Pipeline_DE_LU-main
command=C:\Users\mg8285\Documents\DA_Price_Forecasting_Pipeline_DE_LU-main\forecast\Scripts\python.exe -m pipeline.lear.run_lear operational --config era5_d112_c5_exaa
Number of dropped rows (days): 1
X shape    : (666, 729)
Y shape    : (666, 96)
Date range : 2024-10-03 -> 2026-07-31
  2025-10-01  LassoCV  142.4s
  2025-10-02  LassoCV  146.6s
  2025-10-03  LassoCV  146.7s
  2025-10-04  LassoCV  142.9s
  2025-10-05  LassoCV  141.6s
  2025-10-06  LassoCV  145.5s
  2025-10-07  LassoCV  142.7s
  2025-10-08  LassoCV  146.2s
  2025-10-09  LassoCV  145.5s
  2025-10-10  LassoCV  147.8s
  2025-10-11  LassoCV  149.4s
  2025-10-12  LassoCV  146.7s
  2025-10-13  LassoCV  148.5s
  2025-10-14  LassoCV  150.7s
  2025-10-15  LassoCV  149.8s
  2025-10-16  LassoCV  158.0s
  2025-10-17  LassoCV  155.3s
  2025-10-18  LassoCV  150.2s
  2025-10-19  LassoCV  150.4s
  2025-10-20  LassoCV  148.7s
  2025-10-21  LassoCV  152.2s
  2025-10-22  LassoCV  145.0s
  2025-10-23  LassoCV  150.5s
  2025-10-24  LassoCV  156.4s
  2025-10-25  LassoCV  152.0s
  2025-10-26  LassoCV  152.4s
  2025-10-27  LassoCV  149.8s
  2025-10-28  LassoCV  151.1s
  2025-10-29  LassoCV  138.7s
  2025-10-30  LassoCV  132.4s
  2025-10-31  LassoCV  134.2s
  2025-11-01  LassoCV  121.2s
  2025-11-02  LassoCV  130.8s
  2025-11-03  LassoCV  128.1s
  2025-11-04  LassoCV  127.3s
  2025-11-05  LassoCV  133.3s
  2025-11-06  LassoCV  142.7s
  2025-11-07  LassoCV  122.4s
  2025-11-08  LassoCV  143.0s
  2025-11-09  LassoCV  130.7s
  2025-11-10  LassoCV  130.4s
  2025-11-11  LassoCV  123.8s
  2025-11-12  LassoCV  132.9s
  2025-11-13  LassoCV  127.9s
  2025-11-14  LassoCV  125.3s
  2025-11-15  LassoCV  140.8s
  2025-11-16  LassoCV  127.4s
  2025-11-17  LassoCV  125.7s
  2025-11-18  LassoCV  136.3s
  2025-11-19  LassoCV  125.9s
  2025-11-20  LassoCV  121.0s
  2025-11-21  LassoCV  131.9s
  2025-11-22  LassoCV  119.2s
  2025-11-23  LassoCV  135.4s
  2025-11-24  LassoCV  123.4s
  2025-11-25  LassoCV  132.0s
  2025-11-26  LassoCV  126.6s
  2025-11-27  LassoCV  128.9s
  2025-11-28  LassoCV  124.6s
  2025-11-29  LassoCV  119.5s
  2025-11-30  LassoCV  123.1s
  2025-12-01  LARS  396.7s
  2025-12-02  LARS  387.3s
  2025-12-03  LARS  399.9s
  2025-12-04  LARS  396.7s
  2025-12-05  LARS  398.3s
  2025-12-06  LARS  385.5s
  2025-12-07  LARS  365.6s
  2025-12-08  LARS  401.4s
  2025-12-09  LARS  390.1s
  2025-12-10  LARS  399.7s
  2025-12-11  LARS  358.3s
  2025-12-12  LARS  409.2s
  2025-12-13  LARS  376.7s
  2025-12-14  LARS  400.1s
  2025-12-15  LARS  376.9s
  2025-12-16  LARS  398.2s
  2025-12-17  LARS  385.4s
  2025-12-18  LARS  383.5s
  2025-12-19  LARS  404.3s
  2025-12-20  LARS  371.1s
  2025-12-21  LARS  395.9s
  2025-12-22  LARS  377.0s
  2025-12-23  LARS  408.1s
  2025-12-24  LARS  354.1s
  2025-12-25  LARS  390.3s
  2025-12-26  LARS  374.6s
  2025-12-27  LARS  427.0s
  2025-12-28  LARS  382.0s
  2025-12-29  LARS  415.5s
  2025-12-30  LARS  418.3s
  2025-12-31  LARS  398.0s
  2026-01-01  LARS  407.0s
  2026-01-02  LARS  434.2s
  2026-01-03  LARS  399.6s
  2026-01-04  LARS  417.2s
  2026-01-05  LARS  420.3s
  2026-01-06  LARS  420.4s
  2026-01-07  LARS  426.5s
  2026-01-08  LARS  418.6s
  2026-01-09  LARS  434.1s
  2026-01-10  LARS  426.7s
  2026-01-11  LARS  390.1s
  2026-01-12  LARS  417.8s
  2026-01-13  LARS  413.5s
  2026-01-14  LARS  404.5s
  2026-01-15  LARS  370.1s
  2026-01-16  LARS  373.1s
  2026-01-17  LARS  366.6s
  2026-01-18  LARS  398.5s
  2026-01-19  LARS  422.5s
  2026-01-20  LARS  390.5s
  2026-01-21  LARS  405.3s
  2026-01-23  LARS  466.3s
  2026-01-24  LARS  419.9s
  2026-01-25  LARS  397.4s
  2026-01-26  LARS  383.1s
  2026-01-27  LARS  376.5s
  2026-01-28  LARS  407.5s
  2026-01-29  LARS  376.9s
  2026-01-30  LARS  404.1s
  2026-01-31  LARS  380.0s
  2026-02-01  LARS  395.9s
  2026-02-02  LARS  421.7s
  2026-02-03  LARS  376.6s
  2026-02-04  LARS  426.4s
  2026-02-05  LARS  389.4s
  2026-02-06  LARS  362.6s
  2026-02-07  LARS  395.4s
  2026-02-08  LARS  426.3s
  2026-02-09  LARS  423.2s
  2026-02-10  LARS  371.0s
  2026-02-11  LARS  436.7s
  2026-02-12  LARS  405.1s
  2026-02-13  LARS  404.3s
  2026-02-14  LARS  400.7s
  2026-02-15  LARS  397.3s
  2026-02-16  LARS  396.0s
  2026-02-17  LARS  396.2s
  2026-02-18  LARS  422.3s
  2026-02-19  LARS  405.9s
  2026-02-20  LARS  365.8s
  2026-02-21  LARS  394.7s
  2026-02-22  LARS  395.9s
  2026-02-23  LARS  404.4s
  2026-02-24  LARS  351.5s
  2026-02-25  LARS  354.0s
  2026-02-26  LARS  400.6s
  2026-02-27  LARS  414.1s
  2026-02-28  LARS  411.4s
  2026-03-01  LARS  354.9s
  2026-03-02  LARS  412.6s
  2026-03-03  LARS  386.7s
  2026-03-04  LARS  382.6s
  2026-03-05  LARS  412.1s
  2026-03-06  LARS  353.6s
  2026-03-07  LARS  372.7s
  2026-03-08  LARS  411.4s
  2026-03-09  LARS  418.7s
  2026-03-10  LARS  399.8s
  2026-03-11  LARS  390.9s
  2026-03-12  LARS  386.1s
  2026-03-13  LARS  380.2s
finished=2026-08-14T08:54:37+02:00
status=interrupted
error=KeyboardInterrupt: 

  2026-03-17  LARS  455.0s
  2026-03-18  LARS  490.8s
  2026-03-19  LARS  491.3s
  2026-03-20  LARS  491.7s
  2026-03-21  LARS  471.0s
  2026-03-22  LARS  454.2s
  2026-03-23  LARS  508.4s
  2026-03-24  LARS  485.2s
  2026-03-25  LARS  509.9s
  2026-03-26  LARS  472.6s
  2026-03-27  LARS  458.8s
  2026-03-28  LARS  460.8s
  2026-03-29  LARS  472.1s
  2026-03-30  LARS  412.1s
  2026-03-31  LARS  423.4s
  2026-04-01  LARS  449.7s
  2026-04-02  LARS  493.3s
  2026-04-03  LARS  425.1s
  2026-04-04  LARS  471.2s
  2026-04-05  LARS  450.4s
  2026-04-06  LARS  462.4s
  2026-04-07  LARS  428.3s
  2026-04-08  LARS  442.5s
  2026-04-09  LARS  475.1s
  2026-04-10  LARS  486.2s
  2026-04-11  LARS  482.3s
  2026-04-12  LARS  454.6s
  2026-04-13  LARS  437.9s
  2026-04-14  LARS  432.4s
  2026-04-15  LARS  408.1s
  2026-04-16  LARS  346.7s
  2026-04-17  LARS  409.9s
  2026-04-18  LARS  414.9s
  2026-04-19  LARS  412.2s
  2026-04-20  LARS  423.0s
  2026-04-21  LARS  401.9s
  2026-04-22  LARS  386.2s
  2026-04-23  LARS  415.1s
  2026-04-24  LARS  398.1s
  2026-04-25  LARS  417.5s
  2026-04-26  LARS  404.5s
  2026-04-27  LARS  403.0s
  2026-04-28  LARS  410.9s
  2026-04-29  LARS  396.9s
  2026-04-30  LARS  395.3s
  2026-05-01  LARS  390.2s
  2026-05-02  LARS  403.9s
  2026-05-03  LARS  394.9s
  2026-05-04  LARS  379.2s
  2026-05-05  LARS  387.7s
  2026-05-06  LARS  378.3s
  2026-05-07  LARS  354.7s
  2026-05-08  LARS  353.2s
  2026-05-09  LARS  364.1s
  2026-05-10  LARS  390.3s
  2026-05-11  LARS  364.4s
  2026-05-12  LARS  352.4s
  2026-05-13  LARS  373.6s
  2026-05-14  LARS  384.0s
  2026-05-15  LARS  378.1s
  2026-05-16  LARS  370.7s
  2026-05-17  LARS  380.7s
  2026-05-18  LARS  397.3s
  2026-05-19  LARS  374.5s
  2026-05-20  LARS  369.7s
  2026-05-21  LARS  389.1s
  2026-05-22  LARS  394.4s
  2026-05-23  LARS  382.0s
  2026-05-24  LARS  401.3s
  2026-05-25  LARS  389.4s
  2026-05-26  LARS  401.1s
  2026-05-27  LARS  399.7s
  2026-05-28  LARS  414.9s
  2026-05-29  LARS  406.4s
  2026-05-30  LARS  416.7s
  2026-05-31  LARS  403.9s
  2026-06-01  LARS  398.2s
  2026-06-02  LARS  403.9s
  2026-06-03  LARS  412.1s
  2026-06-04  LARS  389.2s
  2026-06-05  LARS  422.3s
  2026-06-06  LARS  409.1s
  2026-06-07  LARS  407.7s
  2026-06-08  LARS  379.8s
  2026-06-09  LARS  354.7s
  2026-06-10  LARS  382.2s
  2026-06-11  LARS  395.1s
  2026-06-13  LARS  388.9s
  2026-06-14  LARS  362.0s
  2026-06-15  LARS  379.1s
  2026-06-16  LARS  370.6s
  2026-06-17  LARS  377.2s
  2026-06-18  LARS  376.0s
  2026-06-19  LARS  371.8s
  2026-06-20  LARS  375.5s
  2026-06-21  LARS  395.3s
  2026-06-22  LARS  389.8s
  2026-06-23  LARS  405.3s
  2026-06-24  LARS  388.2s
  2026-06-25  LARS  375.9s
  2026-06-26  LARS  408.9s
  2026-06-27  LARS  387.7s
  2026-06-28  LARS  383.1s
  2026-06-29  LARS  394.5s
  2026-06-30  LARS  405.7s
  2026-07-01  LARS  382.3s
  2026-07-02  LARS  390.3s
  2026-07-03  LARS  380.7s
  2026-07-04  LARS  389.1s
  2026-07-05  LARS  384.3s
  2026-07-06  LARS  351.6s
  2026-07-07  LARS  391.3s
  2026-07-08  LARS  369.6s
  2026-07-09  LARS  379.3s
  2026-07-10  LARS  393.2s
  2026-07-11  LARS  385.5s
  2026-07-12  LARS  382.0s
  2026-07-13  LARS  392.1s
  2026-07-14  LARS  400.6s
  2026-07-15  LARS  380.4s
  2026-07-16  LARS  370.6s
  2026-07-17  LARS  397.3s
  2026-07-18  LARS  376.3s
  2026-07-19  LARS  378.8s
  2026-07-20  LARS  379.6s
  2026-07-21  LARS  375.3s
  2026-07-22  LARS  375.4s
  2026-07-23  LARS  382.8s
  2026-07-24  LARS  380.4s
  2026-07-25  LARS  393.5s
  2026-07-26  LARS  369.3s
  2026-07-27  LARS  387.7s
  2026-07-28  LARS  384.3s
  2026-07-29  LARS  375.8s
  2026-07-30  LARS  378.7s
  2026-07-31  LARS  367.5s
Observations  : 28992
Invalid preds : 0
MAE           : 10.695
RMSE          : 19.467
Bias          : -0.229
Saved: forecast | runtime | metrics | config  ->  \\iipsrv-file1.iip.kit.edu\synergie\Group_EDM\Moritz\Data\Forecast\Forecast_results\lear_op_results\era5\d112\c5\exaa
finished=2026-08-14T20:29:02+02:00
status=success
