started=2026-08-11T09:19:21+02:00
cwd=C:\Users\mg8285\Documents\DA_Price_Forecasting_Pipeline_DE_LU-main
command=C:\Users\mg8285\Documents\DA_Price_Forecasting_Pipeline_DE_LU-main\forecast\Scripts\python.exe -m pipeline.lear.run_lear operational --config era5_d364_c5_exaa
Number of dropped rows (days): 1
X shape    : (666, 729)
Y shape    : (666, 96)
Date range : 2024-10-03 -> 2026-07-31
  2025-10-01  LassoCV  233.4s
  2025-10-02  LassoCV  218.4s
  2025-10-03  LassoCV  235.4s
  2025-10-04  LassoCV  220.4s
  2025-10-05  LassoCV  218.3s
  2025-10-06  LassoCV  218.2s
  2025-10-07  LassoCV  209.6s
  2025-10-08  LassoCV  211.0s
  2025-10-09  LassoCV  212.3s
  2025-10-10  LassoCV  208.4s
  2025-10-11  LassoCV  222.5s
  2025-10-12  LassoCV  212.5s
  2025-10-13  LassoCV  210.2s
  2025-10-14  LassoCV  212.0s
  2025-10-15  LassoCV  209.7s
  2025-10-16  LassoCV  213.3s
  2025-10-17  LassoCV  220.9s
  2025-10-18  LassoCV  205.3s
  2025-10-19  LassoCV  217.7s
  2025-10-20  LassoCV  225.7s
  2025-10-21  LassoCV  203.4s
  2025-10-22  LassoCV  218.6s
  2025-10-23  LassoCV  223.1s
  2025-10-24  LassoCV  225.5s
  2025-10-25  LassoCV  230.6s
  2025-10-26  LassoCV  220.5s
  2025-10-27  LassoCV  218.3s
  2025-10-28  LassoCV  220.2s
  2025-10-29  LassoCV  212.0s
  2025-10-30  LassoCV  202.7s
  2025-10-31  LassoCV  204.8s
  2025-11-01  LassoCV  191.4s
  2025-11-02  LassoCV  208.5s
  2025-11-03  LassoCV  189.3s
  2025-11-04  LassoCV  199.3s
  2025-11-05  LassoCV  198.4s
  2025-11-06  LassoCV  199.4s
  2025-11-07  LassoCV  212.5s
  2025-11-08  LassoCV  210.1s
  2025-11-09  LassoCV  202.1s
  2025-11-10  LassoCV  215.7s
  2025-11-11  LassoCV  211.1s
  2025-11-12  LassoCV  206.2s
  2025-11-13  LassoCV  205.4s
  2025-11-14  LassoCV  204.8s
  2025-11-15  LassoCV  202.0s
  2025-11-16  LassoCV  213.0s
  2025-11-17  LassoCV  211.5s
  2025-11-18  LassoCV  187.6s
  2025-11-19  LassoCV  207.7s
  2025-11-20  LassoCV  207.4s
  2025-11-21  LassoCV  211.7s
  2025-11-22  LassoCV  216.4s
  2025-11-23  LassoCV  216.9s
  2025-11-24  LassoCV  214.8s
  2025-11-25  LassoCV  201.8s
  2025-11-26  LassoCV  216.0s
  2025-11-27  LassoCV  202.4s
  2025-11-28  LassoCV  205.0s
  2025-11-29  LassoCV  223.6s
  2025-11-30  LassoCV  217.6s
  2025-12-01  LassoCV  208.7s
  2025-12-02  LassoCV  202.9s
  2025-12-03  LassoCV  182.6s
  2025-12-04  LassoCV  184.5s
  2025-12-05  LassoCV  196.8s
  2025-12-06  LassoCV  195.0s
  2025-12-07  LassoCV  200.5s
  2025-12-08  LassoCV  203.4s
  2025-12-09  LassoCV  200.6s
  2025-12-10  LassoCV  192.3s
  2025-12-11  LassoCV  195.8s
  2025-12-12  LassoCV  199.4s
  2025-12-13  LassoCV  206.1s
  2025-12-14  LassoCV  202.9s
  2025-12-15  LassoCV  207.1s
  2025-12-16  LassoCV  203.1s
  2025-12-17  LassoCV  200.1s
  2025-12-18  LassoCV  210.7s
  2025-12-19  LassoCV  206.2s
  2025-12-20  LassoCV  211.9s
  2025-12-21  LassoCV  206.4s
  2025-12-22  LassoCV  199.4s
  2025-12-23  LassoCV  204.6s
  2025-12-24  LassoCV  203.0s
  2025-12-25  LassoCV  203.8s
  2025-12-26  LassoCV  211.9s
  2025-12-27  LassoCV  201.7s
  2025-12-28  LassoCV  203.7s
  2025-12-29  LassoCV  202.4s
  2025-12-30  LassoCV  201.5s
  2025-12-31  LassoCV  211.7s
  2026-01-01  LassoCV  206.5s
  2026-01-02  LassoCV  209.6s
  2026-01-03  LassoCV  205.6s
  2026-01-04  LassoCV  197.6s
  2026-01-05  LassoCV  205.9s
  2026-01-06  LassoCV  209.6s
  2026-01-07  LassoCV  211.1s
  2026-01-08  LassoCV  210.8s
  2026-01-09  LassoCV  208.0s
  2026-01-10  LassoCV  209.7s
  2026-01-11  LassoCV  203.9s
  2026-01-12  LassoCV  208.2s
  2026-01-13  LassoCV  209.9s
  2026-01-14  LassoCV  204.7s
  2026-01-15  LassoCV  205.6s
  2026-01-16  LassoCV  204.9s
  2026-01-17  LassoCV  207.3s
  2026-01-18  LassoCV  210.4s
  2026-01-19  LassoCV  216.2s
  2026-01-20  LassoCV  212.3s
  2026-01-21  LassoCV  211.9s
  2026-01-23  LassoCV  214.5s
  2026-01-24  LassoCV  214.7s
  2026-01-25  LassoCV  215.0s
  2026-01-26  LassoCV  217.7s
  2026-01-27  LassoCV  212.2s
  2026-01-28  LassoCV  220.5s
  2026-01-29  LassoCV  211.2s
  2026-01-30  LassoCV  216.6s
  2026-01-31  LassoCV  221.2s
  2026-02-01  LassoCV  212.0s
  2026-02-02  LassoCV  215.8s
  2026-02-03  LassoCV  216.2s
  2026-02-04  LassoCV  224.6s
  2026-02-05  LassoCV  218.3s
  2026-02-06  LassoCV  215.5s
  2026-02-07  LassoCV  218.1s
  2026-02-08  LassoCV  225.1s
  2026-02-09  LassoCV  224.2s
  2026-02-10  LassoCV  219.9s
  2026-02-11  LassoCV  223.0s
  2026-02-12  LassoCV  218.1s
  2026-02-13  LassoCV  222.9s
  2026-02-14  LassoCV  232.1s
  2026-02-15  LassoCV  227.6s
  2026-02-16  LassoCV  232.8s
  2026-02-17  LassoCV  232.1s
  2026-02-18  LassoCV  229.4s
  2026-02-19  LassoCV  223.7s
  2026-02-20  LassoCV  220.7s
  2026-02-21  LassoCV  228.5s
  2026-02-22  LassoCV  226.5s
  2026-02-23  LassoCV  223.5s
  2026-02-24  LassoCV  219.4s
  2026-02-25  LassoCV  231.8s
  2026-02-26  LassoCV  222.7s
  2026-02-27  LassoCV  225.7s
  2026-02-28  LassoCV  224.2s
  2026-03-01  LassoCV  227.8s
  2026-03-02  LassoCV  225.6s
  2026-03-03  LassoCV  232.4s
  2026-03-04  LassoCV  235.4s
  2026-03-05  LassoCV  224.0s
  2026-03-06  LassoCV  227.1s
  2026-03-07  LassoCV  235.4s
  2026-03-08  LassoCV  231.4s
  2026-03-09  LassoCV  230.8s
  2026-03-10  LassoCV  226.8s
  2026-03-11  LassoCV  218.3s
  2026-03-12  LassoCV  233.5s
  2026-03-13  LassoCV  228.8s
  2026-03-14  LassoCV  230.1s
  2026-03-15  LassoCV  219.8s
  2026-03-16  LassoCV  228.8s
  2026-03-17  LassoCV  230.3s
  2026-03-18  LassoCV  224.1s
  2026-03-19  LassoCV  229.2s
  2026-03-20  LassoCV  220.3s
  2026-03-21  LassoCV  226.3s
  2026-03-22  LassoCV  225.1s
  2026-03-23  LassoCV  228.3s
  2026-03-24  LassoCV  228.8s
  2026-03-25  LassoCV  234.0s
  2026-03-26  LassoCV  225.9s
  2026-03-27  LassoCV  229.9s
  2026-03-28  LassoCV  229.0s
  2026-03-29  LassoCV  235.4s
  2026-03-30  LassoCV  230.0s
  2026-03-31  LassoCV  232.1s
  2026-04-01  LassoCV  231.9s
  2026-04-02  LassoCV  231.7s
  2026-04-03  LassoCV  231.8s
  2026-04-04  LassoCV  228.2s
  2026-04-05  LassoCV  228.7s
  2026-04-06  LassoCV  225.6s
  2026-04-07  LassoCV  230.1s
  2026-04-08  LassoCV  230.4s
  2026-04-09  LassoCV  234.2s
  2026-04-10  LassoCV  227.5s
  2026-04-11  LassoCV  227.6s
  2026-04-12  LassoCV  227.1s
  2026-04-13  LassoCV  226.9s
  2026-04-14  LassoCV  230.0s
  2026-04-15  LassoCV  224.3s
  2026-04-16  LassoCV  226.2s
  2026-04-17  LassoCV  229.1s
  2026-04-18  LassoCV  229.1s
  2026-04-19  LassoCV  235.4s
  2026-04-20  LassoCV  218.2s
  2026-04-21  LassoCV  226.3s
  2026-04-22  LassoCV  219.5s
  2026-04-23  LassoCV  227.6s
  2026-04-24  LassoCV  226.6s
  2026-04-25  LassoCV  218.5s
  2026-04-26  LassoCV  209.5s
  2026-04-27  LassoCV  214.4s
  2026-04-28  LassoCV  213.7s
  2026-04-29  LassoCV  212.8s
  2026-04-30  LassoCV  217.9s
  2026-05-01  LassoCV  210.8s
  2026-05-02  LassoCV  212.0s
  2026-05-03  LassoCV  219.4s
  2026-05-04  LassoCV  220.3s
  2026-05-05  LassoCV  217.5s
  2026-05-06  LassoCV  220.5s
  2026-05-07  LassoCV  217.1s
  2026-05-08  LassoCV  215.5s
  2026-05-09  LassoCV  213.9s
  2026-05-10  LassoCV  210.9s
  2026-05-11  LassoCV  209.0s
  2026-05-12  LassoCV  209.4s
  2026-05-13  LassoCV  208.7s
  2026-05-14  LassoCV  211.4s
  2026-05-15  LassoCV  204.4s
  2026-05-16  LassoCV  210.6s
  2026-05-17  LassoCV  206.4s
  2026-05-18  LassoCV  208.1s
  2026-05-19  LassoCV  203.3s
  2026-05-20  LassoCV  206.7s
  2026-05-21  LassoCV  205.5s
  2026-05-22  LassoCV  202.8s
  2026-05-23  LassoCV  200.1s
  2026-05-24  LassoCV  206.3s
  2026-05-25  LassoCV  207.4s
  2026-05-26  LassoCV  206.0s
  2026-05-27  LassoCV  208.1s
  2026-05-28  LassoCV  200.4s
  2026-05-29  LassoCV  204.6s
  2026-05-30  LassoCV  204.5s
  2026-05-31  LassoCV  199.6s
  2026-06-01  LassoCV  191.4s
  2026-06-02  LassoCV  189.3s
  2026-06-03  LassoCV  206.1s
  2026-06-04  LassoCV  213.6s
  2026-06-05  LassoCV  199.5s
  2026-06-06  LassoCV  194.0s
  2026-06-07  LassoCV  194.6s
  2026-06-08  LassoCV  198.4s
  2026-06-09  LassoCV  195.0s
  2026-06-10  LassoCV  188.6s
  2026-06-11  LassoCV  186.7s
  2026-06-13  LassoCV  197.2s
  2026-06-14  LassoCV  196.5s
  2026-06-15  LassoCV  200.3s
  2026-06-16  LassoCV  197.3s
  2026-06-17  LassoCV  195.0s
  2026-06-18  LassoCV  193.0s
  2026-06-19  LassoCV  192.4s
  2026-06-20  LassoCV  192.1s
  2026-06-21  LassoCV  188.8s
  2026-06-22  LassoCV  187.1s
  2026-06-23  LassoCV  187.1s
  2026-06-24  LassoCV  186.5s
  2026-06-25  LassoCV  189.5s
  2026-06-26  LassoCV  180.7s
  2026-06-27  LassoCV  185.3s
  2026-06-28  LassoCV  188.7s
  2026-06-29  LassoCV  185.5s
  2026-06-30  LassoCV  187.8s
  2026-07-01  LassoCV  178.2s
  2026-07-02  LassoCV  178.4s
  2026-07-03  LassoCV  157.0s
  2026-07-04  LassoCV  174.4s
  2026-07-05  LassoCV  182.2s
  2026-07-06  LassoCV  182.4s
  2026-07-07  LassoCV  184.3s
  2026-07-08  LassoCV  181.5s
  2026-07-09  LassoCV  181.0s
  2026-07-10  LassoCV  183.2s
  2026-07-11  LassoCV  175.2s
  2026-07-12  LassoCV  179.5s
  2026-07-13  LassoCV  179.9s
  2026-07-14  LassoCV  185.6s
  2026-07-15  LassoCV  176.8s
  2026-07-16  LassoCV  180.4s
  2026-07-17  LassoCV  182.0s
  2026-07-18  LassoCV  179.3s
  2026-07-19  LassoCV  186.3s
  2026-07-20  LassoCV  181.5s
  2026-07-21  LassoCV  179.9s
  2026-07-22  LassoCV  182.4s
  2026-07-23  LassoCV  183.1s
  2026-07-24  LassoCV  179.6s
  2026-07-25  LassoCV  181.2s
  2026-07-26  LassoCV  177.3s
  2026-07-27  LassoCV  213.3s
  2026-07-28  LassoCV  226.0s
  2026-07-29  LassoCV  227.3s
  2026-07-30  LassoCV  235.0s
  2026-07-31  LassoCV  234.1s
Observations  : 28992
Invalid preds : 0
MAE           : 10.470
RMSE          : 18.892
Bias          : 0.099
Saved: forecast | runtime | metrics | config  ->  \\iipsrv-file1.iip.kit.edu\synergie\Group_EDM\Moritz\Data\Forecast\Forecast_results\lear_op_results\era5\d364\c5\exaa
finished=2026-08-12T17:27:37+02:00
status=success
