started=2026-08-13T15:41:06+02:00
cwd=C:\Users\mg8285\Documents\DA_Price_Forecasting_Pipeline_DE_LU-main
command=C:\Users\mg8285\Documents\DA_Price_Forecasting_Pipeline_DE_LU-main\forecast\Scripts\python.exe -m pipeline.lear.run_lear operational --config era5_d112_c25_exaa
Number of dropped rows (days): 1
X shape    : (666, 1689)
Y shape    : (666, 96)
Date range : 2024-10-03 -> 2026-07-31
  2025-10-01  LassoCV  188.4s
  2025-10-02  LassoCV  203.1s
  2025-10-03  LassoCV  202.8s
  2025-10-04  LassoCV  218.7s
  2025-10-05  LassoCV  220.7s
  2025-10-06  LassoCV  216.4s
  2025-10-07  LassoCV  227.4s
  2025-10-08  LassoCV  222.1s
  2025-10-09  LassoCV  221.9s
  2025-10-10  LassoCV  227.2s
  2025-10-11  LassoCV  230.0s
  2025-10-12  LassoCV  220.6s
  2025-10-13  LassoCV  227.8s
  2025-10-14  LassoCV  235.6s
  2025-10-15  LassoCV  226.2s
  2025-10-16  LassoCV  224.2s
  2025-10-17  LassoCV  230.1s
  2025-10-18  LassoCV  230.6s
  2025-10-19  LassoCV  231.2s
  2025-10-20  LassoCV  226.8s
  2025-10-21  LassoCV  229.8s
  2025-10-22  LassoCV  227.1s
  2025-10-23  LassoCV  221.1s
  2025-10-24  LassoCV  228.6s
  2025-10-25  LassoCV  236.4s
  2025-10-26  LassoCV  228.1s
  2025-10-27  LassoCV  235.2s
  2025-10-28  LassoCV  229.2s
  2025-10-29  LassoCV  236.4s
  2025-10-30  LassoCV  229.5s
  2025-10-31  LassoCV  235.0s
  2025-11-01  LassoCV  241.5s
  2025-11-02  LassoCV  239.0s
  2025-11-03  LassoCV  236.1s
  2025-11-04  LassoCV  259.9s
  2025-11-05  LassoCV  250.2s
  2025-11-06  LassoCV  285.1s
  2025-11-07  LassoCV  258.1s
  2025-11-08  LassoCV  255.3s
  2025-11-09  LassoCV  265.5s
  2025-11-10  LassoCV  279.6s
  2025-11-11  LassoCV  268.1s
  2025-11-12  LassoCV  267.8s
  2025-11-13  LassoCV  263.1s
  2025-11-14  LassoCV  267.0s
  2025-11-15  LassoCV  269.6s
  2025-11-16  LassoCV  270.6s
  2025-11-17  LassoCV  278.9s
  2025-11-18  LassoCV  277.0s
  2025-11-19  LassoCV  262.1s
  2025-11-20  LassoCV  267.6s
  2025-11-21  LassoCV  270.9s
  2025-11-22  LassoCV  263.1s
  2025-11-23  LassoCV  238.3s
  2025-11-24  LassoCV  240.1s
  2025-11-25  LassoCV  236.1s
  2025-11-26  LassoCV  239.1s
  2025-11-27  LassoCV  247.7s
  2025-11-28  LassoCV  242.2s
  2025-11-29  LassoCV  242.9s
  2025-11-30  LassoCV  242.8s
  2025-12-01  LARS  608.5s
  2025-12-02  LARS  605.6s
  2025-12-03  LARS  615.5s
  2025-12-04  LARS  619.2s
  2025-12-05  LARS  901.4s
  2025-12-06  LARS  943.3s
  2025-12-07  LARS  923.8s
  2025-12-08  LARS  929.9s
  2025-12-09  LARS  1010.6s
  2025-12-10  LARS  1075.6s
  2025-12-11  LARS  1077.5s
  2025-12-12  LARS  1054.5s
  2025-12-13  LARS  1037.8s
  2025-12-14  LARS  1008.3s
  2025-12-15  LARS  1019.8s
  2025-12-16  LARS  1000.3s
  2025-12-17  LARS  1032.1s
  2025-12-18  LARS  1013.8s
  2025-12-19  LARS  1019.1s
  2025-12-20  LARS  1040.3s
  2025-12-21  LARS  1022.4s
  2025-12-22  LARS  1019.9s
  2025-12-23  LARS  1060.8s
  2025-12-24  LARS  1001.4s
  2025-12-25  LARS  1055.8s
  2025-12-26  LARS  986.9s
  2025-12-27  LARS  1025.2s
  2025-12-28  LARS  967.9s
  2025-12-29  LARS  1025.0s
  2025-12-30  LARS  1005.9s
  2025-12-31  LARS  1035.2s
  2026-01-01  LARS  1039.7s
  2026-01-02  LARS  997.1s
  2026-01-03  LARS  1034.7s
  2026-01-04  LARS  1055.9s
  2026-01-05  LARS  1023.1s
  2026-01-06  LARS  1010.4s
  2026-01-07  LARS  1085.1s
  2026-01-08  LARS  1101.1s
  2026-01-09  LARS  1019.6s
  2026-01-10  LARS  1054.7s
  2026-01-11  LARS  1073.4s
  2026-01-12  LARS  1041.2s
  2026-01-13  LARS  1098.3s
  2026-01-14  LARS  1038.7s
  2026-01-15  LARS  1042.6s
  2026-01-16  LARS  1037.0s
  2026-01-17  LARS  1009.7s
  2026-01-18  LARS  914.6s
  2026-01-19  LARS  940.7s
  2026-01-20  LARS  923.9s
  2026-01-21  LARS  903.7s
  2026-01-23  LARS  890.1s
  2026-01-24  LARS  923.7s
  2026-01-25  LARS  885.4s
  2026-01-26  LARS  917.6s
  2026-01-27  LARS  897.3s
  2026-01-28  LARS  878.2s
  2026-01-29  LARS  816.8s
  2026-01-30  LARS  838.8s
  2026-01-31  LARS  845.0s
  2026-02-01  LARS  865.4s
  2026-02-02  LARS  856.4s
  2026-02-03  LARS  856.3s
  2026-02-04  LARS  878.1s
  2026-02-05  LARS  857.6s
  2026-02-06  LARS  829.5s
  2026-02-07  LARS  879.7s
  2026-02-08  LARS  856.1s
  2026-02-09  LARS  862.7s
  2026-02-10  LARS  859.8s
  2026-02-11  LARS  829.1s
  2026-02-12  LARS  852.8s
  2026-02-13  LARS  865.4s
  2026-02-14  LARS  869.6s
  2026-02-15  LARS  864.4s
  2026-02-16  LARS  844.0s
  2026-02-17  LARS  866.5s
  2026-02-18  LARS  868.3s
  2026-02-19  LARS  881.9s
  2026-02-20  LARS  862.2s
  2026-02-21  LARS  871.1s
  2026-02-22  LARS  873.4s
  2026-02-23  LARS  823.5s
  2026-02-24  LARS  884.6s
  2026-02-25  LARS  888.2s
  2026-02-26  LARS  851.2s
  2026-02-27  LARS  867.7s
  2026-02-28  LARS  867.8s
  2026-03-01  LARS  875.3s
  2026-03-02  LARS  866.2s
  2026-03-03  LARS  852.7s
  2026-03-04  LARS  880.1s
  2026-03-05  LARS  860.7s
  2026-03-06  LARS  838.1s
  2026-03-07  LARS  836.6s
  2026-03-08  LARS  791.8s
  2026-03-09  LARS  763.7s
  2026-03-10  LARS  759.0s
  2026-03-11  LARS  763.9s
  2026-03-12  LARS  791.0s
  2026-03-13  LARS  741.0s
  2026-03-14  LARS  760.4s
  2026-03-15  LARS  725.3s
  2026-03-16  LARS  750.2s
  2026-03-17  LARS  728.0s
  2026-03-18  LARS  752.5s
  2026-03-19  LARS  750.8s
  2026-03-20  LARS  718.2s
  2026-03-21  LARS  760.0s
  2026-03-22  LARS  755.3s
  2026-03-23  LARS  741.1s
  2026-03-24  LARS  730.6s
  2026-03-25  LARS  743.3s
  2026-03-26  LARS  733.5s
  2026-03-27  LARS  752.5s
  2026-03-28  LARS  735.6s
  2026-03-29  LARS  720.0s
  2026-03-30  LARS  725.2s
  2026-03-31  LARS  752.8s
  2026-04-01  LARS  738.5s
  2026-04-02  LARS  743.0s
  2026-04-03  LARS  746.0s
  2026-04-04  LARS  753.4s
  2026-04-05  LARS  716.8s
  2026-04-06  LARS  720.7s
  2026-04-07  LARS  747.9s
  2026-04-08  LARS  751.5s
  2026-04-09  LARS  733.9s
  2026-04-10  LARS  745.1s
  2026-04-11  LARS  763.3s
  2026-04-12  LARS  726.2s
  2026-04-13  LARS  734.5s
  2026-04-14  LARS  747.2s
  2026-04-15  LARS  739.3s
  2026-04-16  LARS  723.6s
  2026-04-17  LARS  756.7s
  2026-04-18  LARS  720.9s
  2026-04-19  LARS  759.3s
  2026-04-20  LARS  735.2s
  2026-04-21  LARS  757.3s
  2026-04-22  LARS  696.2s
  2026-04-23  LARS  747.7s
  2026-04-24  LARS  729.3s
  2026-04-25  LARS  731.3s
  2026-04-26  LARS  722.9s
  2026-04-27  LARS  741.4s
  2026-04-28  LARS  740.6s
  2026-04-29  LARS  772.4s
  2026-04-30  LARS  733.8s
  2026-05-01  LARS  757.4s
  2026-05-02  LARS  748.9s
  2026-05-03  LARS  747.2s
  2026-05-04  LARS  725.7s
  2026-05-05  LARS  726.3s
  2026-05-06  LARS  754.4s
  2026-05-07  LARS  739.4s
  2026-05-08  LARS  742.4s
  2026-05-09  LARS  723.9s
  2026-05-10  LARS  733.2s
  2026-05-11  LARS  741.6s
  2026-05-12  LARS  750.3s
  2026-05-13  LARS  740.7s
  2026-05-14  LARS  747.6s
  2026-05-15  LARS  721.6s
  2026-05-16  LARS  729.5s
  2026-05-17  LARS  731.8s
  2026-05-18  LARS  747.0s
  2026-05-19  LARS  735.4s
  2026-05-20  LARS  748.0s
  2026-05-21  LARS  758.4s
  2026-05-22  LARS  731.0s
  2026-05-23  LARS  737.6s
  2026-05-24  LARS  755.7s
  2026-05-25  LARS  729.7s
  2026-05-26  LARS  739.8s
  2026-05-27  LARS  728.6s
  2026-05-28  LARS  736.7s
  2026-05-29  LARS  733.7s
  2026-05-30  LARS  722.2s
  2026-05-31  LARS  723.1s
  2026-06-01  LARS  721.4s
  2026-06-02  LARS  747.4s
  2026-06-03  LARS  711.8s
  2026-06-04  LARS  728.9s
  2026-06-05  LARS  749.5s
  2026-06-06  LARS  750.4s
  2026-06-07  LARS  776.1s
  2026-06-08  LARS  743.3s
  2026-06-09  LARS  752.3s
  2026-06-10  LARS  735.1s
  2026-06-11  LARS  720.6s
  2026-06-13  LARS  714.9s
  2026-06-14  LARS  748.5s
  2026-06-15  LARS  721.3s
  2026-06-16  LARS  744.2s
  2026-06-17  LARS  716.5s
  2026-06-18  LARS  735.9s
  2026-06-19  LARS  733.1s
  2026-06-20  LARS  721.7s
  2026-06-21  LARS  737.2s
  2026-06-22  LARS  730.4s
  2026-06-23  LARS  714.6s
  2026-06-24  LARS  698.5s
  2026-06-25  LARS  734.2s
  2026-06-26  LARS  726.7s
  2026-06-27  LARS  717.8s
  2026-06-28  LARS  746.8s
  2026-06-29  LARS  728.2s
  2026-06-30  LARS  728.4s
  2026-07-01  LARS  714.7s
  2026-07-02  LARS  729.7s
  2026-07-03  LARS  711.8s
  2026-07-04  LARS  708.1s
  2026-07-05  LARS  742.8s
  2026-07-06  LARS  707.9s
  2026-07-07  LARS  742.7s
  2026-07-08  LARS  722.4s
  2026-07-09  LARS  691.2s
  2026-07-10  LARS  720.0s
  2026-07-11  LARS  728.7s
  2026-07-12  LARS  708.1s
  2026-07-13  LARS  708.3s
  2026-07-14  LARS  731.6s
  2026-07-15  LARS  727.0s
  2026-07-16  LARS  703.1s
  2026-07-17  LARS  720.1s
  2026-07-18  LARS  725.0s
  2026-07-19  LARS  734.3s
  2026-07-20  LARS  733.4s
  2026-07-21  LARS  691.6s
  2026-07-22  LARS  737.8s
  2026-07-23  LARS  722.7s
  2026-07-24  LARS  710.2s
  2026-07-25  LARS  740.7s
  2026-07-26  LARS  728.6s
  2026-07-27  LARS  702.3s
  2026-07-28  LARS  712.4s
  2026-07-29  LARS  713.6s
  2026-07-30  LARS  716.8s
  2026-07-31  LARS  711.7s
Observations  : 28992
Invalid preds : 0
MAE           : 10.769
RMSE          : 19.790
Bias          : -0.532
Saved: forecast | runtime | metrics | config  ->  \\iipsrv-file1.iip.kit.edu\synergie\Group_EDM\Moritz\Data\Forecast\Forecast_results\lear_op_results\era5\d112\c25\exaa
finished=2026-08-16T02:09:23+02:00
status=success
