started=2026-08-10T17:39:42+02:00
cwd=C:\Users\mg8285\Documents\DA_Price_Forecasting_Pipeline_DE_LU-main
command=C:\Users\mg8285\Documents\DA_Price_Forecasting_Pipeline_DE_LU-main\forecast\Scripts\python.exe -m pipeline.lear.run_lear operational --config era5_d56_c1_exaa
Number of dropped rows (days): 1
X shape    : (666, 537)
Y shape    : (666, 96)
Date range : 2024-10-03 -> 2026-07-31
  2025-10-01  LassoCV  54.5s
  2025-10-02  LassoCV  56.4s
  2025-10-03  LassoCV  62.2s
  2025-10-04  LassoCV  57.2s
  2025-10-05  LassoCV  56.9s
  2025-10-06  LassoCV  55.4s
  2025-10-07  LassoCV  56.5s
  2025-10-08  LassoCV  55.2s
  2025-10-09  LassoCV  56.2s
  2025-10-10  LassoCV  61.7s
  2025-10-11  LassoCV  59.3s
  2025-10-12  LassoCV  55.5s
  2025-10-13  LassoCV  57.9s
  2025-10-14  LassoCV  56.6s
  2025-10-15  LassoCV  54.4s
  2025-10-16  LassoCV  56.3s
  2025-10-17  LassoCV  59.5s
  2025-10-18  LassoCV  61.1s
  2025-10-19  LassoCV  57.1s
  2025-10-20  LassoCV  58.0s
  2025-10-21  LassoCV  57.2s
  2025-10-22  LassoCV  56.6s
  2025-10-23  LassoCV  54.9s
  2025-10-24  LassoCV  56.7s
  2025-10-25  LassoCV  63.8s
  2025-10-26  LassoCV  57.8s
  2025-10-27  LassoCV  55.4s
  2025-10-28  LassoCV  58.0s
  2025-10-29  LassoCV  57.8s
  2025-10-30  LassoCV  55.4s
  2025-10-31  LassoCV  68.9s
  2025-11-01  LassoCV  72.9s
  2025-11-02  LassoCV  70.9s
  2025-11-03  LassoCV  71.2s
  2025-11-04  LassoCV  70.6s
  2025-11-05  LassoCV  68.9s
  2025-11-06  LassoCV  71.0s
  2025-11-07  LassoCV  72.2s
  2025-11-08  LassoCV  73.2s
  2025-11-09  LassoCV  72.4s
  2025-11-10  LassoCV  71.2s
  2025-11-11  LassoCV  75.8s
  2025-11-12  LassoCV  73.5s
  2025-11-13  LassoCV  71.5s
  2025-11-14  LassoCV  73.5s
  2025-11-15  LassoCV  71.4s
  2025-11-16  LassoCV  71.8s
  2025-11-17  LassoCV  70.7s
  2025-11-18  LassoCV  69.9s
  2025-11-19  LassoCV  71.5s
  2025-11-20  LassoCV  70.9s
  2025-11-21  LassoCV  71.7s
  2025-11-22  LassoCV  71.8s
  2025-11-23  LassoCV  71.4s
  2025-11-24  LassoCV  71.6s
  2025-11-25  LassoCV  72.0s
  2025-11-26  LassoCV  71.5s
  2025-11-27  LassoCV  68.4s
  2025-11-28  LassoCV  71.5s
  2025-11-29  LassoCV  72.3s
  2025-11-30  LassoCV  73.3s
  2025-12-01  LARS  66.4s
  2025-12-02  LARS  64.8s
  2025-12-03  LARS  64.0s
  2025-12-04  LARS  66.5s
  2025-12-05  LARS  64.9s
  2025-12-06  LARS  67.9s
  2025-12-07  LARS  67.5s
  2025-12-08  LARS  67.6s
  2025-12-09  LARS  65.7s
  2025-12-10  LARS  65.7s
  2025-12-11  LARS  65.2s
  2025-12-12  LARS  64.6s
  2025-12-13  LARS  65.2s
  2025-12-14  LARS  66.1s
  2025-12-15  LARS  66.6s
  2025-12-16  LARS  63.7s
  2025-12-17  LARS  63.9s
  2025-12-18  LARS  63.7s
  2025-12-19  LARS  65.1s
  2025-12-20  LARS  63.8s
  2025-12-21  LARS  64.9s
  2025-12-22  LARS  60.5s
  2025-12-23  LARS  63.1s
  2025-12-24  LARS  58.7s
  2025-12-25  LARS  61.9s
  2025-12-26  LARS  55.4s
  2025-12-27  LARS  63.2s
  2025-12-28  LARS  65.0s
  2025-12-29  LARS  63.4s
  2025-12-30  LARS  65.7s
  2025-12-31  LARS  65.0s
  2026-01-01  LARS  64.8s
  2026-01-02  LARS  62.6s
  2026-01-03  LARS  66.0s
  2026-01-04  LARS  62.7s
  2026-01-05  LARS  65.2s
  2026-01-06  LARS  62.5s
  2026-01-07  LARS  61.9s
  2026-01-08  LARS  66.6s
  2026-01-09  LARS  65.2s
  2026-01-10  LARS  64.5s
  2026-01-11  LARS  64.7s
  2026-01-12  LARS  67.7s
  2026-01-13  LARS  66.4s
  2026-01-14  LARS  66.4s
  2026-01-15  LARS  65.6s
  2026-01-16  LARS  67.5s
  2026-01-17  LARS  65.7s
  2026-01-18  LARS  64.8s
  2026-01-19  LARS  63.5s
  2026-01-20  LARS  65.5s
  2026-01-21  LARS  64.4s
  2026-01-23  LARS  64.5s
  2026-01-24  LARS  67.7s
  2026-01-25  LARS  66.7s
  2026-01-26  LARS  63.2s
  2026-01-27  LARS  63.1s
  2026-01-28  LARS  61.5s
  2026-01-29  LARS  62.6s
  2026-01-30  LARS  60.9s
  2026-01-31  LARS  63.2s
  2026-02-01  LARS  67.8s
  2026-02-02  LARS  63.7s
  2026-02-03  LARS  61.3s
  2026-02-04  LARS  61.8s
  2026-02-05  LARS  63.1s
  2026-02-06  LARS  59.4s
  2026-02-07  LARS  62.6s
  2026-02-08  LARS  61.7s
  2026-02-09  LARS  64.5s
  2026-02-10  LARS  63.4s
  2026-02-11  LARS  63.7s
  2026-02-12  LARS  61.9s
  2026-02-13  LARS  63.9s
  2026-02-14  LARS  62.4s
  2026-02-15  LARS  62.1s
  2026-02-16  LARS  63.5s
  2026-02-17  LARS  65.9s
  2026-02-18  LARS  63.9s
  2026-02-19  LARS  62.5s
  2026-02-20  LARS  62.4s
  2026-02-21  LARS  64.3s
  2026-02-22  LARS  61.4s
  2026-02-23  LARS  64.4s
  2026-02-24  LARS  68.3s
  2026-02-25  LARS  61.9s
  2026-02-26  LARS  63.9s
  2026-02-27  LARS  62.5s
  2026-02-28  LARS  64.4s
  2026-03-01  LARS  60.4s
  2026-03-02  LARS  63.3s
  2026-03-03  LARS  67.1s
  2026-03-04  LARS  63.5s
  2026-03-05  LARS  63.2s
  2026-03-06  LARS  63.1s
  2026-03-07  LARS  64.0s
  2026-03-08  LARS  63.2s
  2026-03-09  LARS  63.9s
  2026-03-10  LARS  62.9s
  2026-03-11  LARS  65.4s
  2026-03-12  LARS  62.7s
  2026-03-13  LARS  61.9s
  2026-03-14  LARS  61.8s
  2026-03-15  LARS  62.0s
  2026-03-16  LARS  61.0s
  2026-03-17  LARS  62.6s
  2026-03-18  LARS  62.7s
  2026-03-19  LARS  66.0s
  2026-03-20  LARS  64.5s
  2026-03-21  LARS  62.6s
  2026-03-22  LARS  62.0s
  2026-03-23  LARS  66.3s
  2026-03-24  LARS  63.2s
  2026-03-25  LARS  63.3s
  2026-03-26  LARS  66.7s
  2026-03-27  LARS  65.4s
  2026-03-28  LARS  62.6s
  2026-03-29  LARS  63.1s
  2026-03-30  LARS  63.8s
  2026-03-31  LARS  65.7s
  2026-04-01  LARS  62.5s
  2026-04-02  LARS  67.8s
  2026-04-03  LARS  68.8s
  2026-04-04  LARS  66.4s
  2026-04-05  LARS  63.3s
  2026-04-06  LARS  66.2s
  2026-04-07  LARS  64.4s
  2026-04-08  LARS  67.2s
  2026-04-09  LARS  68.2s
  2026-04-10  LARS  67.3s
  2026-04-11  LARS  61.0s
  2026-04-12  LARS  66.7s
  2026-04-13  LARS  64.3s
  2026-04-14  LARS  65.9s
  2026-04-15  LARS  66.0s
  2026-04-16  LARS  67.5s
  2026-04-17  LARS  67.7s
  2026-04-18  LARS  67.0s
  2026-04-19  LARS  66.5s
  2026-04-20  LARS  65.9s
  2026-04-21  LARS  68.6s
  2026-04-22  LARS  66.8s
  2026-04-23  LARS  67.3s
  2026-04-24  LARS  70.5s
  2026-04-25  LARS  71.6s
  2026-04-26  LARS  65.3s
  2026-04-27  LARS  66.0s
  2026-04-28  LARS  65.4s
  2026-04-29  LARS  65.4s
  2026-04-30  LARS  64.6s
  2026-05-01  LARS  64.5s
  2026-05-02  LARS  71.0s
  2026-05-03  LARS  66.9s
  2026-05-04  LARS  67.3s
  2026-05-05  LARS  67.5s
  2026-05-06  LARS  67.4s
  2026-05-07  LARS  66.1s
  2026-05-08  LARS  66.4s
  2026-05-09  LARS  70.0s
  2026-05-10  LARS  66.4s
  2026-05-11  LARS  66.1s
  2026-05-12  LARS  65.1s
  2026-05-13  LARS  66.0s
  2026-05-14  LARS  65.6s
  2026-05-15  LARS  64.8s
  2026-05-16  LARS  68.4s
  2026-05-17  LARS  68.7s
  2026-05-18  LARS  65.9s
  2026-05-19  LARS  64.7s
  2026-05-20  LARS  66.4s
  2026-05-21  LARS  64.1s
  2026-05-22  LARS  66.5s
  2026-05-23  LARS  68.0s
  2026-05-24  LARS  66.5s
  2026-05-25  LARS  66.2s
  2026-05-26  LARS  65.3s
  2026-05-27  LARS  63.6s
  2026-05-28  LARS  66.5s
  2026-05-29  LARS  64.0s
  2026-05-30  LARS  66.7s
  2026-05-31  LARS  71.4s
  2026-06-01  LARS  64.2s
  2026-06-02  LARS  64.6s
  2026-06-03  LARS  65.1s
  2026-06-04  LARS  65.0s
  2026-06-05  LARS  63.7s
  2026-06-06  LARS  67.3s
  2026-06-07  LARS  65.9s
  2026-06-08  LARS  69.7s
  2026-06-09  LARS  65.7s
  2026-06-10  LARS  64.3s
  2026-06-11  LARS  65.1s
  2026-06-13  LARS  68.2s
  2026-06-14  LARS  64.9s
  2026-06-15  LARS  68.1s
  2026-06-16  LARS  71.4s
  2026-06-17  LARS  66.2s
  2026-06-18  LARS  67.2s
  2026-06-19  LARS  65.0s
  2026-06-20  LARS  68.8s
  2026-06-21  LARS  64.8s
  2026-06-22  LARS  64.7s
  2026-06-23  LARS  65.4s
  2026-06-24  LARS  67.9s
  2026-06-25  LARS  65.4s
  2026-06-26  LARS  66.8s
  2026-06-27  LARS  67.3s
  2026-06-28  LARS  68.1s
  2026-06-29  LARS  67.2s
  2026-06-30  LARS  67.5s
  2026-07-01  LARS  70.3s
  2026-07-02  LARS  65.6s
  2026-07-03  LARS  70.3s
  2026-07-04  LARS  65.1s
  2026-07-05  LARS  68.9s
  2026-07-06  LARS  65.3s
  2026-07-07  LARS  67.8s
  2026-07-08  LARS  67.7s
  2026-07-09  LARS  68.5s
  2026-07-10  LARS  67.1s
  2026-07-11  LARS  66.6s
  2026-07-12  LARS  68.9s
  2026-07-13  LARS  67.9s
  2026-07-14  LARS  65.0s
  2026-07-15  LARS  67.7s
  2026-07-16  LARS  69.7s
  2026-07-17  LARS  64.1s
  2026-07-18  LARS  69.1s
  2026-07-19  LARS  68.0s
  2026-07-20  LARS  68.5s
  2026-07-21  LARS  67.0s
  2026-07-22  LARS  68.0s
  2026-07-23  LARS  63.7s
  2026-07-24  LARS  64.4s
  2026-07-25  LARS  53.7s
  2026-07-26  LARS  52.6s
  2026-07-27  LARS  66.7s
  2026-07-28  LARS  67.4s
  2026-07-29  LARS  69.0s
  2026-07-30  LARS  65.8s
  2026-07-31  LARS  71.2s
Observations  : 28992
Invalid preds : 0
MAE           : 11.422
RMSE          : 20.797
Bias          : -0.053
Saved: forecast | runtime | metrics | config  ->  \\iipsrv-file1.iip.kit.edu\synergie\Group_EDM\Moritz\Data\Forecast\Forecast_results\lear_op_results\era5\d56\c1\exaa
finished=2026-08-10T23:07:35+02:00
status=success
