started=2026-08-13T15:41:25+02:00
cwd=C:\Users\mg8285\Documents\DA_Price_Forecasting_Pipeline_DE_LU-main
command=C:\Users\mg8285\Documents\DA_Price_Forecasting_Pipeline_DE_LU-main\forecast\Scripts\python.exe -m pipeline.lear.run_lear operational --config era5_d112_c25_fundamental
Number of dropped rows (days): 1
X shape    : (666, 1593)
Y shape    : (666, 96)
Date range : 2024-10-03 -> 2026-07-31
  2025-10-01  LassoCV  259.6s
  2025-10-02  LassoCV  271.1s
  2025-10-03  LassoCV  279.8s
  2025-10-04  LassoCV  271.5s
  2025-10-05  LassoCV  274.8s
  2025-10-06  LassoCV  268.8s
  2025-10-07  LassoCV  275.0s
  2025-10-08  LassoCV  272.6s
  2025-10-09  LassoCV  273.5s
  2025-10-10  LassoCV  271.0s
  2025-10-11  LassoCV  279.1s
  2025-10-12  LassoCV  267.2s
  2025-10-13  LassoCV  278.4s
  2025-10-14  LassoCV  265.4s
  2025-10-15  LassoCV  266.6s
  2025-10-16  LassoCV  262.7s
  2025-10-17  LassoCV  273.4s
  2025-10-18  LassoCV  266.5s
  2025-10-19  LassoCV  268.0s
  2025-10-20  LassoCV  260.4s
  2025-10-21  LassoCV  261.6s
  2025-10-22  LassoCV  257.3s
  2025-10-23  LassoCV  262.0s
  2025-10-24  LassoCV  278.5s
  2025-10-25  LassoCV  273.9s
  2025-10-26  LassoCV  274.5s
  2025-10-27  LassoCV  273.4s
  2025-10-28  LassoCV  288.9s
  2025-10-29  LassoCV  292.6s
  2025-10-30  LassoCV  297.5s
  2025-10-31  LassoCV  311.8s
  2025-11-01  LassoCV  290.4s
  2025-11-02  LassoCV  288.4s
  2025-11-03  LassoCV  300.2s
  2025-11-04  LassoCV  298.0s
  2025-11-05  LassoCV  290.6s
  2025-11-06  LassoCV  302.4s
  2025-11-07  LassoCV  297.7s
  2025-11-08  LassoCV  306.2s
  2025-11-09  LassoCV  311.0s
  2025-11-10  LassoCV  304.4s
  2025-11-11  LassoCV  303.4s
  2025-11-12  LassoCV  310.4s
  2025-11-13  LassoCV  314.2s
  2025-11-14  LassoCV  318.2s
  2025-11-15  LassoCV  291.9s
  2025-11-16  LassoCV  284.6s
  2025-11-17  LassoCV  283.4s
  2025-11-18  LassoCV  284.2s
  2025-11-19  LassoCV  276.1s
  2025-11-20  LassoCV  278.2s
  2025-11-21  LassoCV  281.6s
  2025-11-22  LassoCV  275.8s
  2025-11-23  LassoCV  279.5s
  2025-11-24  LassoCV  279.9s
  2025-11-25  LassoCV  286.1s
  2025-11-26  LassoCV  287.8s
  2025-11-27  LassoCV  288.4s
  2025-11-28  LassoCV  284.6s
  2025-11-29  LassoCV  272.3s
  2025-11-30  LassoCV  275.7s
  2025-12-01  LARS  936.0s
  2025-12-02  LARS  943.4s
  2025-12-03  LARS  926.3s
  2025-12-04  LARS  900.8s
  2025-12-05  LARS  1013.0s
  2025-12-06  LARS  1116.6s
  2025-12-07  LARS  1050.5s
  2025-12-08  LARS  1065.9s
  2025-12-09  LARS  1041.4s
  2025-12-10  LARS  1033.4s
  2025-12-11  LARS  1005.4s
  2025-12-12  LARS  1036.9s
  2025-12-13  LARS  1022.7s
  2025-12-14  LARS  1013.0s
  2025-12-15  LARS  1006.2s
  2025-12-16  LARS  985.2s
  2025-12-17  LARS  977.8s
  2025-12-18  LARS  1006.3s
  2025-12-19  LARS  1025.5s
  2025-12-20  LARS  959.0s
  2025-12-21  LARS  1039.0s
  2025-12-22  LARS  985.6s
  2025-12-23  LARS  993.1s
  2025-12-24  LARS  1000.9s
  2025-12-25  LARS  1035.0s
  2025-12-26  LARS  990.1s
  2025-12-27  LARS  1040.7s
  2025-12-28  LARS  1039.2s
  2025-12-29  LARS  1010.4s
  2025-12-30  LARS  1050.8s
  2025-12-31  LARS  1084.8s
  2026-01-01  LARS  992.1s
  2026-01-02  LARS  1020.9s
  2026-01-03  LARS  1064.2s
  2026-01-04  LARS  1093.4s
  2026-01-05  LARS  1009.6s
  2026-01-06  LARS  1040.3s
  2026-01-07  LARS  1085.6s
  2026-01-08  LARS  1045.3s
  2026-01-09  LARS  1076.1s
  2026-01-10  LARS  1036.9s
  2026-01-11  LARS  1038.3s
  2026-01-12  LARS  1066.1s
  2026-01-13  LARS  1019.5s
  2026-01-14  LARS  878.0s
  2026-01-15  LARS  935.0s
  2026-01-16  LARS  889.1s
  2026-01-17  LARS  905.5s
  2026-01-18  LARS  876.7s
  2026-01-19  LARS  895.8s
  2026-01-20  LARS  875.0s
  2026-01-21  LARS  895.0s
  2026-01-23  LARS  865.2s
  2026-01-24  LARS  881.8s
  2026-01-25  LARS  810.5s
  2026-01-26  LARS  825.5s
  2026-01-27  LARS  837.2s
  2026-01-28  LARS  835.3s
  2026-01-29  LARS  832.9s
  2026-01-30  LARS  841.8s
  2026-01-31  LARS  884.2s
  2026-02-01  LARS  857.0s
  2026-02-02  LARS  843.3s
  2026-02-03  LARS  862.0s
  2026-02-04  LARS  859.7s
  2026-02-05  LARS  849.9s
  2026-02-06  LARS  848.4s
  2026-02-07  LARS  853.9s
  2026-02-08  LARS  839.4s
  2026-02-09  LARS  833.2s
  2026-02-10  LARS  839.9s
  2026-02-11  LARS  858.7s
  2026-02-12  LARS  854.5s
  2026-02-13  LARS  845.5s
  2026-02-14  LARS  872.5s
  2026-02-15  LARS  860.3s
  2026-02-16  LARS  851.9s
  2026-02-17  LARS  872.7s
  2026-02-18  LARS  860.5s
  2026-02-19  LARS  843.5s
  2026-02-20  LARS  860.8s
  2026-02-21  LARS  880.4s
  2026-02-22  LARS  854.9s
  2026-02-23  LARS  858.2s
  2026-02-24  LARS  865.6s
  2026-02-25  LARS  841.9s
  2026-02-26  LARS  890.6s
  2026-02-27  LARS  852.4s
  2026-02-28  LARS  860.5s
  2026-03-01  LARS  844.2s
  2026-03-02  LARS  853.6s
  2026-03-03  LARS  852.6s
  2026-03-04  LARS  788.6s
  2026-03-05  LARS  798.7s
  2026-03-06  LARS  738.9s
  2026-03-07  LARS  754.5s
  2026-03-08  LARS  758.3s
  2026-03-09  LARS  774.8s
  2026-03-10  LARS  758.8s
  2026-03-11  LARS  738.9s
  2026-03-12  LARS  728.3s
  2026-03-13  LARS  738.0s
  2026-03-14  LARS  721.0s
  2026-03-15  LARS  739.8s
  2026-03-16  LARS  729.2s
  2026-03-17  LARS  722.6s
  2026-03-18  LARS  750.5s
  2026-03-19  LARS  754.1s
  2026-03-20  LARS  744.4s
  2026-03-21  LARS  723.7s
  2026-03-22  LARS  730.4s
  2026-03-23  LARS  722.2s
  2026-03-24  LARS  739.4s
  2026-03-25  LARS  726.2s
  2026-03-26  LARS  713.0s
  2026-03-27  LARS  733.3s
  2026-03-28  LARS  743.0s
  2026-03-29  LARS  728.0s
  2026-03-30  LARS  738.6s
  2026-03-31  LARS  733.2s
  2026-04-01  LARS  747.2s
  2026-04-02  LARS  720.5s
  2026-04-03  LARS  711.1s
  2026-04-04  LARS  739.2s
  2026-04-05  LARS  745.9s
  2026-04-06  LARS  721.3s
  2026-04-07  LARS  736.4s
  2026-04-08  LARS  746.9s
  2026-04-09  LARS  719.6s
  2026-04-10  LARS  721.4s
  2026-04-11  LARS  741.9s
  2026-04-12  LARS  734.8s
  2026-04-13  LARS  702.3s
  2026-04-14  LARS  751.5s
  2026-04-15  LARS  717.1s
  2026-04-16  LARS  760.0s
  2026-04-17  LARS  734.3s
  2026-04-18  LARS  739.0s
  2026-04-19  LARS  692.4s
  2026-04-20  LARS  731.3s
  2026-04-21  LARS  720.5s
  2026-04-22  LARS  720.8s
  2026-04-23  LARS  716.6s
  2026-04-24  LARS  735.9s
  2026-04-25  LARS  734.5s
  2026-04-26  LARS  771.6s
  2026-04-27  LARS  719.9s
  2026-04-28  LARS  761.2s
  2026-04-29  LARS  731.7s
  2026-04-30  LARS  742.7s
  2026-05-01  LARS  708.9s
  2026-05-02  LARS  724.3s
  2026-05-03  LARS  740.2s
  2026-05-04  LARS  733.0s
  2026-05-05  LARS  728.2s
  2026-05-06  LARS  729.0s
  2026-05-07  LARS  707.9s
  2026-05-08  LARS  745.1s
  2026-05-09  LARS  747.8s
  2026-05-10  LARS  728.4s
  2026-05-11  LARS  746.2s
  2026-05-12  LARS  699.0s
  2026-05-13  LARS  717.0s
  2026-05-14  LARS  721.3s
  2026-05-15  LARS  730.6s
  2026-05-16  LARS  737.2s
  2026-05-17  LARS  738.8s
  2026-05-18  LARS  733.9s
  2026-05-19  LARS  746.2s
  2026-05-20  LARS  715.6s
  2026-05-21  LARS  756.0s
  2026-05-22  LARS  690.7s
  2026-05-23  LARS  741.6s
  2026-05-24  LARS  724.4s
  2026-05-25  LARS  702.9s
  2026-05-26  LARS  741.3s
  2026-05-27  LARS  705.9s
  2026-05-28  LARS  700.7s
  2026-05-29  LARS  710.6s
  2026-05-30  LARS  728.9s
  2026-05-31  LARS  745.4s
  2026-06-01  LARS  718.8s
  2026-06-02  LARS  715.4s
  2026-06-03  LARS  748.4s
  2026-06-04  LARS  760.1s
  2026-06-05  LARS  759.7s
  2026-06-06  LARS  751.9s
  2026-06-07  LARS  726.0s
  2026-06-08  LARS  725.5s
  2026-06-09  LARS  709.8s
  2026-06-10  LARS  736.5s
  2026-06-11  LARS  731.2s
  2026-06-13  LARS  736.6s
  2026-06-14  LARS  731.5s
  2026-06-15  LARS  706.2s
  2026-06-16  LARS  748.9s
  2026-06-17  LARS  729.5s
  2026-06-18  LARS  728.4s
  2026-06-19  LARS  735.3s
  2026-06-20  LARS  719.1s
  2026-06-21  LARS  705.5s
  2026-06-22  LARS  697.7s
  2026-06-23  LARS  723.9s
  2026-06-24  LARS  714.7s
  2026-06-25  LARS  735.0s
  2026-06-26  LARS  729.3s
  2026-06-27  LARS  728.6s
  2026-06-28  LARS  725.8s
  2026-06-29  LARS  707.4s
  2026-06-30  LARS  728.4s
  2026-07-01  LARS  721.6s
  2026-07-02  LARS  722.6s
  2026-07-03  LARS  735.0s
  2026-07-04  LARS  722.0s
  2026-07-05  LARS  719.7s
  2026-07-06  LARS  710.5s
  2026-07-07  LARS  689.9s
  2026-07-08  LARS  726.3s
  2026-07-09  LARS  734.2s
  2026-07-10  LARS  696.9s
  2026-07-11  LARS  724.5s
  2026-07-12  LARS  726.3s
  2026-07-13  LARS  710.5s
  2026-07-14  LARS  708.2s
  2026-07-15  LARS  719.9s
  2026-07-16  LARS  730.4s
  2026-07-17  LARS  732.3s
  2026-07-18  LARS  731.5s
  2026-07-19  LARS  700.6s
  2026-07-20  LARS  737.9s
  2026-07-21  LARS  708.0s
  2026-07-22  LARS  712.4s
  2026-07-23  LARS  739.8s
  2026-07-24  LARS  725.4s
  2026-07-25  LARS  690.7s
  2026-07-26  LARS  705.7s
  2026-07-27  LARS  716.3s
  2026-07-28  LARS  705.4s
  2026-07-29  LARS  653.3s
  2026-07-30  LARS  430.5s
  2026-07-31  LARS  457.7s
Observations  : 28992
Invalid preds : 0
MAE           : 18.296
RMSE          : 35.364
Bias          : -2.069
Saved: forecast | runtime | metrics | config  ->  \\iipsrv-file1.iip.kit.edu\synergie\Group_EDM\Moritz\Data\Forecast\Forecast_results\lear_op_results\era5\d112\c25\fundamental
finished=2026-08-16T02:26:09+02:00
status=success
