started=2026-08-10T17:35:21+02:00
cwd=C:\Users\mg8285\Documents\DA_Price_Forecasting_Pipeline_DE_LU-main
command=C:\Users\mg8285\Documents\DA_Price_Forecasting_Pipeline_DE_LU-main\forecast\Scripts\python.exe -m pipeline.lear.run_lear operational --config exaa_only_d364
Number of dropped rows (days): 0
X shape    : (675, 96)
Y shape    : (675, 96)
Date range : 2024-09-25 -> 2026-07-31
  2025-10-01  LassoCV  21.5s
  2025-10-02  LassoCV  20.9s
  2025-10-03  LassoCV  22.2s
  2025-10-04  LassoCV  20.8s
  2025-10-05  LassoCV  21.3s
  2025-10-06  LassoCV  20.5s
  2025-10-07  LassoCV  20.6s
  2025-10-08  LassoCV  20.1s
  2025-10-09  LassoCV  21.0s
  2025-10-10  LassoCV  21.9s
  2025-10-11  LassoCV  21.0s
  2025-10-12  LassoCV  20.7s
  2025-10-13  LassoCV  19.7s
  2025-10-14  LassoCV  20.8s
  2025-10-15  LassoCV  20.8s
  2025-10-16  LassoCV  20.1s
  2025-10-17  LassoCV  20.4s
  2025-10-18  LassoCV  23.2s
  2025-10-19  LassoCV  25.4s
  2025-10-20  LassoCV  23.2s
  2025-10-21  LassoCV  21.6s
  2025-10-22  LassoCV  21.9s
  2025-10-23  LassoCV  22.2s
  2025-10-24  LassoCV  21.7s
  2025-10-25  LassoCV  20.4s
  2025-10-26  LassoCV  21.1s
  2025-10-27  LassoCV  21.2s
  2025-10-28  LassoCV  20.8s
  2025-10-29  LassoCV  21.3s
  2025-10-30  LassoCV  21.6s
  2025-10-31  LassoCV  20.3s
  2025-11-01  LassoCV  20.2s
  2025-11-02  LassoCV  20.1s
  2025-11-03  LassoCV  21.1s
  2025-11-04  LassoCV  21.3s
  2025-11-05  LassoCV  21.1s
  2025-11-06  LassoCV  20.7s
  2025-11-07  LassoCV  25.7s
  2025-11-08  LassoCV  26.4s
  2025-11-09  LassoCV  22.2s
  2025-11-10  LassoCV  20.8s
  2025-11-11  LassoCV  22.2s
  2025-11-12  LassoCV  21.6s
  2025-11-13  LassoCV  20.3s
  2025-11-14  LassoCV  21.1s
  2025-11-15  LassoCV  21.2s
  2025-11-16  LassoCV  20.7s
  2025-11-17  LassoCV  21.0s
  2025-11-18  LassoCV  22.0s
  2025-11-19  LassoCV  21.3s
  2025-11-20  LassoCV  20.5s
  2025-11-21  LassoCV  20.3s
  2025-11-22  LassoCV  19.9s
  2025-11-23  LassoCV  20.9s
  2025-11-24  LassoCV  21.2s
  2025-11-25  LassoCV  21.0s
  2025-11-26  LassoCV  21.0s
  2025-11-27  LassoCV  26.3s
  2025-11-28  LassoCV  25.3s
  2025-11-29  LassoCV  22.0s
  2025-11-30  LassoCV  21.3s
  2025-12-01  LassoCV  22.2s
  2025-12-02  LassoCV  21.4s
  2025-12-03  LassoCV  20.5s
  2025-12-04  LassoCV  21.1s
  2025-12-05  LassoCV  21.5s
  2025-12-06  LassoCV  20.7s
  2025-12-07  LassoCV  20.8s
  2025-12-08  LassoCV  22.2s
  2025-12-09  LassoCV  21.3s
  2025-12-10  LassoCV  20.4s
  2025-12-11  LassoCV  20.2s
  2025-12-12  LassoCV  20.5s
  2025-12-13  LassoCV  19.7s
  2025-12-14  LassoCV  20.4s
  2025-12-15  LassoCV  21.5s
  2025-12-16  LassoCV  23.6s
  2025-12-17  LassoCV  27.4s
  2025-12-18  LassoCV  23.6s
  2025-12-19  LassoCV  20.8s
  2025-12-20  LassoCV  22.0s
  2025-12-21  LassoCV  22.5s
  2025-12-22  LassoCV  21.1s
  2025-12-23  LassoCV  21.1s
  2025-12-24  LassoCV  21.8s
  2025-12-25  LassoCV  20.9s
  2025-12-26  LassoCV  21.1s
  2025-12-27  LassoCV  21.9s
  2025-12-28  LassoCV  21.4s
  2025-12-29  LassoCV  20.4s
  2025-12-30  LassoCV  20.3s
  2025-12-31  LassoCV  19.9s
  2026-01-01  LassoCV  22.4s
  2026-01-02  LassoCV  27.1s
  2026-01-03  LassoCV  28.6s
  2026-01-04  LassoCV  29.2s
  2026-01-05  LassoCV  34.4s
  2026-01-06  LassoCV  28.8s
  2026-01-07  LassoCV  27.1s
  2026-01-08  LassoCV  28.1s
  2026-01-09  LassoCV  30.1s
  2026-01-10  LassoCV  27.5s
  2026-01-11  LassoCV  27.4s
  2026-01-12  LassoCV  28.1s
  2026-01-13  LassoCV  27.9s
  2026-01-14  LassoCV  28.9s
  2026-01-15  LassoCV  29.1s
  2026-01-16  LassoCV  27.7s
  2026-01-17  LassoCV  27.5s
  2026-01-18  LassoCV  26.4s
  2026-01-19  LassoCV  28.1s
  2026-01-20  LassoCV  27.6s
  2026-01-21  LassoCV  28.8s
  2026-01-23  LassoCV  26.6s
  2026-01-24  LassoCV  31.2s
  2026-01-25  LassoCV  31.9s
  2026-01-26  LassoCV  29.9s
  2026-01-27  LassoCV  27.6s
  2026-01-28  LassoCV  27.3s
  2026-01-29  LassoCV  28.1s
  2026-01-30  LassoCV  30.3s
  2026-01-31  LassoCV  28.1s
  2026-02-01  LassoCV  28.3s
  2026-02-02  LassoCV  26.7s
  2026-02-03  LassoCV  28.4s
  2026-02-04  LassoCV  29.3s
  2026-02-05  LassoCV  27.1s
  2026-02-06  LassoCV  26.1s
  2026-02-07  LassoCV  26.8s
  2026-02-08  LassoCV  28.8s
  2026-02-09  LassoCV  29.2s
  2026-02-10  LassoCV  27.7s
  2026-02-11  LassoCV  29.7s
  2026-02-12  LassoCV  30.7s
  2026-02-13  LassoCV  31.3s
  2026-02-14  LassoCV  29.2s
  2026-02-15  LassoCV  28.7s
  2026-02-16  LassoCV  28.3s
  2026-02-17  LassoCV  28.3s
  2026-02-18  LassoCV  28.9s
  2026-02-19  LassoCV  28.6s
  2026-02-20  LassoCV  28.7s
  2026-02-21  LassoCV  26.4s
  2026-02-22  LassoCV  29.2s
  2026-02-23  LassoCV  28.6s
  2026-02-24  LassoCV  27.1s
  2026-02-25  LassoCV  26.4s
  2026-02-26  LassoCV  29.3s
  2026-02-27  LassoCV  26.7s
  2026-02-28  LassoCV  28.8s
  2026-03-01  LassoCV  29.6s
  2026-03-02  LassoCV  31.0s
  2026-03-03  LassoCV  29.2s
  2026-03-04  LassoCV  28.8s
  2026-03-05  LassoCV  28.7s
  2026-03-06  LassoCV  29.0s
  2026-03-07  LassoCV  28.3s
  2026-03-08  LassoCV  28.7s
  2026-03-09  LassoCV  28.6s
  2026-03-10  LassoCV  29.5s
  2026-03-11  LassoCV  29.9s
  2026-03-12  LassoCV  28.2s
  2026-03-13  LassoCV  26.9s
  2026-03-14  LassoCV  29.2s
  2026-03-15  LassoCV  25.8s
  2026-03-16  LassoCV  28.0s
  2026-03-17  LassoCV  27.7s
  2026-03-18  LassoCV  29.0s
  2026-03-19  LassoCV  32.4s
  2026-03-20  LassoCV  30.1s
  2026-03-21  LassoCV  27.9s
  2026-03-22  LassoCV  29.1s
  2026-03-23  LassoCV  28.6s
  2026-03-24  LassoCV  29.1s
  2026-03-25  LassoCV  27.0s
  2026-03-26  LassoCV  28.8s
  2026-03-27  LassoCV  29.2s
  2026-03-28  LassoCV  27.7s
  2026-03-29  LassoCV  28.4s
  2026-03-30  LassoCV  27.0s
  2026-03-31  LassoCV  27.1s
  2026-04-01  LassoCV  26.8s
  2026-04-02  LassoCV  27.9s
  2026-04-03  LassoCV  26.8s
  2026-04-04  LassoCV  27.1s
  2026-04-05  LassoCV  31.1s
  2026-04-06  LassoCV  31.5s
  2026-04-07  LassoCV  29.7s
  2026-04-08  LassoCV  28.6s
  2026-04-09  LassoCV  25.7s
  2026-04-10  LassoCV  28.7s
  2026-04-11  LassoCV  28.0s
  2026-04-12  LassoCV  27.3s
  2026-04-13  LassoCV  27.7s
  2026-04-14  LassoCV  27.3s
  2026-04-15  LassoCV  28.5s
  2026-04-16  LassoCV  27.6s
  2026-04-17  LassoCV  27.3s
  2026-04-18  LassoCV  25.9s
  2026-04-19  LassoCV  27.5s
  2026-04-20  LassoCV  26.7s
  2026-04-21  LassoCV  27.2s
  2026-04-22  LassoCV  25.9s
  2026-04-23  LassoCV  28.3s
  2026-04-24  LassoCV  30.5s
  2026-04-25  LassoCV  29.0s
  2026-04-26  LassoCV  27.1s
  2026-04-27  LassoCV  28.0s
  2026-04-28  LassoCV  27.2s
  2026-04-29  LassoCV  27.8s
  2026-04-30  LassoCV  28.4s
  2026-05-01  LassoCV  27.4s
  2026-05-02  LassoCV  26.8s
  2026-05-03  LassoCV  28.3s
  2026-05-04  LassoCV  26.9s
  2026-05-05  LassoCV  27.7s
  2026-05-06  LassoCV  27.0s
  2026-05-07  LassoCV  26.2s
  2026-05-08  LassoCV  26.8s
  2026-05-09  LassoCV  27.6s
  2026-05-10  LassoCV  24.9s
  2026-05-11  LassoCV  26.4s
  2026-05-12  LassoCV  30.5s
  2026-05-13  LassoCV  27.8s
  2026-05-14  LassoCV  24.8s
  2026-05-15  LassoCV  24.9s
  2026-05-16  LassoCV  26.0s
  2026-05-17  LassoCV  26.7s
  2026-05-18  LassoCV  24.8s
  2026-05-19  LassoCV  22.3s
  2026-05-20  LassoCV  24.0s
  2026-05-21  LassoCV  25.7s
  2026-05-22  LassoCV  26.6s
  2026-05-23  LassoCV  27.1s
  2026-05-24  LassoCV  26.9s
  2026-05-25  LassoCV  26.9s
  2026-05-26  LassoCV  25.9s
  2026-05-27  LassoCV  26.6s
  2026-05-28  LassoCV  26.0s
  2026-05-29  LassoCV  25.3s
  2026-05-30  LassoCV  27.4s
  2026-05-31  LassoCV  30.1s
  2026-06-01  LassoCV  29.0s
  2026-06-02  LassoCV  28.5s
  2026-06-03  LassoCV  28.7s
  2026-06-04  LassoCV  27.8s
  2026-06-05  LassoCV  27.4s
  2026-06-06  LassoCV  25.5s
  2026-06-07  LassoCV  26.3s
  2026-06-08  LassoCV  25.5s
  2026-06-09  LassoCV  26.4s
  2026-06-10  LassoCV  26.0s
  2026-06-11  LassoCV  26.3s
  2026-06-13  LassoCV  27.4s
  2026-06-14  LassoCV  26.0s
  2026-06-15  LassoCV  25.5s
  2026-06-16  LassoCV  26.3s
  2026-06-17  LassoCV  27.8s
  2026-06-18  LassoCV  25.0s
  2026-06-19  LassoCV  26.7s
  2026-06-20  LassoCV  32.0s
  2026-06-21  LassoCV  29.5s
  2026-06-22  LassoCV  27.8s
  2026-06-23  LassoCV  26.7s
  2026-06-24  LassoCV  26.5s
  2026-06-25  LassoCV  27.3s
  2026-06-26  LassoCV  26.0s
  2026-06-27  LassoCV  27.6s
  2026-06-28  LassoCV  25.5s
  2026-06-29  LassoCV  26.0s
  2026-06-30  LassoCV  27.4s
  2026-07-01  LassoCV  26.6s
  2026-07-02  LassoCV  26.3s
  2026-07-03  LassoCV  24.9s
  2026-07-04  LassoCV  25.8s
  2026-07-05  LassoCV  26.8s
  2026-07-06  LassoCV  25.8s
  2026-07-07  LassoCV  25.2s
  2026-07-08  LassoCV  27.8s
  2026-07-09  LassoCV  31.2s
  2026-07-10  LassoCV  28.4s
  2026-07-11  LassoCV  25.7s
  2026-07-12  LassoCV  28.3s
  2026-07-13  LassoCV  28.3s
  2026-07-14  LassoCV  27.2s
  2026-07-15  LassoCV  27.4s
  2026-07-16  LassoCV  26.1s
  2026-07-17  LassoCV  27.5s
  2026-07-18  LassoCV  26.4s
  2026-07-19  LassoCV  25.9s
  2026-07-20  LassoCV  26.0s
  2026-07-21  LassoCV  25.8s
  2026-07-22  LassoCV  27.2s
  2026-07-23  LassoCV  26.7s
  2026-07-24  LassoCV  26.3s
  2026-07-25  LassoCV  27.7s
  2026-07-26  LassoCV  27.9s
  2026-07-27  LassoCV  30.8s
  2026-07-28  LassoCV  28.0s
  2026-07-29  LassoCV  26.0s
  2026-07-30  LassoCV  28.0s
  2026-07-31  LassoCV  25.9s
Observations  : 28992
Invalid preds : 0
MAE           : 10.500
RMSE          : 19.077
Bias          : 0.350
Saved: forecast | runtime | metrics | config  ->  \\iipsrv-file1.iip.kit.edu\synergie\Group_EDM\Moritz\Data\Forecast\Forecast_results\lear_op_results\exaa_only\d364
finished=2026-08-10T19:45:20+02:00
status=success
