started=2026-08-10T13:06:34+02:00
cwd=C:\Users\mg8285\Documents\DA_Price_Forecasting_Pipeline_DE_LU-main
command=C:\Users\mg8285\Documents\DA_Price_Forecasting_Pipeline_DE_LU-main\forecast\Scripts\python.exe -m pipeline.lear.run_lear operational --config exaa_only_d56
Number of dropped rows (days): 0
X shape    : (675, 96)
Y shape    : (675, 96)
Date range : 2024-09-25 -> 2026-07-31
  2025-10-01  LassoCV  10.0s
  2025-10-02  LassoCV  10.7s
  2025-10-03  LassoCV  10.9s
  2025-10-04  LassoCV  10.2s
  2025-10-05  LassoCV  10.1s
  2025-10-06  LassoCV  9.9s
  2025-10-07  LassoCV  10.2s
  2025-10-08  LassoCV  10.1s
  2025-10-09  LassoCV  10.2s
  2025-10-10  LassoCV  10.1s
  2025-10-11  LassoCV  10.6s
  2025-10-12  LassoCV  10.7s
  2025-10-13  LassoCV  11.0s
  2025-10-14  LassoCV  11.2s
  2025-10-15  LassoCV  12.1s
  2025-10-16  LassoCV  15.1s
  2025-10-17  LassoCV  19.5s
  2025-10-18  LassoCV  18.8s
  2025-10-19  LassoCV  17.7s
  2025-10-20  LassoCV  17.5s
  2025-10-21  LassoCV  18.0s
  2025-10-22  LassoCV  17.9s
  2025-10-23  LassoCV  18.5s
  2025-10-24  LassoCV  17.7s
  2025-10-25  LassoCV  17.9s
  2025-10-26  LassoCV  18.2s
  2025-10-27  LassoCV  18.2s
  2025-10-28  LassoCV  17.6s
  2025-10-29  LassoCV  17.9s
  2025-10-30  LassoCV  19.0s
  2025-10-31  LassoCV  18.6s
  2025-11-01  LassoCV  18.2s
  2025-11-02  LassoCV  17.5s
  2025-11-03  LassoCV  17.5s
  2025-11-04  LassoCV  17.3s
  2025-11-05  LassoCV  18.2s
  2025-11-06  LassoCV  18.6s
  2025-11-07  LassoCV  18.5s
  2025-11-08  LassoCV  18.8s
  2025-11-09  LassoCV  19.2s
  2025-11-10  LassoCV  22.7s
  2025-11-11  LassoCV  22.9s
  2025-11-12  LassoCV  22.4s
  2025-11-13  LassoCV  20.1s
  2025-11-14  LassoCV  21.7s
  2025-11-15  LassoCV  20.0s
  2025-11-16  LassoCV  21.5s
  2025-11-17  LassoCV  21.0s
  2025-11-18  LassoCV  20.8s
  2025-11-19  LassoCV  22.1s
  2025-11-20  LassoCV  20.6s
  2025-11-21  LassoCV  22.3s
  2025-11-22  LassoCV  23.7s
  2025-11-23  LassoCV  22.0s
  2025-11-24  LassoCV  20.9s
  2025-11-25  LassoCV  20.3s
  2025-11-26  LassoCV  19.7s
  2025-11-27  LassoCV  19.9s
  2025-11-28  LassoCV  21.2s
  2025-11-29  LassoCV  20.6s
  2025-11-30  LassoCV  21.9s
  2025-12-01  LARS  19.1s
  2025-12-02  LARS  19.8s
  2025-12-03  LARS  17.5s
  2025-12-04  LARS  17.0s
  2025-12-05  LARS  16.8s
  2025-12-06  LARS  16.3s
  2025-12-07  LARS  16.5s
  2025-12-08  LARS  16.5s
  2025-12-09  LARS  16.8s
  2025-12-10  LARS  16.2s
  2025-12-11  LARS  16.4s
  2025-12-12  LARS  16.6s
  2025-12-13  LARS  16.6s
  2025-12-14  LARS  17.5s
  2025-12-15  LARS  16.3s
  2025-12-16  LARS  17.3s
  2025-12-17  LARS  16.9s
  2025-12-18  LARS  15.7s
  2025-12-19  LARS  15.8s
  2025-12-20  LARS  15.9s
  2025-12-21  LARS  15.4s
  2025-12-22  LARS  15.7s
  2025-12-23  LARS  15.6s
  2025-12-24  LARS  16.5s
  2025-12-25  LARS  15.8s
  2025-12-26  LARS  15.8s
  2025-12-27  LARS  15.0s
  2025-12-28  LARS  16.6s
  2025-12-29  LARS  19.7s
  2025-12-30  LARS  19.2s
  2025-12-31  LARS  17.7s
  2026-01-01  LARS  16.6s
  2026-01-02  LARS  17.0s
  2026-01-03  LARS  17.2s
  2026-01-04  LARS  16.8s
  2026-01-05  LARS  16.3s
  2026-01-06  LARS  15.9s
  2026-01-07  LARS  16.9s
  2026-01-08  LARS  16.1s
  2026-01-09  LARS  16.5s
  2026-01-10  LARS  16.7s
  2026-01-11  LARS  17.6s
  2026-01-12  LARS  17.5s
  2026-01-13  LARS  18.2s
  2026-01-14  LARS  17.6s
  2026-01-15  LARS  17.2s
  2026-01-16  LARS  16.5s
  2026-01-17  LARS  16.9s
  2026-01-18  LARS  17.7s
  2026-01-19  LARS  17.3s
  2026-01-20  LARS  17.5s
  2026-01-21  LARS  16.0s
  2026-01-23  LARS  16.7s
  2026-01-24  LARS  21.8s
  2026-01-25  LARS  19.1s
  2026-01-26  LARS  18.4s
  2026-01-27  LARS  16.9s
  2026-01-28  LARS  16.7s
  2026-01-29  LARS  17.7s
  2026-01-30  LARS  17.0s
  2026-01-31  LARS  16.9s
  2026-02-01  LARS  16.7s
  2026-02-02  LARS  16.5s
  2026-02-03  LARS  17.0s
  2026-02-04  LARS  17.1s
  2026-02-05  LARS  17.5s
  2026-02-06  LARS  17.2s
  2026-02-07  LARS  18.3s
  2026-02-08  LARS  18.1s
  2026-02-09  LARS  17.9s
  2026-02-10  LARS  16.7s
  2026-02-11  LARS  17.6s
  2026-02-12  LARS  17.1s
  2026-02-13  LARS  17.9s
  2026-02-14  LARS  17.3s
  2026-02-15  LARS  17.8s
  2026-02-16  LARS  16.9s
  2026-02-17  LARS  19.7s
  2026-02-18  LARS  19.2s
  2026-02-19  LARS  19.3s
  2026-02-20  LARS  19.5s
  2026-02-21  LARS  16.6s
  2026-02-22  LARS  16.8s
  2026-02-23  LARS  16.7s
  2026-02-24  LARS  15.6s
  2026-02-25  LARS  17.2s
  2026-02-26  LARS  16.2s
  2026-02-27  LARS  16.3s
  2026-02-28  LARS  16.8s
  2026-03-01  LARS  17.3s
  2026-03-02  LARS  18.0s
  2026-03-03  LARS  16.8s
  2026-03-04  LARS  17.3s
  2026-03-05  LARS  16.6s
  2026-03-06  LARS  17.0s
  2026-03-07  LARS  16.9s
  2026-03-08  LARS  17.2s
  2026-03-09  LARS  17.0s
  2026-03-10  LARS  17.8s
  2026-03-11  LARS  17.5s
  2026-03-12  LARS  16.6s
  2026-03-13  LARS  16.7s
  2026-03-14  LARS  18.6s
  2026-03-15  LARS  20.6s
  2026-03-16  LARS  19.5s
  2026-03-17  LARS  18.1s
  2026-03-18  LARS  17.4s
  2026-03-19  LARS  17.4s
  2026-03-20  LARS  17.3s
  2026-03-21  LARS  16.7s
  2026-03-22  LARS  17.0s
  2026-03-23  LARS  17.6s
  2026-03-24  LARS  17.4s
  2026-03-25  LARS  17.4s
  2026-03-26  LARS  17.0s
  2026-03-27  LARS  18.8s
  2026-03-28  LARS  17.6s
  2026-03-29  LARS  17.6s
  2026-03-30  LARS  17.3s
  2026-03-31  LARS  16.5s
  2026-04-01  LARS  17.9s
  2026-04-02  LARS  17.3s
  2026-04-03  LARS  17.8s
  2026-04-04  LARS  17.8s
  2026-04-05  LARS  17.1s
  2026-04-06  LARS  19.1s
  2026-04-07  LARS  19.0s
  2026-04-08  LARS  20.0s
  2026-04-09  LARS  19.4s
  2026-04-10  LARS  18.0s
  2026-04-11  LARS  17.7s
  2026-04-12  LARS  18.8s
  2026-04-13  LARS  17.3s
  2026-04-14  LARS  17.1s
  2026-04-15  LARS  18.0s
  2026-04-16  LARS  17.4s
  2026-04-17  LARS  17.3s
  2026-04-18  LARS  17.2s
  2026-04-19  LARS  18.3s
  2026-04-20  LARS  17.3s
  2026-04-21  LARS  17.7s
  2026-04-22  LARS  16.8s
  2026-04-23  LARS  16.3s
  2026-04-24  LARS  16.9s
  2026-04-25  LARS  17.0s
  2026-04-26  LARS  16.9s
  2026-04-27  LARS  17.9s
  2026-04-28  LARS  17.0s
  2026-04-29  LARS  17.0s
  2026-04-30  LARS  16.5s
  2026-05-01  LARS  20.1s
  2026-05-02  LARS  19.9s
  2026-05-03  LARS  18.1s
  2026-05-04  LARS  17.6s
  2026-05-05  LARS  17.3s
  2026-05-06  LARS  18.3s
  2026-05-07  LARS  18.1s
  2026-05-08  LARS  17.7s
  2026-05-09  LARS  17.2s
  2026-05-10  LARS  17.6s
  2026-05-11  LARS  18.6s
  2026-05-12  LARS  18.4s
  2026-05-13  LARS  16.9s
  2026-05-14  LARS  17.4s
  2026-05-15  LARS  17.8s
  2026-05-16  LARS  17.3s
  2026-05-17  LARS  16.6s
  2026-05-18  LARS  16.7s
  2026-05-19  LARS  17.2s
  2026-05-20  LARS  16.7s
  2026-05-21  LARS  16.8s
  2026-05-22  LARS  17.9s
  2026-05-23  LARS  17.1s
  2026-05-24  LARS  18.9s
  2026-05-25  LARS  20.6s
  2026-05-26  LARS  19.5s
  2026-05-27  LARS  19.6s
  2026-05-28  LARS  18.4s
  2026-05-29  LARS  19.0s
  2026-05-30  LARS  18.1s
  2026-05-31  LARS  17.9s
  2026-06-01  LARS  17.0s
  2026-06-02  LARS  16.9s
  2026-06-03  LARS  17.6s
  2026-06-04  LARS  18.5s
  2026-06-05  LARS  17.7s
  2026-06-06  LARS  18.5s
  2026-06-07  LARS  17.6s
  2026-06-08  LARS  18.1s
  2026-06-09  LARS  16.4s
  2026-06-10  LARS  16.7s
  2026-06-11  LARS  17.2s
  2026-06-13  LARS  16.7s
  2026-06-14  LARS  16.8s
  2026-06-15  LARS  16.9s
  2026-06-16  LARS  17.7s
  2026-06-17  LARS  16.2s
  2026-06-18  LARS  21.5s
  2026-06-19  LARS  20.4s
  2026-06-20  LARS  17.9s
  2026-06-21  LARS  17.7s
  2026-06-22  LARS  17.1s
  2026-06-23  LARS  17.6s
  2026-06-24  LARS  17.0s
  2026-06-25  LARS  17.9s
  2026-06-26  LARS  18.0s
  2026-06-27  LARS  18.2s
  2026-06-28  LARS  18.2s
  2026-06-29  LARS  17.8s
  2026-06-30  LARS  18.1s
  2026-07-01  LARS  17.1s
  2026-07-02  LARS  17.8s
  2026-07-03  LARS  18.5s
  2026-07-04  LARS  18.0s
  2026-07-05  LARS  16.8s
  2026-07-06  LARS  17.3s
  2026-07-07  LARS  17.0s
  2026-07-08  LARS  17.6s
  2026-07-09  LARS  18.0s
  2026-07-10  LARS  18.8s
  2026-07-11  LARS  21.6s
  2026-07-12  LARS  20.4s
  2026-07-13  LARS  19.4s
  2026-07-14  LARS  18.9s
  2026-07-15  LARS  18.6s
  2026-07-16  LARS  18.2s
  2026-07-17  LARS  18.1s
  2026-07-18  LARS  18.4s
  2026-07-19  LARS  18.3s
  2026-07-20  LARS  18.0s
  2026-07-21  LARS  17.9s
  2026-07-22  LARS  17.1s
  2026-07-23  LARS  18.5s
  2026-07-24  LARS  18.0s
  2026-07-25  LARS  16.7s
  2026-07-26  LARS  17.5s
  2026-07-27  LARS  17.6s
  2026-07-28  LARS  17.9s
  2026-07-29  LARS  17.3s
  2026-07-30  LARS  17.2s
  2026-07-31  LARS  17.7s
Observations  : 28992
Invalid preds : 0
MAE           : 11.074
RMSE          : 20.052
Bias          : 0.296
Saved: forecast | runtime | metrics | config  ->  \\iipsrv-file1.iip.kit.edu\synergie\Group_EDM\Moritz\Data\Forecast\Forecast_results\lear_op_results\exaa_only\d56
finished=2026-08-10T14:34:49+02:00
status=success
