started=2026-08-10T14:34:49+02:00
cwd=C:\Users\mg8285\Documents\DA_Price_Forecasting_Pipeline_DE_LU-main
command=C:\Users\mg8285\Documents\DA_Price_Forecasting_Pipeline_DE_LU-main\forecast\Scripts\python.exe -m pipeline.lear.run_lear operational --config exaa_only_d112
Number of dropped rows (days): 0
X shape    : (675, 96)
Y shape    : (675, 96)
Date range : 2024-09-25 -> 2026-07-31
  2025-10-01  LassoCV  28.2s
  2025-10-02  LassoCV  29.5s
  2025-10-03  LassoCV  30.8s
  2025-10-04  LassoCV  31.6s
  2025-10-05  LassoCV  28.5s
  2025-10-06  LassoCV  25.5s
  2025-10-07  LassoCV  27.6s
  2025-10-08  LassoCV  28.5s
  2025-10-09  LassoCV  27.4s
  2025-10-10  LassoCV  28.8s
  2025-10-11  LassoCV  26.8s
  2025-10-12  LassoCV  26.2s
  2025-10-13  LassoCV  28.0s
  2025-10-14  LassoCV  29.6s
  2025-10-15  LassoCV  30.4s
  2025-10-16  LassoCV  35.1s
  2025-10-17  LassoCV  31.1s
  2025-10-18  LassoCV  29.5s
  2025-10-19  LassoCV  29.6s
  2025-10-20  LassoCV  30.3s
  2025-10-21  LassoCV  29.7s
  2025-10-22  LassoCV  29.9s
  2025-10-23  LassoCV  31.5s
  2025-10-24  LassoCV  29.8s
  2025-10-25  LassoCV  27.9s
  2025-10-26  LassoCV  28.7s
  2025-10-27  LassoCV  27.4s
  2025-10-28  LassoCV  27.4s
  2025-10-29  LassoCV  29.0s
  2025-10-30  LassoCV  32.0s
  2025-10-31  LassoCV  28.4s
  2025-11-01  LassoCV  28.3s
  2025-11-02  LassoCV  27.1s
  2025-11-03  LassoCV  27.3s
  2025-11-04  LassoCV  26.0s
  2025-11-05  LassoCV  26.7s
  2025-11-06  LassoCV  27.1s
  2025-11-07  LassoCV  29.6s
  2025-11-08  LassoCV  28.6s
  2025-11-09  LassoCV  27.7s
  2025-11-10  LassoCV  27.6s
  2025-11-11  LassoCV  27.8s
  2025-11-12  LassoCV  27.5s
  2025-11-13  LassoCV  30.4s
  2025-11-14  LassoCV  31.5s
  2025-11-15  LassoCV  30.5s
  2025-11-16  LassoCV  29.7s
  2025-11-17  LassoCV  29.0s
  2025-11-18  LassoCV  28.0s
  2025-11-19  LassoCV  28.9s
  2025-11-20  LassoCV  28.1s
  2025-11-21  LassoCV  30.2s
  2025-11-22  LassoCV  28.2s
  2025-11-23  LassoCV  27.6s
  2025-11-24  LassoCV  28.9s
  2025-11-25  LassoCV  28.6s
  2025-11-26  LassoCV  27.4s
  2025-11-27  LassoCV  31.0s
  2025-11-28  LassoCV  31.5s
  2025-11-29  LassoCV  29.1s
  2025-11-30  LassoCV  31.2s
  2025-12-01  LARS  38.4s
  2025-12-02  LARS  36.8s
  2025-12-03  LARS  35.1s
  2025-12-04  LARS  39.1s
  2025-12-05  LARS  35.2s
  2025-12-06  LARS  34.4s
  2025-12-07  LARS  35.3s
  2025-12-08  LARS  34.9s
  2025-12-09  LARS  41.7s
  2025-12-10  LARS  39.7s
  2025-12-11  LARS  36.9s
  2025-12-12  LARS  36.4s
  2025-12-13  LARS  36.3s
  2025-12-14  LARS  35.3s
  2025-12-15  LARS  37.8s
  2025-12-16  LARS  36.2s
  2025-12-17  LARS  35.5s
  2025-12-18  LARS  36.2s
  2025-12-19  LARS  36.0s
  2025-12-20  LARS  42.5s
  2025-12-21  LARS  38.3s
  2025-12-22  LARS  36.4s
  2025-12-23  LARS  37.8s
  2025-12-24  LARS  34.4s
  2025-12-25  LARS  34.1s
  2025-12-26  LARS  36.1s
  2025-12-27  LARS  36.0s
  2025-12-28  LARS  34.8s
  2025-12-29  LARS  32.9s
  2025-12-30  LARS  34.0s
  2025-12-31  LARS  36.9s
  2026-01-01  LARS  43.6s
  2026-01-02  LARS  38.0s
  2026-01-03  LARS  38.1s
  2026-01-04  LARS  35.0s
  2026-01-05  LARS  35.1s
  2026-01-06  LARS  36.6s
  2026-01-07  LARS  36.7s
  2026-01-08  LARS  37.4s
  2026-01-09  LARS  35.4s
  2026-01-10  LARS  36.2s
  2026-01-11  LARS  35.7s
  2026-01-12  LARS  41.8s
  2026-01-13  LARS  39.9s
  2026-01-14  LARS  38.7s
  2026-01-15  LARS  34.4s
  2026-01-16  LARS  36.8s
  2026-01-17  LARS  34.9s
  2026-01-18  LARS  38.8s
  2026-01-19  LARS  39.1s
  2026-01-20  LARS  35.8s
  2026-01-21  LARS  36.4s
  2026-01-23  LARS  36.7s
  2026-01-24  LARS  39.9s
  2026-01-25  LARS  37.5s
  2026-01-26  LARS  37.8s
  2026-01-27  LARS  35.6s
  2026-01-28  LARS  34.6s
  2026-01-29  LARS  37.3s
  2026-01-30  LARS  38.9s
  2026-01-31  LARS  35.7s
  2026-02-01  LARS  35.5s
  2026-02-02  LARS  34.8s
  2026-02-03  LARS  33.8s
  2026-02-04  LARS  38.5s
  2026-02-05  LARS  36.8s
  2026-02-06  LARS  37.6s
  2026-02-07  LARS  33.7s
  2026-02-08  LARS  35.5s
  2026-02-09  LARS  35.0s
  2026-02-10  LARS  38.0s
  2026-02-11  LARS  35.5s
  2026-02-12  LARS  34.1s
  2026-02-13  LARS  35.0s
  2026-02-14  LARS  36.7s
  2026-02-15  LARS  38.0s
  2026-02-16  LARS  42.3s
  2026-02-17  LARS  36.9s
  2026-02-18  LARS  37.2s
  2026-02-19  LARS  36.9s
  2026-02-20  LARS  36.3s
  2026-02-21  LARS  39.5s
  2026-02-22  LARS  38.8s
  2026-02-23  LARS  35.7s
  2026-02-24  LARS  37.7s
  2026-02-25  LARS  36.5s
  2026-02-26  LARS  39.5s
  2026-02-27  LARS  39.7s
  2026-02-28  LARS  39.3s
  2026-03-01  LARS  37.1s
  2026-03-02  LARS  36.0s
  2026-03-03  LARS  34.9s
  2026-03-04  LARS  35.7s
  2026-03-05  LARS  37.1s
  2026-03-06  LARS  36.4s
  2026-03-07  LARS  37.0s
  2026-03-08  LARS  38.0s
  2026-03-09  LARS  40.3s
  2026-03-10  LARS  43.2s
  2026-03-11  LARS  37.1s
  2026-03-12  LARS  36.2s
  2026-03-13  LARS  38.8s
  2026-03-14  LARS  38.2s
  2026-03-15  LARS  39.2s
  2026-03-16  LARS  37.5s
  2026-03-17  LARS  36.2s
  2026-03-18  LARS  37.0s
  2026-03-19  LARS  36.3s
  2026-03-20  LARS  40.3s
  2026-03-21  LARS  40.4s
  2026-03-22  LARS  40.7s
  2026-03-23  LARS  39.4s
  2026-03-24  LARS  39.8s
  2026-03-25  LARS  37.1s
  2026-03-26  LARS  40.3s
  2026-03-27  LARS  39.4s
  2026-03-28  LARS  37.2s
  2026-03-29  LARS  37.1s
  2026-03-30  LARS  40.4s
  2026-03-31  LARS  40.9s
  2026-04-01  LARS  39.7s
  2026-04-02  LARS  39.0s
  2026-04-03  LARS  39.0s
  2026-04-04  LARS  38.7s
  2026-04-05  LARS  38.1s
  2026-04-06  LARS  39.4s
  2026-04-07  LARS  39.6s
  2026-04-08  LARS  39.3s
  2026-04-09  LARS  39.8s
  2026-04-10  LARS  44.1s
  2026-04-11  LARS  42.8s
  2026-04-12  LARS  38.8s
  2026-04-13  LARS  37.2s
  2026-04-14  LARS  39.2s
  2026-04-15  LARS  40.6s
  2026-04-16  LARS  38.9s
  2026-04-17  LARS  37.0s
  2026-04-18  LARS  37.8s
  2026-04-19  LARS  37.1s
  2026-04-20  LARS  40.6s
  2026-04-21  LARS  39.9s
  2026-04-22  LARS  37.1s
  2026-04-23  LARS  35.9s
  2026-04-24  LARS  36.6s
  2026-04-25  LARS  35.5s
  2026-04-26  LARS  36.2s
  2026-04-27  LARS  36.7s
  2026-04-28  LARS  34.1s
  2026-04-29  LARS  35.9s
  2026-04-30  LARS  36.2s
  2026-05-01  LARS  42.7s
  2026-05-02  LARS  41.0s
  2026-05-03  LARS  37.4s
  2026-05-04  LARS  36.6s
  2026-05-05  LARS  38.2s
  2026-05-06  LARS  36.5s
  2026-05-07  LARS  40.4s
  2026-05-08  LARS  39.6s
  2026-05-09  LARS  36.5s
  2026-05-10  LARS  38.8s
  2026-05-11  LARS  37.4s
  2026-05-12  LARS  40.9s
  2026-05-13  LARS  40.4s
  2026-05-14  LARS  38.9s
  2026-05-15  LARS  38.4s
  2026-05-16  LARS  36.4s
  2026-05-17  LARS  37.0s
  2026-05-18  LARS  37.3s
  2026-05-19  LARS  38.7s
  2026-05-20  LARS  37.4s
  2026-05-21  LARS  37.4s
  2026-05-22  LARS  36.1s
  2026-05-23  LARS  41.3s
  2026-05-24  LARS  39.6s
  2026-05-25  LARS  37.2s
  2026-05-26  LARS  38.7s
  2026-05-27  LARS  36.5s
  2026-05-28  LARS  37.3s
  2026-05-29  LARS  34.8s
  2026-05-30  LARS  35.9s
  2026-05-31  LARS  34.4s
  2026-06-01  LARS  36.6s
  2026-06-02  LARS  35.1s
  2026-06-03  LARS  39.3s
  2026-06-04  LARS  41.3s
  2026-06-05  LARS  38.7s
  2026-06-06  LARS  38.5s
  2026-06-07  LARS  37.4s
  2026-06-08  LARS  37.5s
  2026-06-09  LARS  37.1s
  2026-06-10  LARS  35.0s
  2026-06-11  LARS  34.7s
  2026-06-13  LARS  35.8s
  2026-06-14  LARS  36.6s
  2026-06-15  LARS  36.0s
  2026-06-16  LARS  43.4s
  2026-06-17  LARS  37.8s
  2026-06-18  LARS  37.4s
  2026-06-19  LARS  35.5s
  2026-06-20  LARS  36.2s
  2026-06-21  LARS  36.2s
  2026-06-22  LARS  39.1s
  2026-06-23  LARS  37.3s
  2026-06-24  LARS  34.5s
  2026-06-25  LARS  34.8s
  2026-06-26  LARS  35.9s
  2026-06-27  LARS  37.1s
  2026-06-28  LARS  40.1s
  2026-06-29  LARS  39.9s
  2026-06-30  LARS  38.6s
  2026-07-01  LARS  40.6s
  2026-07-02  LARS  37.6s
  2026-07-03  LARS  37.3s
  2026-07-04  LARS  37.9s
  2026-07-05  LARS  36.8s
  2026-07-06  LARS  38.8s
  2026-07-07  LARS  38.2s
  2026-07-08  LARS  45.7s
  2026-07-09  LARS  41.7s
  2026-07-10  LARS  38.2s
  2026-07-11  LARS  37.1s
  2026-07-12  LARS  37.3s
  2026-07-13  LARS  36.7s
  2026-07-14  LARS  37.5s
  2026-07-15  LARS  37.8s
  2026-07-16  LARS  34.6s
  2026-07-17  LARS  35.1s
  2026-07-18  LARS  36.7s
  2026-07-19  LARS  41.5s
  2026-07-20  LARS  39.5s
  2026-07-21  LARS  34.7s
  2026-07-22  LARS  35.5s
  2026-07-23  LARS  36.7s
  2026-07-24  LARS  35.2s
  2026-07-25  LARS  35.9s
  2026-07-26  LARS  38.0s
  2026-07-27  LARS  37.7s
  2026-07-28  LARS  35.9s
  2026-07-29  LARS  37.2s
  2026-07-30  LARS  39.7s
  2026-07-31  LARS  41.1s
Observations  : 28992
Invalid preds : 0
MAE           : 10.460
RMSE          : 18.956
Bias          : 0.255
Saved: forecast | runtime | metrics | config  ->  \\iipsrv-file1.iip.kit.edu\synergie\Group_EDM\Moritz\Data\Forecast\Forecast_results\lear_op_results\exaa_only\d112
finished=2026-08-10T17:35:20+02:00
status=success
