started_at=2026-10-02T10:30:03.213602+02:00
command=C:\Users\mg8285\Documents\DA_Price_Forecasting_Pipeline_DE_LU-main\forecast\Scripts\python.exe run_pipeline.py --fundamental
Target: 2026-10-03T00:00:00+02:00
Submitted point forecast: SQRA dwd_fundamental, q=0.500
Reference LEAR point run: dwd_d56_c5_fundamental
SQRA configuration: dwd_fundamental
Arena quantiles: 0.025, 0.25, 0.5, 0.75, 0.975
Point runs: dwd_d56_c1_fundamental, dwd_d56_c5_fundamental, dwd_d56_c25_fundamental
DWD histories ready for delivery 2026-10-03: C=1, C=5, C=25
Updating prices_da.csv: 2026-10-02 through 2026-10-02
Updating load_forecast.csv: 2026-10-03 through 2026-10-03
Point forecast dwd_d56_c1_fundamental: 2026-08-04..2026-10-03
dwd_d56_c1_fundamental: incomplete feature days detected=1; operational missing-input policy will be applied
dwd_d56_c1_fundamental: skipping 1 historical DWD delivery day(s) with unavailable features: 2026-06-19
  2026-10-03  LARS  33.5s
Point forecast dwd_d56_c5_fundamental: 2026-08-04..2026-10-03
dwd_d56_c5_fundamental: incomplete feature days detected=1; operational missing-input policy will be applied
dwd_d56_c5_fundamental: skipping 1 historical DWD delivery day(s) with unavailable features: 2026-06-19
  2026-10-03  LARS  93.6s
Point forecast dwd_d56_c25_fundamental: 2026-08-04..2026-10-03
dwd_d56_c25_fundamental: incomplete feature days detected=1; operational missing-input policy will be applied
dwd_d56_c25_fundamental: skipping 1 historical DWD delivery day(s) with unavailable features: 2026-06-19
  2026-10-03  LARS  398.0s
2026-10-03
Point payload: DA_Price_Forecasting_Pipeline_DE_LU-main\output\operational\payloads\default\2\latest.json
Quantile payload: DA_Price_Forecasting_Pipeline_DE_LU-main\output\operational\payloads\default\8\latest.json
Energy Arena point: {'submission_id': 74172, 'submission_ids': [74172], 'status': 'pending', 'message': 'Submission stored and will be evaluated once realized prices are available.', 'submitted_at': '2026-10-02T08:39:10.207713Z'}
Energy Arena quantile: {'submission_id': 74173, 'submission_ids': [74173], 'status': 'pending', 'message': 'Submission stored and will be evaluated once realized prices are available.', 'submitted_at': '2026-10-02T08:39:10.331940Z'}
{
  "target_start": "2026-10-03T00:00:00+02:00",
  "point_model": "dwd_fundamental:q0.500",
  "reference_lear_model": "dwd_d56_c5_fundamental",
  "sqra_model": "dwd_fundamental",
  "point_payload": "DA_Price_Forecasting_Pipeline_DE_LU-main\\output\\operational\\payloads\\default\\2\\latest.json",
  "quantile_payload": "DA_Price_Forecasting_Pipeline_DE_LU-main\\output\\operational\\payloads\\default\\8\\latest.json",
  "submissions": {
    "point": {
      "submission_id": 74172,
      "submission_ids": [
        74172
      ],
      "status": "pending",
      "message": "Submission stored and will be evaluated once realized prices are available.",
      "submitted_at": "2026-10-02T08:39:10.207713Z"
    },
    "quantile": {
      "submission_id": 74173,
      "submission_ids": [
        74173
      ],
      "status": "pending",
      "message": "Submission stored and will be evaluated once realized prices are available.",
      "submitted_at": "2026-10-02T08:39:10.331940Z"
    }
  }
}
completed_at=2026-10-02T10:39:10.360887+02:00
status=success
