started_at=2026-09-15T17:38:36.365803+02:00
command=C:\Users\mg8285\Documents\PythonTestGround\DA_Price_Forecasting_Pipeline_DE_LU-main\forecast\Scripts\python.exe run_pipeline --no-submit --target-date 2026-09-15
Target: 2026-09-15T00:00:00+02:00
Submitted point model: dwd_d56_c5_fundamental
SQRA configuration: dwd_fundamental
Arena quantiles: 0.025, 0.25, 0.5, 0.75, 0.975
Point runs: dwd_d56_c1_fundamental, dwd_d56_c5_fundamental, dwd_d56_c25_fundamental
DWD preprocess run=06, C=1, issues=2026-05-21..2026-09-14
failed_at=2026-09-15T17:45:24.253092+02:00
status=failed
Traceback (most recent call last):
  File "C:\Users\mg8285\Documents\PythonTestGround\DA_Price_Forecasting_Pipeline_DE_LU-main\pipeline\operational\runner.py", line 878, in main
    summary = execute_pipeline(
  File "C:\Users\mg8285\Documents\PythonTestGround\DA_Price_Forecasting_Pipeline_DE_LU-main\pipeline\operational\runner.py", line 641, in execute_pipeline
    preprocess_runs(
  File "C:\Users\mg8285\Documents\PythonTestGround\DA_Price_Forecasting_Pipeline_DE_LU-main\pipeline\operational\dwd.py", line 410, in preprocess_runs
    subprocess.run(
  File "C:\Users\mg8285\AppData\Local\Programs\Python\Python39\lib\subprocess.py", line 507, in run
    stdout, stderr = process.communicate(input, timeout=timeout)
  File "C:\Users\mg8285\AppData\Local\Programs\Python\Python39\lib\subprocess.py", line 1126, in communicate
    self.wait()
  File "C:\Users\mg8285\AppData\Local\Programs\Python\Python39\lib\subprocess.py", line 1189, in wait
    return self._wait(timeout=timeout)
  File "C:\Users\mg8285\AppData\Local\Programs\Python\Python39\lib\subprocess.py", line 1470, in _wait
    result = _winapi.WaitForSingleObject(self._handle,
KeyboardInterrupt
